Component: ARM Compiler 5.06 update 6 (build 750) Tool: armlink [4d35ed]

==============================================================================

Section Cross References

    startup_stm32f103xb.o(RESET) refers to startup_stm32f103xb.o(STACK) for __initial_sp
    startup_stm32f103xb.o(RESET) refers to startup_stm32f103xb.o(.text) for Reset_Handler
    startup_stm32f103xb.o(RESET) refers to stm32f1xx_it.o(i.NMI_Handler) for NMI_Handler
    startup_stm32f103xb.o(RESET) refers to stm32f1xx_it.o(i.HardFault_Handler) for HardFault_Handler
    startup_stm32f103xb.o(RESET) refers to stm32f1xx_it.o(i.MemManage_Handler) for MemManage_Handler
    startup_stm32f103xb.o(RESET) refers to stm32f1xx_it.o(i.BusFault_Handler) for BusFault_Handler
    startup_stm32f103xb.o(RESET) refers to stm32f1xx_it.o(i.UsageFault_Handler) for UsageFault_Handler
    startup_stm32f103xb.o(RESET) refers to stm32f1xx_it.o(i.SVC_Handler) for SVC_Handler
    startup_stm32f103xb.o(RESET) refers to stm32f1xx_it.o(i.DebugMon_Handler) for DebugMon_Handler
    startup_stm32f103xb.o(RESET) refers to stm32f1xx_it.o(i.PendSV_Handler) for PendSV_Handler
    startup_stm32f103xb.o(RESET) refers to stm32f1xx_it.o(i.SysTick_Handler) for SysTick_Handler
    startup_stm32f103xb.o(RESET) refers to stm32f1xx_it.o(i.DMA1_Channel1_IRQHandler) for DMA1_Channel1_IRQHandler
    startup_stm32f103xb.o(RESET) refers to stm32f1xx_it.o(i.DMA1_Channel2_IRQHandler) for DMA1_Channel2_IRQHandler
    startup_stm32f103xb.o(RESET) refers to stm32f1xx_it.o(i.DMA1_Channel3_IRQHandler) for DMA1_Channel3_IRQHandler
    startup_stm32f103xb.o(RESET) refers to stm32f1xx_it.o(i.DMA1_Channel6_IRQHandler) for DMA1_Channel6_IRQHandler
    startup_stm32f103xb.o(RESET) refers to stm32f1xx_it.o(i.TIM1_UP_IRQHandler) for TIM1_UP_IRQHandler
    startup_stm32f103xb.o(RESET) refers to stm32f1xx_it.o(i.TIM2_IRQHandler) for TIM2_IRQHandler
    startup_stm32f103xb.o(RESET) refers to stm32f1xx_it.o(i.TIM3_IRQHandler) for TIM3_IRQHandler
    startup_stm32f103xb.o(RESET) refers to stm32f1xx_it.o(i.TIM4_IRQHandler) for TIM4_IRQHandler
    startup_stm32f103xb.o(RESET) refers to stm32f1xx_it.o(i.USART2_IRQHandler) for USART2_IRQHandler
    startup_stm32f103xb.o(RESET) refers to stm32f1xx_it.o(i.USART3_IRQHandler) for USART3_IRQHandler
    startup_stm32f103xb.o(.text) refers to system_stm32f1xx.o(i.SystemInit) for SystemInit
    startup_stm32f103xb.o(.text) refers to entry.o(.ARM.Collect$$$$00000000) for __main
    uart.o(i.console_exe) refers to memcmp.o(.text) for memcmp
    uart.o(i.console_exe) refers to uart.o(i.set_tmp) for set_tmp
    uart.o(i.console_exe) refers to f2d.o(.text) for __aeabi_f2d
    uart.o(i.console_exe) refers to printfa.o(i.__0printf) for __2printf
    uart.o(i.console_exe) refers to tjmst.o(i.BAT_Check) for BAT_Check
    uart.o(i.console_exe) refers to tjmst.o(i.TEMP_Check) for TEMP_Check
    uart.o(i.console_exe) refers to memseta.o(.text) for __aeabi_memclr
    uart.o(i.console_exe) refers to stm32f1xx_hal_uart.o(i.HAL_UART_Receive_DMA) for HAL_UART_Receive_DMA
    uart.o(i.console_exe) refers to tjmst.o(.bss) for RX_BUFF
    uart.o(i.console_exe) refers to main.o(.bss) for huart3
    uart.o(i.get_sbus) refers to uart.o(.bss) for RX
    uart.o(i.set_tmp) refers to ffltui.o(.text) for __aeabi_ui2f
    uart.o(i.set_tmp) refers to fdiv.o(.text) for __aeabi_fdiv
    uart.o(i.set_tmp) refers to f2d.o(.text) for __aeabi_f2d
    uart.o(i.set_tmp) refers to dmul.o(.text) for __aeabi_dmul
    uart.o(i.set_tmp) refers to d2f.o(.text) for __aeabi_d2f
    uart.o(i.set_tmp) refers to main.o(.bss) for ADC_VAL
    ctrl.o(i.ctrl_deck) refers to fdiv.o(.text) for __aeabi_fdiv
    ctrl.o(i.ctrl_deck) refers to cfrcmple.o(.text) for __aeabi_cfrcmple
    ctrl.o(i.ctrl_deck) refers to cfcmple.o(.text) for __aeabi_cfcmple
    ctrl.o(i.ctrl_deck) refers to fmul.o(.text) for __aeabi_fmul
    ctrl.o(i.ctrl_deck) refers to fadd.o(.text) for __aeabi_fadd
    ctrl.o(i.ctrl_deck) refers to ffixui.o(.text) for __aeabi_f2uiz
    ctrl.o(i.ctrl_deck) refers to ctrl.o(.data) for TIM2_MODE
    ctrl.o(i.ctrl_exe) refers to uart.o(i.get_sbus) for get_sbus
    ctrl.o(i.ctrl_exe) refers to ffltui.o(.text) for __aeabi_ui2f
    ctrl.o(i.ctrl_exe) refers to fdiv.o(.text) for __aeabi_fdiv
    ctrl.o(i.ctrl_exe) refers to fmul.o(.text) for __aeabi_fmul
    ctrl.o(i.ctrl_exe) refers to fadd.o(.text) for __aeabi_fsub
    ctrl.o(i.ctrl_exe) refers to ps2.o(i.PS2_ReadData) for PS2_ReadData
    ctrl.o(i.ctrl_exe) refers to ctrl.o(i.get_ml_cnt) for get_ml_cnt
    ctrl.o(i.ctrl_exe) refers to ctrl.o(i.get_ml_vel) for get_ml_vel
    ctrl.o(i.ctrl_exe) refers to pid.o(i.PID_exe) for PID_exe
    ctrl.o(i.ctrl_exe) refers to ctrl.o(i.ctrl_switch_TIM2_Mode) for ctrl_switch_TIM2_Mode
    ctrl.o(i.ctrl_exe) refers to ctrl.o(i.ctrl_motor) for ctrl_motor
    ctrl.o(i.ctrl_exe) refers to ctrl.o(i.ctrl_deck) for ctrl_deck
    ctrl.o(i.ctrl_exe) refers to ctrl.o(i.ctrl_stepper) for ctrl_stepper
[...]
    ..\Drivers\STM32F1xx_HAL_Driver\Src\stm32f1xx_hal_gpio.c 0x00000000   Number         0  stm32f1xx_hal_gpio.o ABSOLUTE
    ..\Drivers\STM32F1xx_HAL_Driver\Src\stm32f1xx_hal_gpio_ex.c 0x00000000   Number         0  stm32f1xx_hal_gpio_ex.o ABSOLUTE
    ..\Drivers\STM32F1xx_HAL_Driver\Src\stm32f1xx_hal_pwr.c 0x00000000   Number         0  stm32f1xx_hal_pwr.o ABSOLUTE
    ..\Drivers\STM32F1xx_HAL_Driver\Src\stm32f1xx_hal_rcc.c 0x00000000   Number         0  stm32f1xx_hal_rcc.o ABSOLUTE
    ..\Drivers\STM32F1xx_HAL_Driver\Src\stm32f1xx_hal_rcc_ex.c 0x00000000   Number         0  stm32f1xx_hal_rcc_ex.o ABSOLUTE
    ..\Drivers\STM32F1xx_HAL_Driver\Src\stm32f1xx_hal_spi.c 0x00000000   Number         0  stm32f1xx_hal_spi.o ABSOLUTE
    ..\Drivers\STM32F1xx_HAL_Driver\Src\stm32f1xx_hal_tim.c 0x00000000   Number         0  stm32f1xx_hal_tim.o ABSOLUTE
    ..\Drivers\STM32F1xx_HAL_Driver\Src\stm32f1xx_hal_tim_ex.c 0x00000000   Number         0  stm32f1xx_hal_tim_ex.o ABSOLUTE
    ..\Drivers\STM32F1xx_HAL_Driver\Src\stm32f1xx_hal_uart.c 0x00000000   Number         0  stm32f1xx_hal_uart.o ABSOLUTE
    ..\Src\main.c                            0x00000000   Number         0  main.o ABSOLUTE
    ..\Src\stm32f1xx_hal_msp.c               0x00000000   Number         0  stm32f1xx_hal_msp.o ABSOLUTE
    ..\Src\stm32f1xx_it.c                    0x00000000   Number         0  stm32f1xx_it.o ABSOLUTE
    ..\Src\system_stm32f1xx.c                0x00000000   Number         0  system_stm32f1xx.o ABSOLUTE
    PID.c                                    0x00000000   Number         0  pid.o ABSOLUTE
    PS2.c                                    0x00000000   Number         0  ps2.o ABSOLUTE
    PS2.c                                    0x00000000   Number         0  ps2.o ABSOLUTE
    TJMst.c                                  0x00000000   Number         0  tjmst.o ABSOLUTE
    TJMst.c                                  0x00000000   Number         0  tjmst.o ABSOLUTE
    cdcmple.s                                0x00000000   Number         0  cdcmple.o ABSOLUTE
    cdrcmple.s                               0x00000000   Number         0  cdrcmple.o ABSOLUTE
    cfcmple.s                                0x00000000   Number         0  cfcmple.o ABSOLUTE
    cfrcmple.s                               0x00000000   Number         0  cfrcmple.o ABSOLUTE
    ctrl.c                                   0x00000000   Number         0  ctrl.o ABSOLUTE
    ctrl.c                                   0x00000000   Number         0  ctrl.o ABSOLUTE
    dc.s                                     0x00000000   Number         0  dc.o ABSOLUTE
    handlers.s                               0x00000000   Number         0  handlers.o ABSOLUTE
    init.s                                   0x00000000   Number         0  init.o ABSOLUTE
    mat.c                                    0x00000000   Number         0  mat.o ABSOLUTE
    mem_mgt.c                                0x00000000   Number         0  mem_mgt.o ABSOLUTE
    slave_server.c                           0x00000000   Number         0  slave_server.o ABSOLUTE
    startup_stm32f103xb.s                    0x00000000   Number         0  startup_stm32f103xb.o ABSOLUTE
    uart.c                                   0x00000000   Number         0  uart.o ABSOLUTE
    uart.c                                   0x00000000   Number         0  uart.o ABSOLUTE
    RESET                                    0x08000000   Section      236  startup_stm32f103xb.o(RESET)
    .ARM.Collect$$$$00000000                 0x080000ec   Section        0  entry.o(.ARM.Collect$$$$00000000)
    .ARM.Collect$$$$00000001                 0x080000ec   Section        4  entry2.o(.ARM.Collect$$$$00000001)
    .ARM.Collect$$$$00000004                 0x080000f0   Section        4  entry5.o(.ARM.Collect$$$$00000004)
    .ARM.Collect$$$$00000008                 0x080000f4   Section        0  entry7b.o(.ARM.Collect$$$$00000008)
    .ARM.Collect$$$$0000000A                 0x080000f4   Section        0  entry8b.o(.ARM.Collect$$$$0000000A)
    .ARM.Collect$$$$0000000B                 0x080000f4   Section        8  entry9a.o(.ARM.Collect$$$$0000000B)
    .ARM.Collect$$$$0000000D                 0x080000fc   Section        0  entry10a.o(.ARM.Collect$$$$0000000D)
    .ARM.Collect$$$$0000000F                 0x080000fc   Section        0  entry11a.o(.ARM.Collect$$$$0000000F)
    .ARM.Collect$$$$00002712                 0x080000fc   Section        4  entry2.o(.ARM.Collect$$$$00002712)
    __lit__00000000                          0x080000fc   Data           4  entry2.o(.ARM.Collect$$$$00002712)
    .text                                    0x08000100   Section       36  startup_stm32f103xb.o(.text)
    .text                                    0x08000124   Section        0  llushr.o(.text)
    .text                                    0x08000144   Section        0  memcpya.o(.text)
    .text                                    0x08000168   Section        0  memseta.o(.text)
    .text                                    0x0800018c   Section        0  memcmp.o(.text)
    .text                                    0x080001a6   Section        0  fadd.o(.text)
    .text                                    0x08000256   Section        0  fmul.o(.text)
    .text                                    0x080002ba   Section        0  fdiv.o(.text)
    .text                                    0x08000336   Section        0  dadd.o(.text)
    .text                                    0x08000484   Section        0  dmul.o(.text)
    .text                                    0x08000568   Section        0  ddiv.o(.text)
    .text                                    0x08000646   Section        0  ffltui.o(.text)
    .text                                    0x08000650   Section        0  dflti.o(.text)
    .text                                    0x08000672   Section        0  ffixui.o(.text)
    .text                                    0x0800069a   Section        0  f2d.o(.text)
    .text                                    0x080006c0   Section       48  cdcmple.o(.text)
    .text                                    0x080006f0   Section       48  cdrcmple.o(.text)
    .text                                    0x08000720   Section        0  d2f.o(.text)
    .text                                    0x08000758   Section       20  cfcmple.o(.text)
    .text                                    0x0800076c   Section       20  cfrcmple.o(.text)
    .text                                    0x08000780   Section        0  uidiv.o(.text)
    .text                                    0x080007ac   Section        0  uldiv.o(.text)
    .text                                    0x0800080e   Section        0  llshl.o(.text)
    .text                                    0x0800082c   Section        0  llsshr.o(.text)
    .text                                    0x08000850   Section        0  fepilogue.o(.text)
    .text                                    0x08000850   Section        0  iusefp.o(.text)
    .text                                    0x080008be   Section        0  depilogue.o(.text)
    .text                                    0x08000978   Section        0  dfixul.o(.text)
    .text                                    0x080009a8   Section       36  init.o(.text)
    i.ADC_ConversionStop_Disable             0x080009cc   Section        0  stm32f1xx_hal_adc.o(i.ADC_ConversionStop_Disable)
    i.ADC_DMAConvCplt                        0x08000a1e   Section        0  stm32f1xx_hal_adc.o(i.ADC_DMAConvCplt)
    i.ADC_DMAError                           0x08000a70   Section        0  stm32f1xx_hal_adc.o(i.ADC_DMAError)
    i.ADC_DMAHalfConvCplt                    0x08000a8e   Section        0  stm32f1xx_hal_adc.o(i.ADC_DMAHalfConvCplt)
    i.ADC_Enable                             0x08000a9c   Section        0  stm32f1xx_hal_adc.o(i.ADC_Enable)
    i.BAT_Check                              0x08000b20   Section        0  tjmst.o(i.BAT_Check)
    i.BusFault_Handler                       0x08000b78   Section        0  stm32f1xx_it.o(i.BusFault_Handler)
    i.DMA1_Channel1_IRQHandler               0x08000b7c   Section        0  stm32f1xx_it.o(i.DMA1_Channel1_IRQHandler)
    i.DMA1_Channel2_IRQHandler               0x08000b8c   Section        0  stm32f1xx_it.o(i.DMA1_Channel2_IRQHandler)
    i.DMA1_Channel3_IRQHandler               0x08000b9c   Section        0  stm32f1xx_it.o(i.DMA1_Channel3_IRQHandler)
    i.DMA1_Channel6_IRQHandler               0x08000bac   Section        0  stm32f1xx_it.o(i.DMA1_Channel6_IRQHandler)
    i.DMA_SetConfig                          0x08000bbc   Section        0  stm32f1xx_hal_dma.o(i.DMA_SetConfig)
    DMA_SetConfig                            0x08000bbd   Thumb Code    44  stm32f1xx_hal_dma.o(i.DMA_SetConfig)
    i.DebugMon_Handler                       0x08000be8   Section        0  stm32f1xx_it.o(i.DebugMon_Handler)
    i.Error_Handler                          0x08000bec   Section        0  main.o(i.Error_Handler)
    i.HAL_ADC_ConfigChannel                  0x08000c20   Section        0  stm32f1xx_hal_adc.o(i.HAL_ADC_ConfigChannel)
    i.HAL_ADC_ConvCpltCallback               0x08000d80   Section        0  stm32f1xx_hal_adc.o(i.HAL_ADC_ConvCpltCallback)
    i.HAL_ADC_ConvHalfCpltCallback           0x08000d82   Section        0  stm32f1xx_hal_adc.o(i.HAL_ADC_ConvHalfCpltCallback)
    i.HAL_ADC_ErrorCallback                  0x08000d84   Section        0  stm32f1xx_hal_adc.o(i.HAL_ADC_ErrorCallback)
    i.HAL_ADC_Init                           0x08000d88   Section        0  stm32f1xx_hal_adc.o(i.HAL_ADC_Init)
    i.HAL_ADC_MspInit                        0x08000ecc   Section        0  stm32f1xx_hal_msp.o(i.HAL_ADC_MspInit)
    i.HAL_ADC_Start_DMA                      0x08000f7c   Section        0  stm32f1xx_hal_adc.o(i.HAL_ADC_Start_DMA)
    i.HAL_DMA_Abort                          0x080010fc   Section        0  stm32f1xx_hal_dma.o(i.HAL_DMA_Abort)
    i.HAL_DMA_Abort_IT                       0x08001154   Section        0  stm32f1xx_hal_dma.o(i.HAL_DMA_Abort_IT)
    i.HAL_DMA_IRQHandler                     0x08001204   Section        0  stm32f1xx_hal_dma.o(i.HAL_DMA_IRQHandler)
    i.HAL_DMA_Init                           0x080013a0   Section        0  stm32f1xx_hal_dma.o(i.HAL_DMA_Init)
    i.HAL_DMA_Start_IT                       0x08001408   Section        0  stm32f1xx_hal_dma.o(i.HAL_DMA_Start_IT)
    i.HAL_GPIO_Init                          0x080014a4   Section        0  stm32f1xx_hal_gpio.o(i.HAL_GPIO_Init)
    i.HAL_GPIO_WritePin                      0x080017c4   Section        0  stm32f1xx_hal_gpio.o(i.HAL_GPIO_WritePin)
    i.HAL_GetTick                            0x080017d0   Section        0  stm32f1xx_hal.o(i.HAL_GetTick)
    i.HAL_IncTick                            0x080017dc   Section        0  stm32f1xx_hal.o(i.HAL_IncTick)
    i.HAL_Init                               0x080017f4   Section        0  stm32f1xx_hal.o(i.HAL_Init)
    i.HAL_InitTick                           0x0800181c   Section        0  stm32f1xx_hal.o(i.HAL_InitTick)
    i.HAL_MspInit                            0x08001868   Section        0  stm32f1xx_hal_msp.o(i.HAL_MspInit)
    i.HAL_NVIC_EnableIRQ                     0x080018bc   Section        0  stm32f1xx_hal_cortex.o(i.HAL_NVIC_EnableIRQ)
    i.HAL_NVIC_SetPriority                   0x080018dc   Section        0  stm32f1xx_hal_cortex.o(i.HAL_NVIC_SetPriority)
    i.HAL_NVIC_SetPriorityGrouping           0x08001958   Section        0  stm32f1xx_hal_cortex.o(i.HAL_NVIC_SetPriorityGrouping)
    i.HAL_RCCEx_PeriphCLKConfig              0x08001980   Section        0  stm32f1xx_hal_rcc_ex.o(i.HAL_RCCEx_PeriphCLKConfig)
    i.HAL_RCC_ClockConfig                    0x08001ab0   Section        0  stm32f1xx_hal_rcc.o(i.HAL_RCC_ClockConfig)
    i.HAL_RCC_GetHCLKFreq                    0x08001c3c   Section        0  stm32f1xx_hal_rcc.o(i.HAL_RCC_GetHCLKFreq)
    i.HAL_RCC_GetPCLK1Freq                   0x08001c48   Section        0  stm32f1xx_hal_rcc.o(i.HAL_RCC_GetPCLK1Freq)
    i.HAL_RCC_GetPCLK2Freq                   0x08001c68   Section        0  stm32f1xx_hal_rcc.o(i.HAL_RCC_GetPCLK2Freq)
    i.HAL_RCC_GetSysClockFreq                0x08001c88   Section        0  stm32f1xx_hal_rcc.o(i.HAL_RCC_GetSysClockFreq)
    i.HAL_RCC_OscConfig                      0x08001d1c   Section        0  stm32f1xx_hal_rcc.o(i.HAL_RCC_OscConfig)
    i.HAL_SPI_Init                           0x08002180   Section        0  stm32f1xx_hal_spi.o(i.HAL_SPI_Init)
    i.HAL_SPI_MspInit                        0x08002208   Section        0  stm32f1xx_hal_msp.o(i.HAL_SPI_MspInit)
    i.HAL_SYSTICK_Config                     0x08002290   Section        0  stm32f1xx_hal_cortex.o(i.HAL_SYSTICK_Config)
    i.HAL_TIMEx_BreakCallback                0x080022c4   Section        0  stm32f1xx_hal_tim_ex.o(i.HAL_TIMEx_BreakCallback)
    i.HAL_TIMEx_CommutCallback               0x080022c6   Section        0  stm32f1xx_hal_tim_ex.o(i.HAL_TIMEx_CommutCallback)
    i.HAL_TIMEx_ConfigBreakDeadTime          0x080022c8   Section        0  stm32f1xx_hal_tim_ex.o(i.HAL_TIMEx_ConfigBreakDeadTime)
    i.HAL_TIMEx_MasterConfigSynchronization  0x0800233c   Section        0  stm32f1xx_hal_tim_ex.o(i.HAL_TIMEx_MasterConfigSynchronization)
    i.HAL_TIM_Base_Start_IT                  0x08002390   Section        0  stm32f1xx_hal_tim.o(i.HAL_TIM_Base_Start_IT)
    i.HAL_TIM_Base_Stop_IT                   0x080023ba   Section        0  stm32f1xx_hal_tim.o(i.HAL_TIM_Base_Stop_IT)
    i.HAL_TIM_Encoder_Init                   0x080023f2   Section        0  stm32f1xx_hal_tim.o(i.HAL_TIM_Encoder_Init)
    i.HAL_TIM_Encoder_MspInit                0x0800249c   Section        0  stm32f1xx_hal_msp.o(i.HAL_TIM_Encoder_MspInit)
    i.HAL_TIM_Encoder_Start                  0x0800259c   Section        0  stm32f1xx_hal_tim.o(i.HAL_TIM_Encoder_Start)
    i.HAL_TIM_IC_CaptureCallback             0x080025ea   Section        0  stm32f1xx_hal_tim.o(i.HAL_TIM_IC_CaptureCallback)
    i.HAL_TIM_IRQHandler                     0x080025ec   Section        0  stm32f1xx_hal_tim.o(i.HAL_TIM_IRQHandler)
    i.HAL_TIM_MspPostInit                    0x08002784   Section        0  stm32f1xx_hal_msp.o(i.HAL_TIM_MspPostInit)
    i.HAL_TIM_OC_DelayElapsedCallback        0x08002814   Section        0  stm32f1xx_hal_tim.o(i.HAL_TIM_OC_DelayElapsedCallback)
    i.HAL_TIM_PWM_ConfigChannel              0x08002816   Section        0  stm32f1xx_hal_tim.o(i.HAL_TIM_PWM_ConfigChannel)
    i.HAL_TIM_PWM_Init                       0x0800291e   Section        0  stm32f1xx_hal_tim.o(i.HAL_TIM_PWM_Init)
    i.HAL_TIM_PWM_MspInit                    0x08002954   Section        0  stm32f1xx_hal_msp.o(i.HAL_TIM_PWM_MspInit)
    i.HAL_TIM_PWM_PulseFinishedCallback      0x080029cc   Section        0  stm32f1xx_hal_tim.o(i.HAL_TIM_PWM_PulseFinishedCallback)
    i.HAL_TIM_PWM_Start                      0x080029d0   Section        0  stm32f1xx_hal_tim.o(i.HAL_TIM_PWM_Start)
    i.HAL_TIM_PeriodElapsedCallback          0x08002a1c   Section        0  stm32f1xx_hal_tim.o(i.HAL_TIM_PeriodElapsedCallback)
    i.HAL_TIM_TriggerCallback                0x08002a1e   Section        0  stm32f1xx_hal_tim.o(i.HAL_TIM_TriggerCallback)
    i.HAL_UART_DMAStop                       0x08002a20   Section        0  stm32f1xx_hal_uart.o(i.HAL_UART_DMAStop)
    i.HAL_UART_ErrorCallback                 0x08002a86   Section        0  stm32f1xx_hal_uart.o(i.HAL_UART_ErrorCallback)
    i.HAL_UART_IRQHandler                    0x08002a88   Section        0  stm32f1xx_hal_uart.o(i.HAL_UART_IRQHandler)
    i.HAL_UART_Init                          0x08002bd4   Section        0  stm32f1xx_hal_uart.o(i.HAL_UART_Init)
    i.HAL_UART_MspInit                       0x08002c48   Section        0  stm32f1xx_hal_msp.o(i.HAL_UART_MspInit)
    i.HAL_UART_Receive_DMA                   0x08002e08   Section        0  stm32f1xx_hal_uart.o(i.HAL_UART_Receive_DMA)
    i.HAL_UART_RxCpltCallback                0x08002ecc   Section        0  stm32f1xx_hal_uart.o(i.HAL_UART_RxCpltCallback)
    i.HAL_UART_RxHalfCpltCallback            0x08002ece   Section        0  stm32f1xx_hal_uart.o(i.HAL_UART_RxHalfCpltCallback)
    i.HAL_UART_Transmit_DMA                  0x08002ed0   Section        0  stm32f1xx_hal_uart.o(i.HAL_UART_Transmit_DMA)
    i.HAL_UART_TxCpltCallback                0x08002f6c   Section        0  stm32f1xx_hal_uart.o(i.HAL_UART_TxCpltCallback)
    i.HAL_UART_TxHalfCpltCallback            0x08002f6e   Section        0  stm32f1xx_hal_uart.o(i.HAL_UART_TxHalfCpltCallback)
    i.HardFault_Handler                      0x08002f70   Section        0  stm32f1xx_it.o(i.HardFault_Handler)
    i.MX_ADC1_Init                           0x08002fac   Section        0  main.o(i.MX_ADC1_Init)
    MX_ADC1_Init                             0x08002fad   Thumb Code   112  main.o(i.MX_ADC1_Init)
    i.MX_DMA_Init                            0x08003024   Section        0  main.o(i.MX_DMA_Init)
    MX_DMA_Init                              0x08003025   Thumb Code    96  main.o(i.MX_DMA_Init)
    i.MX_GPIO_Init                           0x08003088   Section        0  main.o(i.MX_GPIO_Init)
    MX_GPIO_Init                             0x08003089   Thumb Code   266  main.o(i.MX_GPIO_Init)
    i.MX_SPI2_Init                           0x080031a4   Section        0  main.o(i.MX_SPI2_Init)
    MX_SPI2_Init                             0x080031a5   Thumb Code    62  main.o(i.MX_SPI2_Init)
    i.MX_TIM1_Init                           0x080031ec   Section        0  main.o(i.MX_TIM1_Init)
    MX_TIM1_Init                             0x080031ed   Thumb Code   216  main.o(i.MX_TIM1_Init)
    i.MX_TIM2_Init                           0x080032cc   Section        0  main.o(i.MX_TIM2_Init)
    MX_TIM2_Init                             0x080032cd   Thumb Code   136  main.o(i.MX_TIM2_Init)
    i.MX_TIM3_Init                           0x08003358   Section        0  main.o(i.MX_TIM3_Init)
    MX_TIM3_Init                             0x08003359   Thumb Code   108  main.o(i.MX_TIM3_Init)
    i.MX_TIM4_Init                           0x080033cc   Section        0  main.o(i.MX_TIM4_Init)
    MX_TIM4_Init                             0x080033cd   Thumb Code   120  main.o(i.MX_TIM4_Init)
    i.MX_USART2_UART_Init                    0x0800344c   Section        0  main.o(i.MX_USART2_UART_Init)
    MX_USART2_UART_Init                      0x0800344d   Thumb Code    50  main.o(i.MX_USART2_UART_Init)
    i.MX_USART3_UART_Init                    0x0800348c   Section        0  main.o(i.MX_USART3_UART_Init)
    MX_USART3_UART_Init                      0x0800348d   Thumb Code    46  main.o(i.MX_USART3_UART_Init)
    i.MemManage_Handler                      0x080034c4   Section        0  stm32f1xx_it.o(i.MemManage_Handler)
    i.NMI_Handler                            0x080034c8   Section        0  stm32f1xx_it.o(i.NMI_Handler)
    i.PID_Init                               0x080034ca   Section        0  pid.o(i.PID_Init)
    i.PID_RST                                0x080034f2   Section        0  pid.o(i.PID_RST)
    i.PID_exe                                0x08003500   Section        0  pid.o(i.PID_exe)
    i.PS2_ReadData                           0x08003578   Section        0  ps2.o(i.PS2_ReadData)
    i.PS2_WRByte                             0x080035d0   Section        0  ps2.o(i.PS2_WRByte)
    i.PS2_delay_us                           0x08003640   Section        0  ps2.o(i.PS2_delay_us)
    PS2_delay_us                             0x08003641   Thumb Code    22  ps2.o(i.PS2_delay_us)
    i.PendSV_Handler                         0x08003656   Section        0  stm32f1xx_it.o(i.PendSV_Handler)
    i.RCC_Delay                              0x08003658   Section        0  stm32f1xx_hal_rcc.o(i.RCC_Delay)
    RCC_Delay                                0x08003659   Thumb Code    36  stm32f1xx_hal_rcc.o(i.RCC_Delay)
    i.SVC_Handler                            0x08003680   Section        0  stm32f1xx_it.o(i.SVC_Handler)
    i.SysTick_Handler                        0x08003682   Section        0  stm32f1xx_it.o(i.SysTick_Handler)
    i.SystemClock_Config                     0x0800368a   Section        0  main.o(i.SystemClock_Config)
    i.SystemInit                             0x08003710   Section        0  system_stm32f1xx.o(i.SystemInit)
    i.TEMP_Check                             0x08003768   Section        0  tjmst.o(i.TEMP_Check)
    i.TIM1_UP_IRQHandler                     0x080037f8   Section        0  stm32f1xx_it.o(i.TIM1_UP_IRQHandler)
    i.TIM2_IRQHandler                        0x08003824   Section        0  stm32f1xx_it.o(i.TIM2_IRQHandler)
    i.TIM3_IRQHandler                        0x08003834   Section        0  stm32f1xx_it.o(i.TIM3_IRQHandler)
    i.TIM4_IRQHandler                        0x08003850   Section        0  stm32f1xx_it.o(i.TIM4_IRQHandler)
    i.TIM_Base_SetConfig                     0x0800386c   Section        0  stm32f1xx_hal_tim.o(i.TIM_Base_SetConfig)
    i.TIM_CCxChannelCmd                      0x080038e0   Section        0  stm32f1xx_hal_tim.o(i.TIM_CCxChannelCmd)
    i.TIM_OC1_SetConfig                      0x08003904   Section        0  stm32f1xx_hal_tim.o(i.TIM_OC1_SetConfig)
    TIM_OC1_SetConfig                        0x08003905   Thumb Code    90  stm32f1xx_hal_tim.o(i.TIM_OC1_SetConfig)
    i.TIM_OC2_SetConfig                      0x08003964   Section        0  stm32f1xx_hal_tim.o(i.TIM_OC2_SetConfig)
    i.TIM_OC3_SetConfig                      0x080039cc   Section        0  stm32f1xx_hal_tim.o(i.TIM_OC3_SetConfig)
    TIM_OC3_SetConfig                        0x080039cd   Thumb Code    98  stm32f1xx_hal_tim.o(i.TIM_OC3_SetConfig)
    i.TIM_OC4_SetConfig                      0x08003a34   Section        0  stm32f1xx_hal_tim.o(i.TIM_OC4_SetConfig)
    TIM_OC4_SetConfig                        0x08003a35   Thumb Code    68  stm32f1xx_hal_tim.o(i.TIM_OC4_SetConfig)
    i.UART_DMAAbortOnError                   0x08003a7c   Section        0  stm32f1xx_hal_uart.o(i.UART_DMAAbortOnError)
    UART_DMAAbortOnError                     0x08003a7d   Thumb Code    20  stm32f1xx_hal_uart.o(i.UART_DMAAbortOnError)
    i.UART_DMAError                          0x08003a90   Section        0  stm32f1xx_hal_uart.o(i.UART_DMAError)
    UART_DMAError                            0x08003a91   Thumb Code    80  stm32f1xx_hal_uart.o(i.UART_DMAError)
    i.UART_DMAReceiveCplt                    0x08003ae0   Section        0  stm32f1xx_hal_uart.o(i.UART_DMAReceiveCplt)
    UART_DMAReceiveCplt                      0x08003ae1   Thumb Code    70  stm32f1xx_hal_uart.o(i.UART_DMAReceiveCplt)
    i.UART_DMARxHalfCplt                     0x08003b26   Section        0  stm32f1xx_hal_uart.o(i.UART_DMARxHalfCplt)
    UART_DMARxHalfCplt                       0x08003b27   Thumb Code    14  stm32f1xx_hal_uart.o(i.UART_DMARxHalfCplt)
    i.UART_DMATransmitCplt                   0x08003b34   Section        0  stm32f1xx_hal_uart.o(i.UART_DMATransmitCplt)
    UART_DMATransmitCplt                     0x08003b35   Thumb Code    54  stm32f1xx_hal_uart.o(i.UART_DMATransmitCplt)
    i.UART_DMATxHalfCplt                     0x08003b6a   Section        0  stm32f1xx_hal_uart.o(i.UART_DMATxHalfCplt)
    UART_DMATxHalfCplt                       0x08003b6b   Thumb Code    14  stm32f1xx_hal_uart.o(i.UART_DMATxHalfCplt)
    i.UART_EndRxTransfer                     0x08003b78   Section        0  stm32f1xx_hal_uart.o(i.UART_EndRxTransfer)
    UART_EndRxTransfer                       0x08003b79   Thumb Code    32  stm32f1xx_hal_uart.o(i.UART_EndRxTransfer)
    i.UART_EndTransmit_IT                    0x08003b98   Section        0  stm32f1xx_hal_uart.o(i.UART_EndTransmit_IT)
    UART_EndTransmit_IT                      0x08003b99   Thumb Code    32  stm32f1xx_hal_uart.o(i.UART_EndTransmit_IT)
    i.UART_EndTxTransfer                     0x08003bb8   Section        0  stm32f1xx_hal_uart.o(i.UART_EndTxTransfer)
    UART_EndTxTransfer                       0x08003bb9   Thumb Code    20  stm32f1xx_hal_uart.o(i.UART_EndTxTransfer)
    i.UART_Receive_IT                        0x08003bcc   Section        0  stm32f1xx_hal_uart.o(i.UART_Receive_IT)
    UART_Receive_IT                          0x08003bcd   Thumb Code   166  stm32f1xx_hal_uart.o(i.UART_Receive_IT)
    i.UART_SetConfig                         0x08003c74   Section        0  stm32f1xx_hal_uart.o(i.UART_SetConfig)
    UART_SetConfig                           0x08003c75   Thumb Code   412  stm32f1xx_hal_uart.o(i.UART_SetConfig)
    i.UART_Transmit_IT                       0x08003e14   Section        0  stm32f1xx_hal_uart.o(i.UART_Transmit_IT)
    UART_Transmit_IT                         0x08003e15   Thumb Code   104  stm32f1xx_hal_uart.o(i.UART_Transmit_IT)
    i.USART2_IRQHandler                      0x08003e7c   Section        0  stm32f1xx_it.o(i.USART2_IRQHandler)
    i.USART3_IRQHandler                      0x0800407c   Section        0  stm32f1xx_it.o(i.USART3_IRQHandler)
    i.UsageFault_Handler                     0x080040c8   Section        0  stm32f1xx_it.o(i.UsageFault_Handler)
    i.__0printf                              0x080040cc   Section        0  printfa.o(i.__0printf)
    i.__NVIC_GetPriorityGrouping             0x080040ec   Section        0  stm32f1xx_hal_cortex.o(i.__NVIC_GetPriorityGrouping)
    __NVIC_GetPriorityGrouping               0x080040ed   Thumb Code    10  stm32f1xx_hal_cortex.o(i.__NVIC_GetPriorityGrouping)
    i.__NVIC_SetPriority                     0x080040fc   Section        0  stm32f1xx_hal_cortex.o(i.__NVIC_SetPriority)
    __NVIC_SetPriority                       0x080040fd   Thumb Code    32  stm32f1xx_hal_cortex.o(i.__NVIC_SetPriority)
    i.__scatterload_copy                     0x08004124   Section       14  handlers.o(i.__scatterload_copy)
    i.__scatterload_null                     0x08004132   Section        2  handlers.o(i.__scatterload_null)
    i.__scatterload_zeroinit                 0x08004134   Section       14  handlers.o(i.__scatterload_zeroinit)
    i._fp_digits                             0x08004144   Section        0  printfa.o(i._fp_digits)
    _fp_digits                               0x08004145   Thumb Code   366  printfa.o(i._fp_digits)
    i._printf_core                           0x080042c8   Section        0  printfa.o(i._printf_core)
    _printf_core                             0x080042c9   Thumb Code  1744  printfa.o(i._printf_core)
    i._printf_post_padding                   0x080049a4   Section        0  printfa.o(i._printf_post_padding)
    _printf_post_padding                     0x080049a5   Thumb Code    36  printfa.o(i._printf_post_padding)
    i._printf_pre_padding                    0x080049c8   Section        0  printfa.o(i._printf_pre_padding)
    _printf_pre_padding                      0x080049c9   Thumb Code    46  printfa.o(i._printf_pre_padding)
    i.console_exe                            0x080049f8   Section        0  uart.o(i.console_exe)
    i.ctrl_deck                              0x08004ac8   Section        0  ctrl.o(i.ctrl_deck)
    i.ctrl_exe                               0x08004b8c   Section        0  ctrl.o(i.ctrl_exe)
    i.ctrl_init                              0x08004e38   Section        0  ctrl.o(i.ctrl_init)
    i.ctrl_motor                             0x08004e70   Section        0  ctrl.o(i.ctrl_motor)
    i.ctrl_stepper                           0x08004f5c   Section        0  ctrl.o(i.ctrl_stepper)
    i.ctrl_switch_TIM2_Mode                  0x08004fb0   Section        0  ctrl.o(i.ctrl_switch_TIM2_Mode)
    i.encoder3_update                        0x08005010   Section        0  ctrl.o(i.encoder3_update)
    i.encoder4_update                        0x08005014   Section        0  ctrl.o(i.encoder4_update)
    i.fputc                                  0x0800504c   Section        0  uart.o(i.fputc)
    i.get_ml_cnt                             0x08005068   Section        0  ctrl.o(i.get_ml_cnt)
    i.get_ml_vel                             0x080050cc   Section        0  ctrl.o(i.get_ml_vel)
    i.get_sbus                               0x080050f8   Section        0  uart.o(i.get_sbus)
    i.main                                   0x0800511c   Section        0  main.o(i.main)
    i.mst_execute                            0x080053b0   Section        0  tjmst.o(i.mst_execute)
    i.mst_pkgapply                           0x08005410   Section        0  tjmst.o(i.mst_pkgapply)
    i.mst_pkgecho                            0x0800544c   Section        0  tjmst.o(i.mst_pkgecho)
    i.set_tmp                                0x080054bc   Section        0  uart.o(i.set_tmp)
    .constdata                               0x08005518   Section       24  system_stm32f1xx.o(.constdata)
    .data                                    0x20000000   Section        8  uart.o(.data)
    .data                                    0x20000008   Section       64  ctrl.o(.data)
    x                                        0x2000003c   Data           4  ctrl.o(.data)
    CTRL_FLASH                               0x20000040   Data           1  ctrl.o(.data)
    PS2_DBG                                  0x20000041   Data           1  ctrl.o(.data)
    last_pos                                 0x20000044   Data           4  ctrl.o(.data)
    .data                                    0x20000048   Section       40  ps2.o(.data)
    MPU_WR_TIMEOUT                           0x2000006c   Data           4  ps2.o(.data)
    .data                                    0x20000070   Section        4  main.o(.data)
    remoter_last_sum                         0x20000070   Data           4  main.o(.data)
    .data                                    0x20000074   Section        3  stm32f1xx_it.o(.data)
    TIM1_CNT                                 0x20000074   Data           2  stm32f1xx_it.o(.data)
    LED_PWM                                  0x20000076   Data           1  stm32f1xx_it.o(.data)
    .data                                    0x20000078   Section        9  stm32f1xx_hal.o(.data)
    .data                                    0x20000084   Section        4  system_stm32f1xx.o(.data)
    .bss                                     0x20000088   Section       62  uart.o(.bss)
    .bss                                     0x200000c8   Section       72  ctrl.o(.bss)
    .bss                                     0x20000110   Section      256  tjmst.o(.bss)
    .bss                                     0x20000210   Section        9  ps2.o(.bss)
    .bss                                     0x2000021c   Section     1192  main.o(.bss)
    STACK                                    0x200006c8   Section     1024  startup_stm32f103xb.o(STACK)

    Global Symbols

    Symbol Name                              Value     Ov Type        Size  Object(Section)

    BuildAttributes$$THM_ISAv4$P$D$K$B$S$PE$A:L22UL41UL21$X:L11$S22US41US21$IEEE1$IW$USESV6$~STKCKD$USESV7$~SHL$OTIME$ROPI$EBA8$MICROLIB$REQ8$PRES8$EABIv2 0x00000000   Number         0  anon$$obj.o ABSOLUTE
    __ARM_use_no_argv                        0x00000000   Number         0  main.o ABSOLUTE
    __use_no_errno                           0x00000000   Number         0  useno.o ABSOLUTE
    __use_no_exception_handling              0x00000000   Number         0  useno.o ABSOLUTE
    __use_no_fp                              0x00000000   Number         0  useno.o ABSOLUTE
    __use_no_heap                            0x00000000   Number         0  useno.o ABSOLUTE
    __use_no_heap_region                     0x00000000   Number         0  useno.o ABSOLUTE
    __use_no_semihosting                     0x00000000   Number         0  useno.o ABSOLUTE
    __use_no_semihosting_swi                 0x00000000   Number         0  useno.o ABSOLUTE
    __use_no_signal_handling                 0x00000000   Number         0  useno.o ABSOLUTE
    _printf_a                                0x00000000   Number         0  stubs.o ABSOLUTE
    _printf_c                                0x00000000   Number         0  stubs.o ABSOLUTE
    _printf_charcount                        0x00000000   Number         0  stubs.o ABSOLUTE
    _printf_d                                0x00000000   Number         0  stubs.o ABSOLUTE
    _printf_e                                0x00000000   Number         0  stubs.o ABSOLUTE
    _printf_f                                0x00000000   Number         0  stubs.o ABSOLUTE
    _printf_flags                            0x00000000   Number         0  stubs.o ABSOLUTE
    _printf_fp_dec                           0x00000000   Number         0  stubs.o ABSOLUTE
    _printf_fp_hex                           0x00000000   Number         0  stubs.o ABSOLUTE
    _printf_g                                0x00000000   Number         0  stubs.o ABSOLUTE
    _printf_i                                0x00000000   Number         0  stubs.o ABSOLUTE
    _printf_int_dec                          0x00000000   Number         0  stubs.o ABSOLUTE
    _printf_l                                0x00000000   Number         0  stubs.o ABSOLUTE
    _printf_lc                               0x00000000   Number         0  stubs.o ABSOLUTE
    _printf_ll                               0x00000000   Number         0  stubs.o ABSOLUTE
    _printf_lld                              0x00000000   Number         0  stubs.o ABSOLUTE
    _printf_lli                              0x00000000   Number         0  stubs.o ABSOLUTE
    _printf_llo                              0x00000000   Number         0  stubs.o ABSOLUTE
    _printf_llu                              0x00000000   Number         0  stubs.o ABSOLUTE
    _printf_llx                              0x00000000   Number         0  stubs.o ABSOLUTE
    _printf_longlong_dec                     0x00000000   Number         0  stubs.o ABSOLUTE
    _printf_longlong_hex                     0x00000000   Number         0  stubs.o ABSOLUTE
    _printf_longlong_oct                     0x00000000   Number         0  stubs.o ABSOLUTE
    _printf_ls                               0x00000000   Number         0  stubs.o ABSOLUTE
    _printf_mbtowc                           0x00000000   Number         0  stubs.o ABSOLUTE
    _printf_n                                0x00000000   Number         0  stubs.o ABSOLUTE
    _printf_o                                0x00000000   Number         0  stubs.o ABSOLUTE
    _printf_p                                0x00000000   Number         0  stubs.o ABSOLUTE
    _printf_percent                          0x00000000   Number         0  stubs.o ABSOLUTE
    _printf_pre_padding                      0x00000000   Number         0  stubs.o ABSOLUTE
    _printf_return_value                     0x00000000   Number         0  stubs.o ABSOLUTE
    _printf_s                                0x00000000   Number         0  stubs.o ABSOLUTE
    _printf_sizespec                         0x00000000   Number         0  stubs.o ABSOLUTE
    _printf_str                              0x00000000   Number         0  stubs.o ABSOLUTE
    _printf_truncate_signed                  0x00000000   Number         0  stubs.o ABSOLUTE
    _printf_truncate_unsigned                0x00000000   Number         0  stubs.o ABSOLUTE
    _printf_u                                0x00000000   Number         0  stubs.o ABSOLUTE
    _printf_wc                               0x00000000   Number         0  stubs.o ABSOLUTE
    _printf_wctomb                           0x00000000   Number         0  stubs.o ABSOLUTE
    _printf_widthprec                        0x00000000   Number         0  stubs.o ABSOLUTE
    _printf_x                                0x00000000   Number         0  stubs.o ABSOLUTE
    __cpp_initialize__aeabi_                  - Undefined Weak Reference
    __cxa_finalize                            - Undefined Weak Reference
    __decompress                              - Undefined Weak Reference
    _clock_init                               - Undefined Weak Reference
    _microlib_exit                            - Undefined Weak Reference
    __Vectors_Size                           0x000000ec   Number         0  startup_stm32f103xb.o ABSOLUTE
    __Vectors                                0x08000000   Data           4  startup_stm32f103xb.o(RESET)
    __Vectors_End                            0x080000ec   Data           0  startup_stm32f103xb.o(RESET)
    __main                                   0x080000ed   Thumb Code     0  entry.o(.ARM.Collect$$$$00000000)
    _main_stk                                0x080000ed   Thumb Code     0  entry2.o(.ARM.Collect$$$$00000001)
    _main_scatterload                        0x080000f1   Thumb Code     0  entry5.o(.ARM.Collect$$$$00000004)
    __main_after_scatterload                 0x080000f5   Thumb Code     0  entry5.o(.ARM.Collect$$$$00000004)
    _main_clock                              0x080000f5   Thumb Code     0  entry7b.o(.ARM.Collect$$$$00000008)
    _main_cpp_init                           0x080000f5   Thumb Code     0  entry8b.o(.ARM.Collect$$$$0000000A)
    _main_init                               0x080000f5   Thumb Code     0  entry9a.o(.ARM.Collect$$$$0000000B)
    __rt_final_cpp                           0x080000fd   Thumb Code     0  entry10a.o(.ARM.Collect$$$$0000000D)
    __rt_final_exit                          0x080000fd   Thumb Code     0  entry11a.o(.ARM.Collect$$$$0000000F)
    Reset_Handler                            0x08000101   Thumb Code     8  startup_stm32f103xb.o(.text)
    ADC1_2_IRQHandler                        0x0800011b   Thumb Code     0  startup_stm32f103xb.o(.text)
    CAN1_RX1_IRQHandler                      0x0800011b   Thumb Code     0  startup_stm32f103xb.o(.text)
    CAN1_SCE_IRQHandler                      0x0800011b   Thumb Code     0  startup_stm32f103xb.o(.text)
    DMA1_Channel4_IRQHandler                 0x0800011b   Thumb Code     0  startup_stm32f103xb.o(.text)
    DMA1_Channel5_IRQHandler                 0x0800011b   Thumb Code     0  startup_stm32f103xb.o(.text)
    DMA1_Channel7_IRQHandler                 0x0800011b   Thumb Code     0  startup_stm32f103xb.o(.text)
    EXTI0_IRQHandler                         0x0800011b   Thumb Code     0  startup_stm32f103xb.o(.text)
    EXTI15_10_IRQHandler                     0x0800011b   Thumb Code     0  startup_stm32f103xb.o(.text)
    EXTI1_IRQHandler                         0x0800011b   Thumb Code     0  startup_stm32f103xb.o(.text)
    EXTI2_IRQHandler                         0x0800011b   Thumb Code     0  startup_stm32f103xb.o(.text)
    EXTI3_IRQHandler                         0x0800011b   Thumb Code     0  startup_stm32f103xb.o(.text)
    EXTI4_IRQHandler                         0x0800011b   Thumb Code     0  startup_stm32f103xb.o(.text)
    EXTI9_5_IRQHandler                       0x0800011b   Thumb Code     0  startup_stm32f103xb.o(.text)
    FLASH_IRQHandler                         0x0800011b   Thumb Code     0  startup_stm32f103xb.o(.text)
    I2C1_ER_IRQHandler                       0x0800011b   Thumb Code     0  startup_stm32f103xb.o(.text)
    I2C1_EV_IRQHandler                       0x0800011b   Thumb Code     0  startup_stm32f103xb.o(.text)
    I2C2_ER_IRQHandler                       0x0800011b   Thumb Code     0  startup_stm32f103xb.o(.text)
    I2C2_EV_IRQHandler                       0x0800011b   Thumb Code     0  startup_stm32f103xb.o(.text)
    PVD_IRQHandler                           0x0800011b   Thumb Code     0  startup_stm32f103xb.o(.text)
    RCC_IRQHandler                           0x0800011b   Thumb Code     0  startup_stm32f103xb.o(.text)
    RTC_Alarm_IRQHandler                     0x0800011b   Thumb Code     0  startup_stm32f103xb.o(.text)
    RTC_IRQHandler                           0x0800011b   Thumb Code     0  startup_stm32f103xb.o(.text)
    SPI1_IRQHandler                          0x0800011b   Thumb Code     0  startup_stm32f103xb.o(.text)
    SPI2_IRQHandler                          0x0800011b   Thumb Code     0  startup_stm32f103xb.o(.text)
    TAMPER_IRQHandler                        0x0800011b   Thumb Code     0  startup_stm32f103xb.o(.text)
    TIM1_BRK_IRQHandler                      0x0800011b   Thumb Code     0  startup_stm32f103xb.o(.text)
    TIM1_CC_IRQHandler                       0x0800011b   Thumb Code     0  startup_stm32f103xb.o(.text)
    TIM1_TRG_COM_IRQHandler                  0x0800011b   Thumb Code     0  startup_stm32f103xb.o(.text)
    USART1_IRQHandler                        0x0800011b   Thumb Code     0  startup_stm32f103xb.o(.text)
    USBWakeUp_IRQHandler                     0x0800011b   Thumb Code     0  startup_stm32f103xb.o(.text)
    USB_HP_CAN1_TX_IRQHandler                0x0800011b   Thumb Code     0  startup_stm32f103xb.o(.text)
    USB_LP_CAN1_RX0_IRQHandler               0x0800011b   Thumb Code     0  startup_stm32f103xb.o(.text)
    WWDG_IRQHandler                          0x0800011b   Thumb Code     0  startup_stm32f103xb.o(.text)
    __aeabi_llsr                             0x08000125   Thumb Code    32  llushr.o(.text)
    _ll_ushift_r                             0x08000125   Thumb Code     0  llushr.o(.text)
    __aeabi_memcpy                           0x08000145   Thumb Code    36  memcpya.o(.text)
    __aeabi_memcpy4                          0x08000145   Thumb Code     0  memcpya.o(.text)
    __aeabi_memcpy8                          0x08000145   Thumb Code     0  memcpya.o(.text)
    __aeabi_memset                           0x08000169   Thumb Code    14  memseta.o(.text)
    __aeabi_memset4                          0x08000169   Thumb Code     0  memseta.o(.text)
    __aeabi_memset8                          0x08000169   Thumb Code     0  memseta.o(.text)
    __aeabi_memclr                           0x08000177   Thumb Code     4  memseta.o(.text)
    __aeabi_memclr4                          0x08000177   Thumb Code     0  memseta.o(.text)
    __aeabi_memclr8                          0x08000177   Thumb Code     0  memseta.o(.text)
    _memset$wrapper                          0x0800017b   Thumb Code    18  memseta.o(.text)
    memcmp                                   0x0800018d   Thumb Code    26  memcmp.o(.text)
    __aeabi_fadd                             0x080001a7   Thumb Code   164  fadd.o(.text)
    __aeabi_fsub                             0x0800024b   Thumb Code     6  fadd.o(.text)
    __aeabi_frsub                            0x08000251   Thumb Code     6  fadd.o(.text)
    __aeabi_fmul                             0x08000257   Thumb Code   100  fmul.o(.text)
    __aeabi_fdiv                             0x080002bb   Thumb Code   124  fdiv.o(.text)
    __aeabi_dadd                             0x08000337   Thumb Code   322  dadd.o(.text)
    __aeabi_dsub                             0x08000479   Thumb Code     6  dadd.o(.text)
    __aeabi_drsub                            0x0800047f   Thumb Code     6  dadd.o(.text)
    __aeabi_dmul                             0x08000485   Thumb Code   228  dmul.o(.text)
    __aeabi_ddiv                             0x08000569   Thumb Code   222  ddiv.o(.text)
    __aeabi_ui2f                             0x08000647   Thumb Code    10  ffltui.o(.text)
    __aeabi_i2d                              0x08000651   Thumb Code    34  dflti.o(.text)
    __aeabi_f2uiz                            0x08000673   Thumb Code    40  ffixui.o(.text)
    __aeabi_f2d                              0x0800069b   Thumb Code    38  f2d.o(.text)
    __aeabi_cdcmpeq                          0x080006c1   Thumb Code     0  cdcmple.o(.text)
    __aeabi_cdcmple                          0x080006c1   Thumb Code    48  cdcmple.o(.text)
    __aeabi_cdrcmple                         0x080006f1   Thumb Code    48  cdrcmple.o(.text)
    __aeabi_d2f                              0x08000721   Thumb Code    56  d2f.o(.text)
    __aeabi_cfcmpeq                          0x08000759   Thumb Code     0  cfcmple.o(.text)
    __aeabi_cfcmple                          0x08000759   Thumb Code    20  cfcmple.o(.text)
    __aeabi_cfrcmple                         0x0800076d   Thumb Code    20  cfrcmple.o(.text)
    __aeabi_uidiv                            0x08000781   Thumb Code     0  uidiv.o(.text)
    __aeabi_uidivmod                         0x08000781   Thumb Code    44  uidiv.o(.text)
    __aeabi_uldivmod                         0x080007ad   Thumb Code    98  uldiv.o(.text)
    __aeabi_llsl                             0x0800080f   Thumb Code    30  llshl.o(.text)
    _ll_shift_l                              0x0800080f   Thumb Code     0  llshl.o(.text)
    __aeabi_lasr                             0x0800082d   Thumb Code    36  llsshr.o(.text)
    _ll_sshift_r                             0x0800082d   Thumb Code     0  llsshr.o(.text)
    __I$use$fp                               0x08000851   Thumb Code     0  iusefp.o(.text)
    _float_round                             0x08000851   Thumb Code    18  fepilogue.o(.text)
    _float_epilogue                          0x08000863   Thumb Code    92  fepilogue.o(.text)
    _double_round                            0x080008bf   Thumb Code    30  depilogue.o(.text)
    _double_epilogue                         0x080008dd   Thumb Code   156  depilogue.o(.text)
    __aeabi_d2ulz                            0x08000979   Thumb Code    48  dfixul.o(.text)
    __scatterload                            0x080009a9   Thumb Code    28  init.o(.text)
    __scatterload_rt2                        0x080009a9   Thumb Code     0  init.o(.text)
    ADC_ConversionStop_Disable               0x080009cd   Thumb Code    82  stm32f1xx_hal_adc.o(i.ADC_ConversionStop_Disable)
    ADC_DMAConvCplt                          0x08000a1f   Thumb Code    82  stm32f1xx_hal_adc.o(i.ADC_DMAConvCplt)
    ADC_DMAError                             0x08000a71   Thumb Code    30  stm32f1xx_hal_adc.o(i.ADC_DMAError)
    ADC_DMAHalfConvCplt                      0x08000a8f   Thumb Code    14  stm32f1xx_hal_adc.o(i.ADC_DMAHalfConvCplt)
    ADC_Enable                               0x08000a9d   Thumb Code   122  stm32f1xx_hal_adc.o(i.ADC_Enable)
    BAT_Check                                0x08000b21   Thumb Code    72  tjmst.o(i.BAT_Check)
    BusFault_Handler                         0x08000b79   Thumb Code     4  stm32f1xx_it.o(i.BusFault_Handler)
    DMA1_Channel1_IRQHandler                 0x08000b7d   Thumb Code    10  stm32f1xx_it.o(i.DMA1_Channel1_IRQHandler)
    DMA1_Channel2_IRQHandler                 0x08000b8d   Thumb Code    10  stm32f1xx_it.o(i.DMA1_Channel2_IRQHandler)
    DMA1_Channel3_IRQHandler                 0x08000b9d   Thumb Code    10  stm32f1xx_it.o(i.DMA1_Channel3_IRQHandler)
    DMA1_Channel6_IRQHandler                 0x08000bad   Thumb Code    10  stm32f1xx_it.o(i.DMA1_Channel6_IRQHandler)
    DebugMon_Handler                         0x08000be9   Thumb Code     2  stm32f1xx_it.o(i.DebugMon_Handler)
    Error_Handler                            0x08000bed   Thumb Code    34  main.o(i.Error_Handler)
    HAL_ADC_ConfigChannel                    0x08000c21   Thumb Code   338  stm32f1xx_hal_adc.o(i.HAL_ADC_ConfigChannel)
    HAL_ADC_ConvCpltCallback                 0x08000d81   Thumb Code     2  stm32f1xx_hal_adc.o(i.HAL_ADC_ConvCpltCallback)
    HAL_ADC_ConvHalfCpltCallback             0x08000d83   Thumb Code     2  stm32f1xx_hal_adc.o(i.HAL_ADC_ConvHalfCpltCallback)
    HAL_ADC_ErrorCallback                    0x08000d85   Thumb Code     2  stm32f1xx_hal_adc.o(i.HAL_ADC_ErrorCallback)
    HAL_ADC_Init                             0x08000d89   Thumb Code   314  stm32f1xx_hal_adc.o(i.HAL_ADC_Init)
    HAL_ADC_MspInit                          0x08000ecd   Thumb Code   154  stm32f1xx_hal_msp.o(i.HAL_ADC_MspInit)
    HAL_ADC_Start_DMA                        0x08000f7d   Thumb Code   362  stm32f1xx_hal_adc.o(i.HAL_ADC_Start_DMA)
    HAL_DMA_Abort                            0x080010fd   Thumb Code    86  stm32f1xx_hal_dma.o(i.HAL_DMA_Abort)
    HAL_DMA_Abort_IT                         0x08001155   Thumb Code   172  stm32f1xx_hal_dma.o(i.HAL_DMA_Abort_IT)
    HAL_DMA_IRQHandler                       0x08001205   Thumb Code   408  stm32f1xx_hal_dma.o(i.HAL_DMA_IRQHandler)
    HAL_DMA_Init                             0x080013a1   Thumb Code   100  stm32f1xx_hal_dma.o(i.HAL_DMA_Init)
    HAL_DMA_Start_IT                         0x08001409   Thumb Code   156  stm32f1xx_hal_dma.o(i.HAL_DMA_Start_IT)
    HAL_GPIO_Init                            0x080014a5   Thumb Code   766  stm32f1xx_hal_gpio.o(i.HAL_GPIO_Init)
    HAL_GPIO_WritePin                        0x080017c5   Thumb Code    12  stm32f1xx_hal_gpio.o(i.HAL_GPIO_WritePin)
    HAL_GetTick                              0x080017d1   Thumb Code     6  stm32f1xx_hal.o(i.HAL_GetTick)
    HAL_IncTick                              0x080017dd   Thumb Code    16  stm32f1xx_hal.o(i.HAL_IncTick)
    HAL_Init                                 0x080017f5   Thumb Code    34  stm32f1xx_hal.o(i.HAL_Init)
    HAL_InitTick                             0x0800181d   Thumb Code    64  stm32f1xx_hal.o(i.HAL_InitTick)
    HAL_MspInit                              0x08001869   Thumb Code    76  stm32f1xx_hal_msp.o(i.HAL_MspInit)
    HAL_NVIC_EnableIRQ                       0x080018bd   Thumb Code    32  stm32f1xx_hal_cortex.o(i.HAL_NVIC_EnableIRQ)
    HAL_NVIC_SetPriority                     0x080018dd   Thumb Code   124  stm32f1xx_hal_cortex.o(i.HAL_NVIC_SetPriority)
    HAL_NVIC_SetPriorityGrouping             0x08001959   Thumb Code    32  stm32f1xx_hal_cortex.o(i.HAL_NVIC_SetPriorityGrouping)
    HAL_RCCEx_PeriphCLKConfig                0x08001981   Thumb Code   290  stm32f1xx_hal_rcc_ex.o(i.HAL_RCCEx_PeriphCLKConfig)
    HAL_RCC_ClockConfig                      0x08001ab1   Thumb Code   376  stm32f1xx_hal_rcc.o(i.HAL_RCC_ClockConfig)
    HAL_RCC_GetHCLKFreq                      0x08001c3d   Thumb Code     6  stm32f1xx_hal_rcc.o(i.HAL_RCC_GetHCLKFreq)
    HAL_RCC_GetPCLK1Freq                     0x08001c49   Thumb Code    22  stm32f1xx_hal_rcc.o(i.HAL_RCC_GetPCLK1Freq)
    HAL_RCC_GetPCLK2Freq                     0x08001c69   Thumb Code    22  stm32f1xx_hal_rcc.o(i.HAL_RCC_GetPCLK2Freq)
    HAL_RCC_GetSysClockFreq                  0x08001c89   Thumb Code   116  stm32f1xx_hal_rcc.o(i.HAL_RCC_GetSysClockFreq)
    HAL_RCC_OscConfig                        0x08001d1d   Thumb Code  1114  stm32f1xx_hal_rcc.o(i.HAL_RCC_OscConfig)
    HAL_SPI_Init                             0x08002181   Thumb Code   136  stm32f1xx_hal_spi.o(i.HAL_SPI_Init)
    HAL_SPI_MspInit                          0x08002209   Thumb Code   124  stm32f1xx_hal_msp.o(i.HAL_SPI_MspInit)
    HAL_SYSTICK_Config                       0x08002291   Thumb Code    52  stm32f1xx_hal_cortex.o(i.HAL_SYSTICK_Config)
    HAL_TIMEx_BreakCallback                  0x080022c5   Thumb Code     2  stm32f1xx_hal_tim_ex.o(i.HAL_TIMEx_BreakCallback)
    HAL_TIMEx_CommutCallback                 0x080022c7   Thumb Code     2  stm32f1xx_hal_tim_ex.o(i.HAL_TIMEx_CommutCallback)
    HAL_TIMEx_ConfigBreakDeadTime            0x080022c9   Thumb Code   116  stm32f1xx_hal_tim_ex.o(i.HAL_TIMEx_ConfigBreakDeadTime)
    HAL_TIMEx_MasterConfigSynchronization    0x0800233d   Thumb Code    84  stm32f1xx_hal_tim_ex.o(i.HAL_TIMEx_MasterConfigSynchronization)
    HAL_TIM_Base_Start_IT                    0x08002391   Thumb Code    42  stm32f1xx_hal_tim.o(i.HAL_TIM_Base_Start_IT)
    HAL_TIM_Base_Stop_IT                     0x080023bb   Thumb Code    56  stm32f1xx_hal_tim.o(i.HAL_TIM_Base_Stop_IT)
    HAL_TIM_Encoder_Init                     0x080023f3   Thumb Code   170  stm32f1xx_hal_tim.o(i.HAL_TIM_Encoder_Init)
    HAL_TIM_Encoder_MspInit                  0x0800249d   Thumb Code   236  stm32f1xx_hal_msp.o(i.HAL_TIM_Encoder_MspInit)
    HAL_TIM_Encoder_Start                    0x0800259d   Thumb Code    78  stm32f1xx_hal_tim.o(i.HAL_TIM_Encoder_Start)
    HAL_TIM_IC_CaptureCallback               0x080025eb   Thumb Code     2  stm32f1xx_hal_tim.o(i.HAL_TIM_IC_CaptureCallback)
    HAL_TIM_IRQHandler                       0x080025ed   Thumb Code   406  stm32f1xx_hal_tim.o(i.HAL_TIM_IRQHandler)
    HAL_TIM_MspPostInit                      0x08002785   Thumb Code   132  stm32f1xx_hal_msp.o(i.HAL_TIM_MspPostInit)
    HAL_TIM_OC_DelayElapsedCallback          0x08002815   Thumb Code     2  stm32f1xx_hal_tim.o(i.HAL_TIM_OC_DelayElapsedCallback)
    HAL_TIM_PWM_ConfigChannel                0x08002817   Thumb Code   264  stm32f1xx_hal_tim.o(i.HAL_TIM_PWM_ConfigChannel)
    HAL_TIM_PWM_Init                         0x0800291f   Thumb Code    52  stm32f1xx_hal_tim.o(i.HAL_TIM_PWM_Init)
    HAL_TIM_PWM_MspInit                      0x08002955   Thumb Code   112  stm32f1xx_hal_msp.o(i.HAL_TIM_PWM_MspInit)
    HAL_TIM_PWM_PulseFinishedCallback        0x080029cd   Thumb Code     2  stm32f1xx_hal_tim.o(i.HAL_TIM_PWM_PulseFinishedCallback)
    HAL_TIM_PWM_Start                        0x080029d1   Thumb Code    72  stm32f1xx_hal_tim.o(i.HAL_TIM_PWM_Start)
    HAL_TIM_PeriodElapsedCallback            0x08002a1d   Thumb Code     2  stm32f1xx_hal_tim.o(i.HAL_TIM_PeriodElapsedCallback)
    HAL_TIM_TriggerCallback                  0x08002a1f   Thumb Code     2  stm32f1xx_hal_tim.o(i.HAL_TIM_TriggerCallback)
    HAL_UART_DMAStop                         0x08002a21   Thumb Code   102  stm32f1xx_hal_uart.o(i.HAL_UART_DMAStop)
    HAL_UART_ErrorCallback                   0x08002a87   Thumb Code     2  stm32f1xx_hal_uart.o(i.HAL_UART_ErrorCallback)
    HAL_UART_IRQHandler                      0x08002a89   Thumb Code   326  stm32f1xx_hal_uart.o(i.HAL_UART_IRQHandler)
    HAL_UART_Init                            0x08002bd5   Thumb Code   114  stm32f1xx_hal_uart.o(i.HAL_UART_Init)
    HAL_UART_MspInit                         0x08002c49   Thumb Code   410  stm32f1xx_hal_msp.o(i.HAL_UART_MspInit)
    HAL_UART_Receive_DMA                     0x08002e09   Thumb Code   182  stm32f1xx_hal_uart.o(i.HAL_UART_Receive_DMA)
    HAL_UART_RxCpltCallback                  0x08002ecd   Thumb Code     2  stm32f1xx_hal_uart.o(i.HAL_UART_RxCpltCallback)
    HAL_UART_RxHalfCpltCallback              0x08002ecf   Thumb Code     2  stm32f1xx_hal_uart.o(i.HAL_UART_RxHalfCpltCallback)
    HAL_UART_Transmit_DMA                    0x08002ed1   Thumb Code   142  stm32f1xx_hal_uart.o(i.HAL_UART_Transmit_DMA)
    HAL_UART_TxCpltCallback                  0x08002f6d   Thumb Code     2  stm32f1xx_hal_uart.o(i.HAL_UART_TxCpltCallback)
    HAL_UART_TxHalfCpltCallback              0x08002f6f   Thumb Code     2  stm32f1xx_hal_uart.o(i.HAL_UART_TxHalfCpltCallback)
    HardFault_Handler                        0x08002f71   Thumb Code    34  stm32f1xx_it.o(i.HardFault_Handler)
    MemManage_Handler                        0x080034c5   Thumb Code     4  stm32f1xx_it.o(i.MemManage_Handler)
    NMI_Handler                              0x080034c9   Thumb Code     2  stm32f1xx_it.o(i.NMI_Handler)
    PID_Init                                 0x080034cb   Thumb Code    40  pid.o(i.PID_Init)
    PID_RST                                  0x080034f3   Thumb Code    14  pid.o(i.PID_RST)
    PID_exe                                  0x08003501   Thumb Code   118  pid.o(i.PID_exe)
    PS2_ReadData                             0x08003579   Thumb Code    80  ps2.o(i.PS2_ReadData)
    PS2_WRByte                               0x080035d1   Thumb Code    98  ps2.o(i.PS2_WRByte)
    PendSV_Handler                           0x08003657   Thumb Code     2  stm32f1xx_it.o(i.PendSV_Handler)
    SVC_Handler                              0x08003681   Thumb Code     2  stm32f1xx_it.o(i.SVC_Handler)
    SysTick_Handler                          0x08003683   Thumb Code     8  stm32f1xx_it.o(i.SysTick_Handler)
    SystemClock_Config                       0x0800368b   Thumb Code   132  main.o(i.SystemClock_Config)
    SystemInit                               0x08003711   Thumb Code    70  system_stm32f1xx.o(i.SystemInit)
    TEMP_Check                               0x08003769   Thumb Code   116  tjmst.o(i.TEMP_Check)
    TIM1_UP_IRQHandler                       0x080037f9   Thumb Code    36  stm32f1xx_it.o(i.TIM1_UP_IRQHandler)
    TIM2_IRQHandler                          0x08003825   Thumb Code    10  stm32f1xx_it.o(i.TIM2_IRQHandler)
    TIM3_IRQHandler                          0x08003835   Thumb Code    20  stm32f1xx_it.o(i.TIM3_IRQHandler)
    TIM4_IRQHandler                          0x08003851   Thumb Code    20  stm32f1xx_it.o(i.TIM4_IRQHandler)
    TIM_Base_SetConfig                       0x0800386d   Thumb Code   104  stm32f1xx_hal_tim.o(i.TIM_Base_SetConfig)
    TIM_CCxChannelCmd                        0x080038e1   Thumb Code    34  stm32f1xx_hal_tim.o(i.TIM_CCxChannelCmd)
    TIM_OC2_SetConfig                        0x08003965   Thumb Code   100  stm32f1xx_hal_tim.o(i.TIM_OC2_SetConfig)
    USART2_IRQHandler                        0x08003e7d   Thumb Code   488  stm32f1xx_it.o(i.USART2_IRQHandler)
    USART3_IRQHandler                        0x0800407d   Thumb Code    58  stm32f1xx_it.o(i.USART3_IRQHandler)
    UsageFault_Handler                       0x080040c9   Thumb Code     4  stm32f1xx_it.o(i.UsageFault_Handler)
    __0printf                                0x080040cd   Thumb Code    22  printfa.o(i.__0printf)
    __1printf                                0x080040cd   Thumb Code     0  printfa.o(i.__0printf)
    __2printf                                0x080040cd   Thumb Code     0  printfa.o(i.__0printf)
    __c89printf                              0x080040cd   Thumb Code     0  printfa.o(i.__0printf)
    printf                                   0x080040cd   Thumb Code     0  printfa.o(i.__0printf)
    __scatterload_copy                       0x08004125   Thumb Code    14  handlers.o(i.__scatterload_copy)
    __scatterload_null                       0x08004133   Thumb Code     2  handlers.o(i.__scatterload_null)
    __scatterload_zeroinit                   0x08004135   Thumb Code    14  handlers.o(i.__scatterload_zeroinit)
    console_exe                              0x080049f9   Thumb Code   144  uart.o(i.console_exe)
    ctrl_deck                                0x08004ac9   Thumb Code   164  ctrl.o(i.ctrl_deck)
    ctrl_exe                                 0x08004b8d   Thumb Code   600  ctrl.o(i.ctrl_exe)
    ctrl_init                                0x08004e39   Thumb Code    34  ctrl.o(i.ctrl_init)
    ctrl_motor                               0x08004e71   Thumb Code   222  ctrl.o(i.ctrl_motor)
    ctrl_stepper                             0x08004f5d   Thumb Code    76  ctrl.o(i.ctrl_stepper)
    ctrl_switch_TIM2_Mode                    0x08004fb1   Thumb Code    88  ctrl.o(i.ctrl_switch_TIM2_Mode)
    encoder3_update                          0x08005011   Thumb Code     2  ctrl.o(i.encoder3_update)
    encoder4_update                          0x08005015   Thumb Code    48  ctrl.o(i.encoder4_update)
    fputc                                    0x0800504d   Thumb Code    24  uart.o(i.fputc)
    get_ml_cnt                               0x08005069   Thumb Code    80  ctrl.o(i.get_ml_cnt)
    get_ml_vel                               0x080050cd   Thumb Code    36  ctrl.o(i.get_ml_vel)
    get_sbus                                 0x080050f9   Thumb Code    32  uart.o(i.get_sbus)
    main                                     0x0800511d   Thumb Code   546  main.o(i.main)
    mst_execute                              0x080053b1   Thumb Code    80  tjmst.o(i.mst_execute)
    mst_pkgapply                             0x08005411   Thumb Code    56  tjmst.o(i.mst_pkgapply)
    mst_pkgecho                              0x0800544d   Thumb Code   100  tjmst.o(i.mst_pkgecho)
    set_tmp                                  0x080054bd   Thumb Code    76  uart.o(i.set_tmp)
    AHBPrescTable                            0x08005518   Data          16  system_stm32f1xx.o(.constdata)
    APBPrescTable                            0x08005528   Data           8  system_stm32f1xx.o(.constdata)
    Region$$Table$$Base                      0x08005530   Number         0  anon$$obj.o(Region$$Table)
    Region$$Table$$Limit                     0x08005550   Number         0  anon$$obj.o(Region$$Table)
    RX_CNT                                   0x20000000   Data           1  uart.o(.data)
    RX_FLAG                                  0x20000001   Data           1  uart.o(.data)
    __stdout                                 0x20000004   Data           4  uart.o(.data)
    ml_cnt                                   0x20000008   Data           4  ctrl.o(.data)
    mr_cnt                                   0x2000000c   Data           4  ctrl.o(.data)
    rt_ml_cnt                                0x20000010   Data           4  ctrl.o(.data)
    rt_mr_cnt                                0x20000014   Data           4  ctrl.o(.data)
    ml_vel                                   0x20000018   Data           4  ctrl.o(.data)
    mr_vel                                   0x2000001c   Data           4  ctrl.o(.data)
    vel                                      0x20000020   Data           4  ctrl.o(.data)
    dir                                      0x20000024   Data           4  ctrl.o(.data)
    ml_v_pid_bias                            0x20000028   Data           4  ctrl.o(.data)
    ml_x_pid_bias                            0x2000002c   Data           4  ctrl.o(.data)
    TIM2_MODE                                0x20000030   Data           1  ctrl.o(.data)
    pit                                      0x20000034   Data           4  ctrl.o(.data)
    yaw                                      0x20000038   Data           4  ctrl.o(.data)
    Handkey                                  0x20000048   Data           2  ps2.o(.data)
    MASK                                     0x2000004a   Data          32  ps2.o(.data)
    uwTick                                   0x20000078   Data           4  stm32f1xx_hal.o(.data)
    uwTickPrio                               0x2000007c   Data           4  stm32f1xx_hal.o(.data)
    uwTickFreq                               0x20000080   Data           1  stm32f1xx_hal.o(.data)
    SystemCoreClock                          0x20000084   Data           4  system_stm32f1xx.o(.data)
    RX                                       0x20000088   Data          62  uart.o(.bss)
    ml_v_PID                                 0x200000c8   Data          36  ctrl.o(.bss)
    ml_x_PID                                 0x200000ec   Data          36  ctrl.o(.bss)
    RX_BUFF                                  0x20000110   Data         128  tjmst.o(.bss)
    TX_BUFF                                  0x20000190   Data         128  tjmst.o(.bss)
    Data                                     0x20000210   Data           9  ps2.o(.bss)
    hadc1                                    0x2000021c   Data          48  main.o(.bss)
    hdma_adc1                                0x2000024c   Data          68  main.o(.bss)
    hspi2                                    0x20000290   Data          88  main.o(.bss)
    htim1                                    0x200002e8   Data          64  main.o(.bss)
    htim2                                    0x20000328   Data          64  main.o(.bss)
    htim3                                    0x20000368   Data          64  main.o(.bss)
    htim4                                    0x200003a8   Data          64  main.o(.bss)
    huart2                                   0x200003e8   Data          64  main.o(.bss)
    huart3                                   0x20000428   Data          64  main.o(.bss)
    hdma_usart2_rx                           0x20000468   Data          68  main.o(.bss)
    hdma_usart3_rx                           0x200004ac   Data          68  main.o(.bss)
    hdma_usart3_tx                           0x200004f0   Data          68  main.o(.bss)
    ADC_VAL                                  0x20000534   Data         400  main.o(.bss)
    __initial_sp                             0x20000ac8   Data           0  startup_stm32f103xb.o(STACK)



==============================================================================

Memory Map of the image

  Image Entry point : 0x080000ed

  Load Region LR_IROM1 (Base: 0x08000000, Size: 0x000055d8, Max: 0x00010000, ABSOLUTE)

    Execution Region ER_IROM1 (Exec base: 0x08000000, Load base: 0x08000000, Size: 0x00005550, Max: 0x00010000, ABSOLUTE)

    Exec Addr    Load Addr    Size         Type   Attr      Idx    E Section Name        Object

    0x08000000   0x08000000   0x000000ec   Data   RO            3    RESET               startup_stm32f103xb.o
    0x080000ec   0x080000ec   0x00000000   Code   RO         3866  * .ARM.Collect$$$$00000000  mc_w.l(entry.o)
    0x080000ec   0x080000ec   0x00000004   Code   RO         4172    .ARM.Collect$$$$00000001  mc_w.l(entry2.o)
    0x080000f0   0x080000f0   0x00000004   Code   RO         4175    .ARM.Collect$$$$00000004  mc_w.l(entry5.o)
    0x080000f4   0x080000f4   0x00000000   Code   RO         4177    .ARM.Collect$$$$00000008  mc_w.l(entry7b.o)
    0x080000f4   0x080000f4   0x00000000   Code   RO         4179    .ARM.Collect$$$$0000000A  mc_w.l(entry8b.o)
    0x080000f4   0x080000f4   0x00000008   Code   RO         4180    .ARM.Collect$$$$0000000B  mc_w.l(entry9a.o)
    0x080000fc   0x080000fc   0x00000000   Code   RO         4182    .ARM.Collect$$$$0000000D  mc_w.l(entry10a.o)
    0x080000fc   0x080000fc   0x00000000   Code   RO         4184    .ARM.Collect$$$$0000000F  mc_w.l(entry11a.o)
    0x080000fc   0x080000fc   0x00000004   Code   RO         4173    .ARM.Collect$$$$00002712  mc_w.l(entry2.o)
    0x08000100   0x08000100   0x00000024   Code   RO            4    .text               startup_stm32f103xb.o
    0x08000124   0x08000124   0x00000020   Code   RO         3869    .text               mc_w.l(llushr.o)
    0x08000144   0x08000144   0x00000024   Code   RO         3871    .text               mc_w.l(memcpya.o)
    0x08000168   0x08000168   0x00000024   Code   RO         3873    .text               mc_w.l(memseta.o)
    0x0800018c   0x0800018c   0x0000001a   Code   RO         3877    .text               mc_w.l(memcmp.o)
    0x080001a6   0x080001a6   0x000000b0   Code   RO         4142    .text               mf_w.l(fadd.o)
    0x08000256   0x08000256   0x00000064   Code   RO         4144    .text               mf_w.l(fmul.o)
    0x080002ba   0x080002ba   0x0000007c   Code   RO         4146    .text               mf_w.l(fdiv.o)
    0x08000336   0x08000336   0x0000014e   Code   RO         4148    .text               mf_w.l(dadd.o)
    0x08000484   0x08000484   0x000000e4   Code   RO         4150    .text               mf_w.l(dmul.o)
    0x08000568   0x08000568   0x000000de   Code   RO         4152    .text               mf_w.l(ddiv.o)
    0x08000646   0x08000646   0x0000000a   Code   RO         4154    .text               mf_w.l(ffltui.o)
    0x08000650   0x08000650   0x00000022   Code   RO         4156    .text               mf_w.l(dflti.o)
    0x08000672   0x08000672   0x00000028   Code   RO         4158    .text               mf_w.l(ffixui.o)
    0x0800069a   0x0800069a   0x00000026   Code   RO         4160    .text               mf_w.l(f2d.o)
    0x080006c0   0x080006c0   0x00000030   Code   RO         4162    .text               mf_w.l(cdcmple.o)
    0x080006f0   0x080006f0   0x00000030   Code   RO         4164    .text               mf_w.l(cdrcmple.o)
    0x08000720   0x08000720   0x00000038   Code   RO         4166    .text               mf_w.l(d2f.o)
    0x08000758   0x08000758   0x00000014   Code   RO         4168    .text               mf_w.l(cfcmple.o)
    0x0800076c   0x0800076c   0x00000014   Code   RO         4170    .text               mf_w.l(cfrcmple.o)
    0x08000780   0x08000780   0x0000002c   Code   RO         4186    .text               mc_w.l(uidiv.o)
    0x080007ac   0x080007ac   0x00000062   Code   RO         4188    .text               mc_w.l(uldiv.o)
    0x0800080e   0x0800080e   0x0000001e   Code   RO         4190    .text               mc_w.l(llshl.o)
    0x0800082c   0x0800082c   0x00000024   Code   RO         4192    .text               mc_w.l(llsshr.o)
    0x08000850   0x08000850   0x00000000   Code   RO         4194    .text               mc_w.l(iusefp.o)
    0x08000850   0x08000850   0x0000006e   Code   RO         4195    .text               mf_w.l(fepilogue.o)
    0x080008be   0x080008be   0x000000ba   Code   RO         4197    .text               mf_w.l(depilogue.o)
    0x08000978   0x08000978   0x00000030   Code   RO         4199    .text               mf_w.l(dfixul.o)
    0x080009a8   0x080009a8   0x00000024   Code   RO         4201    .text               mc_w.l(init.o)
    0x080009cc   0x080009cc   0x00000052   Code   RO          958    i.ADC_ConversionStop_Disable  stm32f1xx_hal_adc.o
    0x08000a1e   0x08000a1e   0x00000052   Code   RO          959    i.ADC_DMAConvCplt   stm32f1xx_hal_adc.o
    0x08000a70   0x08000a70   0x0000001e   Code   RO          960    i.ADC_DMAError      stm32f1xx_hal_adc.o
    0x08000a8e   0x08000a8e   0x0000000e   Code   RO          961    i.ADC_DMAHalfConvCplt  stm32f1xx_hal_adc.o
    0x08000a9c   0x08000a9c   0x00000084   Code   RO          962    i.ADC_Enable        stm32f1xx_hal_adc.o
    0x08000b20   0x08000b20   0x00000058   Code   RO          399    i.BAT_Check         tjmst.o
    0x08000b78   0x08000b78   0x00000004   Code   RO          694    i.BusFault_Handler  stm32f1xx_it.o
    0x08000b7c   0x08000b7c   0x00000010   Code   RO          695    i.DMA1_Channel1_IRQHandler  stm32f1xx_it.o
    0x08000b8c   0x08000b8c   0x00000010   Code   RO          696    i.DMA1_Channel2_IRQHandler  stm32f1xx_it.o
    0x08000b9c   0x08000b9c   0x00000010   Code   RO          697    i.DMA1_Channel3_IRQHandler  stm32f1xx_it.o
    0x08000bac   0x08000bac   0x00000010   Code   RO          698    i.DMA1_Channel6_IRQHandler  stm32f1xx_it.o
    0x08000bbc   0x08000bbc   0x0000002c   Code   RO         1617    i.DMA_SetConfig     stm32f1xx_hal_dma.o
    0x08000be8   0x08000be8   0x00000002   Code   RO          699    i.DebugMon_Handler  stm32f1xx_it.o
    0x08000bea   0x08000bea   0x00000002   PAD
    0x08000bec   0x08000bec   0x00000034   Code   RO          580    i.Error_Handler     main.o
    0x08000c20   0x08000c20   0x00000160   Code   RO          964    i.HAL_ADC_ConfigChannel  stm32f1xx_hal_adc.o
    0x08000d80   0x08000d80   0x00000002   Code   RO          965    i.HAL_ADC_ConvCpltCallback  stm32f1xx_hal_adc.o
    0x08000d82   0x08000d82   0x00000002   Code   RO          966    i.HAL_ADC_ConvHalfCpltCallback  stm32f1xx_hal_adc.o
    0x08000d84   0x08000d84   0x00000002   Code   RO          968    i.HAL_ADC_ErrorCallback  stm32f1xx_hal_adc.o
    0x08000d86   0x08000d86   0x00000002   PAD
    0x08000d88   0x08000d88   0x00000144   Code   RO          973    i.HAL_ADC_Init      stm32f1xx_hal_adc.o
    0x08000ecc   0x08000ecc   0x000000b0   Code   RO          832    i.HAL_ADC_MspInit   stm32f1xx_hal_msp.o
    0x08000f7c   0x08000f7c   0x00000180   Code   RO          980    i.HAL_ADC_Start_DMA  stm32f1xx_hal_adc.o
    0x080010fc   0x080010fc   0x00000056   Code   RO         1618    i.HAL_DMA_Abort     stm32f1xx_hal_dma.o
    0x08001152   0x08001152   0x00000002   PAD
    0x08001154   0x08001154   0x000000b0   Code   RO         1619    i.HAL_DMA_Abort_IT  stm32f1xx_hal_dma.o
    0x08001204   0x08001204   0x0000019c   Code   RO         1623    i.HAL_DMA_IRQHandler  stm32f1xx_hal_dma.o
    0x080013a0   0x080013a0   0x00000068   Code   RO         1624    i.HAL_DMA_Init      stm32f1xx_hal_dma.o
    0x08001408   0x08001408   0x0000009c   Code   RO         1628    i.HAL_DMA_Start_IT  stm32f1xx_hal_dma.o
    0x080014a4   0x080014a4   0x00000320   Code   RO         1554    i.HAL_GPIO_Init     stm32f1xx_hal_gpio.o
    0x080017c4   0x080017c4   0x0000000c   Code   RO         1558    i.HAL_GPIO_WritePin  stm32f1xx_hal_gpio.o
    0x080017d0   0x080017d0   0x0000000c   Code   RO         1245    i.HAL_GetTick       stm32f1xx_hal.o
    0x080017dc   0x080017dc   0x00000018   Code   RO         1251    i.HAL_IncTick       stm32f1xx_hal.o
    0x080017f4   0x080017f4   0x00000028   Code   RO         1252    i.HAL_Init          stm32f1xx_hal.o
    0x0800181c   0x0800181c   0x0000004c   Code   RO         1253    i.HAL_InitTick      stm32f1xx_hal.o
    0x08001868   0x08001868   0x00000054   Code   RO          833    i.HAL_MspInit       stm32f1xx_hal_msp.o
    0x080018bc   0x080018bc   0x00000020   Code   RO         1714    i.HAL_NVIC_EnableIRQ  stm32f1xx_hal_cortex.o
    0x080018dc   0x080018dc   0x0000007c   Code   RO         1720    i.HAL_NVIC_SetPriority  stm32f1xx_hal_cortex.o
    0x08001958   0x08001958   0x00000028   Code   RO         1721    i.HAL_NVIC_SetPriorityGrouping  stm32f1xx_hal_cortex.o
    0x08001980   0x08001980   0x00000130   Code   RO         1517    i.HAL_RCCEx_PeriphCLKConfig  stm32f1xx_hal_rcc_ex.o
    0x08001ab0   0x08001ab0   0x0000018c   Code   RO         1409    i.HAL_RCC_ClockConfig  stm32f1xx_hal_rcc.o
    0x08001c3c   0x08001c3c   0x0000000c   Code   RO         1414    i.HAL_RCC_GetHCLKFreq  stm32f1xx_hal_rcc.o
    0x08001c48   0x08001c48   0x00000020   Code   RO         1416    i.HAL_RCC_GetPCLK1Freq  stm32f1xx_hal_rcc.o
    0x08001c68   0x08001c68   0x00000020   Code   RO         1417    i.HAL_RCC_GetPCLK2Freq  stm32f1xx_hal_rcc.o
    0x08001c88   0x08001c88   0x00000094   Code   RO         1418    i.HAL_RCC_GetSysClockFreq  stm32f1xx_hal_rcc.o
    0x08001d1c   0x08001d1c   0x00000464   Code   RO         1421    i.HAL_RCC_OscConfig  stm32f1xx_hal_rcc.o
    0x08002180   0x08002180   0x00000088   Code   RO         2251    i.HAL_SPI_Init      stm32f1xx_hal_spi.o
    0x08002208   0x08002208   0x00000088   Code   RO          835    i.HAL_SPI_MspInit   stm32f1xx_hal_msp.o
    0x08002290   0x08002290   0x00000034   Code   RO         1725    i.HAL_SYSTICK_Config  stm32f1xx_hal_cortex.o
    0x080022c4   0x080022c4   0x00000002   Code   RO         3250    i.HAL_TIMEx_BreakCallback  stm32f1xx_hal_tim_ex.o
    0x080022c6   0x080022c6   0x00000002   Code   RO         3251    i.HAL_TIMEx_CommutCallback  stm32f1xx_hal_tim_ex.o
    0x080022c8   0x080022c8   0x00000074   Code   RO         3253    i.HAL_TIMEx_ConfigBreakDeadTime  stm32f1xx_hal_tim_ex.o
    0x0800233c   0x0800233c   0x00000054   Code   RO         3268    i.HAL_TIMEx_MasterConfigSynchronization  stm32f1xx_hal_tim_ex.o
    0x08002390   0x08002390   0x0000002a   Code   RO         2569    i.HAL_TIM_Base_Start_IT  stm32f1xx_hal_tim.o
    0x080023ba   0x080023ba   0x00000038   Code   RO         2572    i.HAL_TIM_Base_Stop_IT  stm32f1xx_hal_tim.o
    0x080023f2   0x080023f2   0x000000aa   Code   RO         2582    i.HAL_TIM_Encoder_Init  stm32f1xx_hal_tim.o
    0x0800249c   0x0800249c   0x00000100   Code   RO          837    i.HAL_TIM_Encoder_MspInit  stm32f1xx_hal_msp.o
    0x0800259c   0x0800259c   0x0000004e   Code   RO         2585    i.HAL_TIM_Encoder_Start  stm32f1xx_hal_tim.o
    0x080025ea   0x080025ea   0x00000002   Code   RO         2593    i.HAL_TIM_IC_CaptureCallback  stm32f1xx_hal_tim.o
    0x080025ec   0x080025ec   0x00000196   Code   RO         2607    i.HAL_TIM_IRQHandler  stm32f1xx_hal_tim.o
    0x08002782   0x08002782   0x00000002   PAD
    0x08002784   0x08002784   0x00000090   Code   RO          838    i.HAL_TIM_MspPostInit  stm32f1xx_hal_msp.o
    0x08002814   0x08002814   0x00000002   Code   RO         2610    i.HAL_TIM_OC_DelayElapsedCallback  stm32f1xx_hal_tim.o
    0x08002816   0x08002816   0x00000108   Code   RO         2631    i.HAL_TIM_PWM_ConfigChannel  stm32f1xx_hal_tim.o
    0x0800291e   0x0800291e   0x00000034   Code   RO         2634    i.HAL_TIM_PWM_Init  stm32f1xx_hal_tim.o
    0x08002952   0x08002952   0x00000002   PAD
    0x08002954   0x08002954   0x00000078   Code   RO          840    i.HAL_TIM_PWM_MspInit  stm32f1xx_hal_msp.o
    0x080029cc   0x080029cc   0x00000002   Code   RO         2637    i.HAL_TIM_PWM_PulseFinishedCallback  stm32f1xx_hal_tim.o
    0x080029ce   0x080029ce   0x00000002   PAD
    0x080029d0   0x080029d0   0x0000004c   Code   RO         2639    i.HAL_TIM_PWM_Start  stm32f1xx_hal_tim.o
    0x08002a1c   0x08002a1c   0x00000002   Code   RO         2645    i.HAL_TIM_PeriodElapsedCallback  stm32f1xx_hal_tim.o
    0x08002a1e   0x08002a1e   0x00000002   Code   RO         2650    i.HAL_TIM_TriggerCallback  stm32f1xx_hal_tim.o
    0x08002a20   0x08002a20   0x00000066   Code   RO         3520    i.HAL_UART_DMAStop  stm32f1xx_hal_uart.o
    0x08002a86   0x08002a86   0x00000002   Code   RO         3522    i.HAL_UART_ErrorCallback  stm32f1xx_hal_uart.o
    0x08002a88   0x08002a88   0x0000014c   Code   RO         3525    i.HAL_UART_IRQHandler  stm32f1xx_hal_uart.o
    0x08002bd4   0x08002bd4   0x00000072   Code   RO         3526    i.HAL_UART_Init     stm32f1xx_hal_uart.o
    0x08002c46   0x08002c46   0x00000002   PAD
    0x08002c48   0x08002c48   0x000001c0   Code   RO          842    i.HAL_UART_MspInit  stm32f1xx_hal_msp.o
    0x08002e08   0x08002e08   0x000000c4   Code   RO         3530    i.HAL_UART_Receive_DMA  stm32f1xx_hal_uart.o
    0x08002ecc   0x08002ecc   0x00000002   Code   RO         3532    i.HAL_UART_RxCpltCallback  stm32f1xx_hal_uart.o
    0x08002ece   0x08002ece   0x00000002   Code   RO         3533    i.HAL_UART_RxHalfCpltCallback  stm32f1xx_hal_uart.o
    0x08002ed0   0x08002ed0   0x0000009c   Code   RO         3535    i.HAL_UART_Transmit_DMA  stm32f1xx_hal_uart.o
    0x08002f6c   0x08002f6c   0x00000002   Code   RO         3537    i.HAL_UART_TxCpltCallback  stm32f1xx_hal_uart.o
    0x08002f6e   0x08002f6e   0x00000002   Code   RO         3538    i.HAL_UART_TxHalfCpltCallback  stm32f1xx_hal_uart.o
    0x08002f70   0x08002f70   0x0000003c   Code   RO          700    i.HardFault_Handler  stm32f1xx_it.o
    0x08002fac   0x08002fac   0x00000078   Code   RO          581    i.MX_ADC1_Init      main.o
    0x08003024   0x08003024   0x00000064   Code   RO          582    i.MX_DMA_Init       main.o
    0x08003088   0x08003088   0x0000011c   Code   RO          583    i.MX_GPIO_Init      main.o
    0x080031a4   0x080031a4   0x00000048   Code   RO          584    i.MX_SPI2_Init      main.o
    0x080031ec   0x080031ec   0x000000e0   Code   RO          585    i.MX_TIM1_Init      main.o
    0x080032cc   0x080032cc   0x0000008c   Code   RO          586    i.MX_TIM2_Init      main.o
    0x08003358   0x08003358   0x00000074   Code   RO          587    i.MX_TIM3_Init      main.o
    0x080033cc   0x080033cc   0x00000080   Code   RO          588    i.MX_TIM4_Init      main.o
    0x0800344c   0x0800344c   0x00000040   Code   RO          589    i.MX_USART2_UART_Init  main.o
    0x0800348c   0x0800348c   0x00000038   Code   RO          590    i.MX_USART3_UART_Init  main.o
    0x080034c4   0x080034c4   0x00000004   Code   RO          701    i.MemManage_Handler  stm32f1xx_it.o
    0x080034c8   0x080034c8   0x00000002   Code   RO          702    i.NMI_Handler       stm32f1xx_it.o
    0x080034ca   0x080034ca   0x00000028   Code   RO          356    i.PID_Init          pid.o
    0x080034f2   0x080034f2   0x0000000e   Code   RO          357    i.PID_RST           pid.o
    0x08003500   0x08003500   0x00000076   Code   RO          358    i.PID_exe           pid.o
    0x08003576   0x08003576   0x00000002   PAD
    0x08003578   0x08003578   0x00000058   Code   RO          472    i.PS2_ReadData      ps2.o
    0x080035d0   0x080035d0   0x00000070   Code   RO          478    i.PS2_WRByte        ps2.o
    0x08003640   0x08003640   0x00000016   Code   RO          479    i.PS2_delay_us      ps2.o
    0x08003656   0x08003656   0x00000002   Code   RO          703    i.PendSV_Handler    stm32f1xx_it.o
    0x08003658   0x08003658   0x00000028   Code   RO         1422    i.RCC_Delay         stm32f1xx_hal_rcc.o
    0x08003680   0x08003680   0x00000002   Code   RO          704    i.SVC_Handler       stm32f1xx_it.o
    0x08003682   0x08003682   0x00000008   Code   RO          705    i.SysTick_Handler   stm32f1xx_it.o
    0x0800368a   0x0800368a   0x00000084   Code   RO          591    i.SystemClock_Config  main.o
    0x0800370e   0x0800370e   0x00000002   PAD
    0x08003710   0x08003710   0x00000058   Code   RO         3833    i.SystemInit        system_stm32f1xx.o
    0x08003768   0x08003768   0x00000090   Code   RO          400    i.TEMP_Check        tjmst.o
    0x080037f8   0x080037f8   0x0000002c   Code   RO          706    i.TIM1_UP_IRQHandler  stm32f1xx_it.o
    0x08003824   0x08003824   0x00000010   Code   RO          707    i.TIM2_IRQHandler   stm32f1xx_it.o
    0x08003834   0x08003834   0x0000001c   Code   RO          708    i.TIM3_IRQHandler   stm32f1xx_it.o
    0x08003850   0x08003850   0x0000001c   Code   RO          709    i.TIM4_IRQHandler   stm32f1xx_it.o
    0x0800386c   0x0800386c   0x00000074   Code   RO         2652    i.TIM_Base_SetConfig  stm32f1xx_hal_tim.o
    0x080038e0   0x080038e0   0x00000022   Code   RO         2653    i.TIM_CCxChannelCmd  stm32f1xx_hal_tim.o
    0x08003902   0x08003902   0x00000002   PAD
    0x08003904   0x08003904   0x00000060   Code   RO         2665    i.TIM_OC1_SetConfig  stm32f1xx_hal_tim.o
    0x08003964   0x08003964   0x00000068   Code   RO         2666    i.TIM_OC2_SetConfig  stm32f1xx_hal_tim.o
    0x080039cc   0x080039cc   0x00000068   Code   RO         2667    i.TIM_OC3_SetConfig  stm32f1xx_hal_tim.o
    0x08003a34   0x08003a34   0x00000048   Code   RO         2668    i.TIM_OC4_SetConfig  stm32f1xx_hal_tim.o
    0x08003a7c   0x08003a7c   0x00000014   Code   RO         3539    i.UART_DMAAbortOnError  stm32f1xx_hal_uart.o
    0x08003a90   0x08003a90   0x00000050   Code   RO         3540    i.UART_DMAError     stm32f1xx_hal_uart.o
    0x08003ae0   0x08003ae0   0x00000046   Code   RO         3541    i.UART_DMAReceiveCplt  stm32f1xx_hal_uart.o
    0x08003b26   0x08003b26   0x0000000e   Code   RO         3543    i.UART_DMARxHalfCplt  stm32f1xx_hal_uart.o
    0x08003b34   0x08003b34   0x00000036   Code   RO         3545    i.UART_DMATransmitCplt  stm32f1xx_hal_uart.o
    0x08003b6a   0x08003b6a   0x0000000e   Code   RO         3547    i.UART_DMATxHalfCplt  stm32f1xx_hal_uart.o
    0x08003b78   0x08003b78   0x00000020   Code   RO         3549    i.UART_EndRxTransfer  stm32f1xx_hal_uart.o
    0x08003b98   0x08003b98   0x00000020   Code   RO         3550    i.UART_EndTransmit_IT  stm32f1xx_hal_uart.o
    0x08003bb8   0x08003bb8   0x00000014   Code   RO         3551    i.UART_EndTxTransfer  stm32f1xx_hal_uart.o
    0x08003bcc   0x08003bcc   0x000000a6   Code   RO         3552    i.UART_Receive_IT   stm32f1xx_hal_uart.o
    0x08003c72   0x08003c72   0x00000002   PAD
    0x08003c74   0x08003c74   0x000001a0   Code   RO         3553    i.UART_SetConfig    stm32f1xx_hal_uart.o
    0x08003e14   0x08003e14   0x00000068   Code   RO         3554    i.UART_Transmit_IT  stm32f1xx_hal_uart.o
    0x08003e7c   0x08003e7c   0x00000200   Code   RO          710    i.USART2_IRQHandler  stm32f1xx_it.o
    0x0800407c   0x0800407c   0x0000004c   Code   RO          711    i.USART3_IRQHandler  stm32f1xx_it.o
    0x080040c8   0x080040c8   0x00000004   Code   RO          712    i.UsageFault_Handler  stm32f1xx_it.o
    0x080040cc   0x080040cc   0x00000020   Code   RO         4114    i.__0printf         mc_w.l(printfa.o)
    0x080040ec   0x080040ec   0x00000010   Code   RO         1727    i.__NVIC_GetPriorityGrouping  stm32f1xx_hal_cortex.o
    0x080040fc   0x080040fc   0x00000028   Code   RO         1728    i.__NVIC_SetPriority  stm32f1xx_hal_cortex.o
    0x08004124   0x08004124   0x0000000e   Code   RO         4205    i.__scatterload_copy  mc_w.l(handlers.o)
    0x08004132   0x08004132   0x00000002   Code   RO         4206    i.__scatterload_null  mc_w.l(handlers.o)
    0x08004134   0x08004134   0x0000000e   Code   RO         4207    i.__scatterload_zeroinit  mc_w.l(handlers.o)
    0x08004142   0x08004142   0x00000002   PAD
    0x08004144   0x08004144   0x00000184   Code   RO         4121    i._fp_digits        mc_w.l(printfa.o)
    0x080042c8   0x080042c8   0x000006dc   Code   RO         4122    i._printf_core      mc_w.l(printfa.o)
    0x080049a4   0x080049a4   0x00000024   Code   RO         4123    i._printf_post_padding  mc_w.l(printfa.o)
    0x080049c8   0x080049c8   0x0000002e   Code   RO         4124    i._printf_pre_padding  mc_w.l(printfa.o)
    0x080049f6   0x080049f6   0x00000002   PAD
    0x080049f8   0x080049f8   0x000000d0   Code   RO           14    i.console_exe       uart.o
    0x08004ac8   0x08004ac8   0x000000c4   Code   RO          175    i.ctrl_deck         ctrl.o
    0x08004b8c   0x08004b8c   0x000002ac   Code   RO          176    i.ctrl_exe          ctrl.o
    0x08004e38   0x08004e38   0x00000038   Code   RO          177    i.ctrl_init         ctrl.o
    0x08004e70   0x08004e70   0x000000ec   Code   RO          178    i.ctrl_motor        ctrl.o
    0x08004f5c   0x08004f5c   0x00000054   Code   RO          179    i.ctrl_stepper      ctrl.o
    0x08004fb0   0x08004fb0   0x00000060   Code   RO          180    i.ctrl_switch_TIM2_Mode  ctrl.o
    0x08005010   0x08005010   0x00000002   Code   RO          181    i.encoder3_update   ctrl.o
    0x08005012   0x08005012   0x00000002   PAD
    0x08005014   0x08005014   0x00000038   Code   RO          182    i.encoder4_update   ctrl.o
    0x0800504c   0x0800504c   0x0000001c   Code   RO           15    i.fputc             uart.o
    0x08005068   0x08005068   0x00000064   Code   RO          183    i.get_ml_cnt        ctrl.o
    0x080050cc   0x080050cc   0x0000002c   Code   RO          184    i.get_ml_vel        ctrl.o
    0x080050f8   0x080050f8   0x00000024   Code   RO           16    i.get_sbus          uart.o
    0x0800511c   0x0800511c   0x00000294   Code   RO          593    i.main              main.o
    0x080053b0   0x080053b0   0x00000060   Code   RO          402    i.mst_execute       tjmst.o
    0x08005410   0x08005410   0x0000003c   Code   RO          403    i.mst_pkgapply      tjmst.o
    0x0800544c   0x0800544c   0x00000070   Code   RO          404    i.mst_pkgecho       tjmst.o
    0x080054bc   0x080054bc   0x0000005c   Code   RO           17    i.set_tmp           uart.o
    0x08005518   0x08005518   0x00000018   Data   RO         3834    .constdata          system_stm32f1xx.o
    0x08005530   0x08005530   0x00000020   Data   RO         4203    Region$$Table       anon$$obj.o


    Execution Region RW_IRAM1 (Exec base: 0x20000000, Load base: 0x08005550, Size: 0x00000ac8, Max: 0x00005000, ABSOLUTE)

    Exec Addr    Load Addr    Size         Type   Attr      Idx    E Section Name        Object

    0x20000000   0x08005550   0x00000008   Data   RW           19    .data               uart.o
    0x20000008   0x08005558   0x00000040   Data   RW          187    .data               ctrl.o
    0x20000048   0x08005598   0x00000028   Data   RW          482    .data               ps2.o
    0x20000070   0x080055c0   0x00000004   Data   RW          595    .data               main.o
    0x20000074   0x080055c4   0x00000003   Data   RW          713    .data               stm32f1xx_it.o
    0x20000077   0x080055c7   0x00000001   PAD
    0x20000078   0x080055c8   0x00000009   Data   RW         1259    .data               stm32f1xx_hal.o
    0x20000081   0x080055d1   0x00000003   PAD
    0x20000084   0x080055d4   0x00000004   Data   RW         3835    .data               system_stm32f1xx.o
    0x20000088        -       0x0000003e   Zero   RW           18    .bss                uart.o
    0x200000c6   0x080055d8   0x00000002   PAD
    0x200000c8        -       0x00000048   Zero   RW          186    .bss                ctrl.o
    0x20000110        -       0x00000100   Zero   RW          406    .bss                tjmst.o
    0x20000210        -       0x00000009   Zero   RW          481    .bss                ps2.o
    0x20000219   0x080055d8   0x00000003   PAD
    0x2000021c        -       0x000004a8   Zero   RW          594    .bss                main.o
    0x200006c4   0x080055d8   0x00000004   PAD
    0x200006c8        -       0x00000400   Zero   RW            1    STACK               startup_stm32f103xb.o


==============================================================================

Image component sizes


      Code (inc. data)   RO Data    RW Data    ZI Data      Debug   Object Name

      1554        204          0         64         72       5763   ctrl.o
      2148        224          0          4       1192       8020   main.o
       172          0          0          0          0       1851   pid.o
       222         22          0         40          9       1908   ps2.o
        36          8        236          0       1024        764   startup_stm32f103xb.o
       152         32          0          9          0       5005   stm32f1xx_hal.o
      1406         56          0          0          0       7842   stm32f1xx_hal_adc.o
       304         22          0          0          0      29151   stm32f1xx_hal_cortex.o
       978         12          0          0          0       4594   stm32f1xx_hal_dma.o
       812         34          0          0          0       2560   stm32f1xx_hal_gpio.o
      1364        120          0          0          0       5296   stm32f1xx_hal_msp.o
      1784        110          0          0          0       5700   stm32f1xx_hal_rcc.o
       304         14          0          0          0       1320   stm32f1xx_hal_rcc_ex.o
       136          0          0          0          0       1031   stm32f1xx_hal_spi.o
      1680         36          0          0          0      12440   stm32f1xx_hal_tim.o
       204          0          0          0          0       2961   stm32f1xx_hal_tim_ex.o
      1932         38          0          0          0      13497   stm32f1xx_hal_uart.o
       856        122          0          3          0       8077   stm32f1xx_it.o
        88         18         24          4          0       1043   system_stm32f1xx.o
       500         76          0          0        256       3239   tjmst.o
       364         88          0          8         62     445800   uart.o

    ----------------------------------------------------------------------
     17020       1236        292        136       2624     567862   Object Totals
         0          0         32          0          0          0   (incl. Generated)
        24          0          0          4          9          0   (incl. Padding)

    ----------------------------------------------------------------------

      Code (inc. data)   RO Data    RW Data    ZI Data      Debug   Library Member Name

         0          0          0          0          0          0   entry.o
         0          0          0          0          0          0   entry10a.o
         0          0          0          0          0          0   entry11a.o
         8          4          0          0          0          0   entry2.o
         4          0          0          0          0          0   entry5.o
         0          0          0          0          0          0   entry7b.o
         0          0          0          0          0          0   entry8b.o
         8          4          0          0          0          0   entry9a.o
        30          0          0          0          0          0   handlers.o
        36          8          0          0          0         68   init.o
         0          0          0          0          0          0   iusefp.o
        30          0          0          0          0         68   llshl.o
        36          0          0          0          0         68   llsshr.o
        32          0          0          0          0         68   llushr.o
        26          0          0          0          0         80   memcmp.o
        36          0          0          0          0         68   memcpya.o
        36          0          0          0          0        108   memseta.o
      2258         90          0          0          0        452   printfa.o
        44          0          0          0          0         80   uidiv.o
        98          0          0          0          0         92   uldiv.o
        48          0          0          0          0         68   cdcmple.o
        48          0          0          0          0         68   cdrcmple.o
        20          0          0          0          0         68   cfcmple.o
        20          0          0          0          0         68   cfrcmple.o
        56          0          0          0          0         88   d2f.o
       334          0          0          0          0        148   dadd.o
       222          0          0          0          0        100   ddiv.o
       186          0          0          0          0        176   depilogue.o
        48          0          0          0          0         68   dfixul.o
        34          0          0          0          0         76   dflti.o
       228          0          0          0          0         96   dmul.o
        38          0          0          0          0         68   f2d.o
       176          0          0          0          0        140   fadd.o
       124          0          0          0          0         88   fdiv.o
       110          0          0          0          0        168   fepilogue.o
        40          0          0          0          0         68   ffixui.o
        10          0          0          0          0         68   ffltui.o
       100          0          0          0          0         76   fmul.o

    ----------------------------------------------------------------------
      4528        106          0          0          0       2852   Library Totals
         4          0          0          0          0          0   (incl. Padding)

    ----------------------------------------------------------------------

      Code (inc. data)   RO Data    RW Data    ZI Data      Debug   Library Name

      2682        106          0          0          0       1152   mc_w.l
      1842          0          0          0          0       1700   mf_w.l

    ----------------------------------------------------------------------
      4528        106          0          0          0       2852   Library Totals

    ----------------------------------------------------------------------

==============================================================================


      Code (inc. data)   RO Data    RW Data    ZI Data      Debug   

     21548       1342        292        136       2624     561922   Grand Totals
     21548       1342        292        136       2624     561922   ELF Image Totals
     21548       1342        292        136          0          0   ROM Totals

==============================================================================

    Total RO  Size (Code + RO Data)                21840 (  21.33kB)
    Total RW  Size (RW Data + ZI Data)              2760 (   2.70kB)
    Total ROM Size (Code + RO Data + RW Data)      21976 (  21.46kB)

==============================================================================

