Component: ARM Compiler 5.06 update 6 (build 750) Tool: armlink [4d35ed]

==============================================================================

Section Cross References

    main.o(i.main) refers to pinmap.o(i.PinMap_Init) for PinMap_Init
    main.o(i.main) refers to misc.o(i.NVIC_PriorityGroupConfig) for NVIC_PriorityGroupConfig
    main.o(i.main) refers to delay.o(i.delay_init) for delay_init
    main.o(i.main) refers to usart.o(i.USART3_Init) for USART3_Init
    main.o(i.main) refers to usart.o(i.UART5_Init) for UART5_Init
    main.o(i.main) refers to noretval__2printf.o(.text) for __2printf
    main.o(i.main) refers to motor.o(i.M2006_Init) for M2006_Init
    main.o(i.main) refers to motor.o(i.M2006_Thr) for M2006_Thr
    main.o(i.main) refers to delay.o(i.delay_ms) for delay_ms
    main.o(i.main) refers to usart.o(i.get_sbus) for get_sbus
    main.o(i.main) refers to f2d.o(x$fpl$f2d) for __aeabi_f2d
    main.o(i.main) refers to dmul.o(x$fpl$dmul) for __aeabi_dmul
    main.o(i.main) refers to daddsub_clz.o(x$fpl$dadd) for __aeabi_dadd
    main.o(i.main) refers to d2f.o(x$fpl$d2f) for __aeabi_d2f
    main.o(i.main) refers to main.o(.data) for times
    system_stm32f4xx.o(i.SystemCoreClockUpdate) refers to system_stm32f4xx.o(.data) for SystemCoreClock
    system_stm32f4xx.o(i.SystemInit) refers to system_stm32f4xx.o(i.SetSysClock) for SetSysClock
    led.o(i.LED_Init) refers to stm32f4xx_rcc.o(i.RCC_AHB1PeriphClockCmd) for RCC_AHB1PeriphClockCmd
    led.o(i.LED_Init) refers to stm32f4xx_gpio.o(i.GPIO_Init) for GPIO_Init
    led.o(i.LED_Init) refers to stm32f4xx_gpio.o(i.GPIO_SetBits) for GPIO_SetBits
    beep.o(i.BEEP_Init) refers to stm32f4xx_rcc.o(i.RCC_AHB1PeriphClockCmd) for RCC_AHB1PeriphClockCmd
    beep.o(i.BEEP_Init) refers to stm32f4xx_gpio.o(i.GPIO_Init) for GPIO_Init
    beep.o(i.BEEP_Init) refers to stm32f4xx_gpio.o(i.GPIO_ResetBits) for GPIO_ResetBits
    key.o(i.KEY_Init) refers to stm32f4xx_rcc.o(i.RCC_AHB1PeriphClockCmd) for RCC_AHB1PeriphClockCmd
    key.o(i.KEY_Init) refers to stm32f4xx_gpio.o(i.GPIO_Init) for GPIO_Init
    key.o(i.KEY_Scan) refers to stm32f4xx_gpio.o(i.GPIO_ReadInputDataBit) for GPIO_ReadInputDataBit
    key.o(i.KEY_Scan) refers to delay.o(i.delay_ms) for delay_ms
    key.o(i.KEY_Scan) refers to key.o(.data) for key_up
    motor.o(i.CAN1_RX0_IRQHandler) refers to _printf_pad.o(.text) for _printf_pre_padding
    motor.o(i.CAN1_RX0_IRQHandler) refers to _printf_percent.o(.ARM.Collect$$_printf_percent$$00000000) for _printf_percent
    motor.o(i.CAN1_RX0_IRQHandler) refers to _printf_f.o(.ARM.Collect$$_printf_percent$$00000003) for _printf_f
    motor.o(i.CAN1_RX0_IRQHandler) refers to printf1.o(x$fpl$printf1) for _printf_fp_dec
    motor.o(i.CAN1_RX0_IRQHandler) refers to stm32f4xx_can.o(i.CAN_ClearITPendingBit) for CAN_ClearITPendingBit
    motor.o(i.CAN1_RX0_IRQHandler) refers to stm32f4xx_can.o(i.CAN_ClearFlag) for CAN_ClearFlag
    motor.o(i.CAN1_RX0_IRQHandler) refers to stm32f4xx_can.o(i.CAN_Receive) for CAN_Receive
    motor.o(i.CAN1_RX0_IRQHandler) refers to dflt_clz.o(x$fpl$dflt) for __aeabi_i2d
    motor.o(i.CAN1_RX0_IRQHandler) refers to dmul.o(x$fpl$dmul) for __aeabi_dmul
    motor.o(i.CAN1_RX0_IRQHandler) refers to d2f.o(x$fpl$d2f) for __aeabi_d2f
    motor.o(i.CAN1_RX0_IRQHandler) refers to f2d.o(x$fpl$f2d) for __aeabi_f2d
    motor.o(i.CAN1_RX0_IRQHandler) refers to noretval__2printf.o(.text) for __2printf
    motor.o(i.CAN1_RX0_IRQHandler) refers to motor.o(.bss) for RxMessage
    motor.o(i.CAN1_RX0_IRQHandler) refers to motor.o(.data) for RX_psr
    motor.o(i.M2006_Init) refers to stm32f4xx_rcc.o(i.RCC_AHB1PeriphClockCmd) for RCC_AHB1PeriphClockCmd
    motor.o(i.M2006_Init) refers to stm32f4xx_rcc.o(i.RCC_APB1PeriphClockCmd) for RCC_APB1PeriphClockCmd
    motor.o(i.M2006_Init) refers to stm32f4xx_gpio.o(i.GPIO_Init) for GPIO_Init
    motor.o(i.M2006_Init) refers to stm32f4xx_gpio.o(i.GPIO_PinAFConfig) for GPIO_PinAFConfig
    motor.o(i.M2006_Init) refers to stm32f4xx_can.o(i.CAN_DeInit) for CAN_DeInit
    motor.o(i.M2006_Init) refers to stm32f4xx_can.o(i.CAN_StructInit) for CAN_StructInit
    motor.o(i.M2006_Init) refers to stm32f4xx_can.o(i.CAN_Init) for CAN_Init
    motor.o(i.M2006_Init) refers to stm32f4xx_can.o(i.CAN_FilterInit) for CAN_FilterInit
    motor.o(i.M2006_Init) refers to misc.o(i.NVIC_Init) for NVIC_Init
    motor.o(i.M2006_Init) refers to stm32f4xx_can.o(i.CAN_ITConfig) for CAN_ITConfig
    motor.o(i.M2006_Thr) refers to stm32f4xx_can.o(i.CAN_Transmit) for CAN_Transmit
    motor.o(i.M2006_Thr) refers to motor.o(.data) for TX_psr
    pinmap.o(i.PinMap_Init) refers to stm32f4xx_rcc.o(i.RCC_AHB1PeriphClockCmd) for RCC_AHB1PeriphClockCmd
    pinmap.o(i.PinMap_Init) refers to stm32f4xx_gpio.o(i.GPIO_Init) for GPIO_Init
    pinmap.o(i.PinMap_Init) refers to stm32f4xx_gpio.o(i.GPIO_SetBits) for GPIO_SetBits
    delay.o(i.delay_init) refers to misc.o(i.SysTick_CLKSourceConfig) for SysTick_CLKSourceConfig
[...]
    Removing stm32f4xx_tim.o(i.TIM_OC2PreloadConfig), (26 bytes).
    Removing stm32f4xx_tim.o(i.TIM_OC3FastConfig), (18 bytes).
    Removing stm32f4xx_tim.o(i.TIM_OC3Init), (160 bytes).
    Removing stm32f4xx_tim.o(i.TIM_OC3NPolarityConfig), (26 bytes).
    Removing stm32f4xx_tim.o(i.TIM_OC3PolarityConfig), (26 bytes).
    Removing stm32f4xx_tim.o(i.TIM_OC3PreloadConfig), (18 bytes).
    Removing stm32f4xx_tim.o(i.TIM_OC4FastConfig), (26 bytes).
    Removing stm32f4xx_tim.o(i.TIM_OC4Init), (120 bytes).
    Removing stm32f4xx_tim.o(i.TIM_OC4PolarityConfig), (26 bytes).
    Removing stm32f4xx_tim.o(i.TIM_OC4PreloadConfig), (26 bytes).
    Removing stm32f4xx_tim.o(i.TIM_OCStructInit), (20 bytes).
    Removing stm32f4xx_tim.o(i.TIM_PWMIConfig), (124 bytes).
    Removing stm32f4xx_tim.o(i.TIM_PrescalerConfig), (6 bytes).
    Removing stm32f4xx_tim.o(i.TIM_RemapConfig), (6 bytes).
    Removing stm32f4xx_tim.o(i.TIM_SelectCCDMA), (24 bytes).
    Removing stm32f4xx_tim.o(i.TIM_SelectCOM), (24 bytes).
    Removing stm32f4xx_tim.o(i.TIM_SelectHallSensor), (24 bytes).
    Removing stm32f4xx_tim.o(i.TIM_SelectInputTrigger), (18 bytes).
    Removing stm32f4xx_tim.o(i.TIM_SelectMasterSlaveMode), (18 bytes).
    Removing stm32f4xx_tim.o(i.TIM_SelectOCxM), (86 bytes).
    Removing stm32f4xx_tim.o(i.TIM_SelectOnePulseMode), (18 bytes).
    Removing stm32f4xx_tim.o(i.TIM_SelectOutputTrigger), (18 bytes).
    Removing stm32f4xx_tim.o(i.TIM_SelectSlaveMode), (18 bytes).
    Removing stm32f4xx_tim.o(i.TIM_SetAutoreload), (4 bytes).
    Removing stm32f4xx_tim.o(i.TIM_SetClockDivision), (18 bytes).
    Removing stm32f4xx_tim.o(i.TIM_SetCompare1), (4 bytes).
    Removing stm32f4xx_tim.o(i.TIM_SetCompare2), (4 bytes).
    Removing stm32f4xx_tim.o(i.TIM_SetCompare3), (4 bytes).
    Removing stm32f4xx_tim.o(i.TIM_SetCompare4), (4 bytes).
    Removing stm32f4xx_tim.o(i.TIM_SetCounter), (4 bytes).
    Removing stm32f4xx_tim.o(i.TIM_SetIC1Prescaler), (18 bytes).
    Removing stm32f4xx_tim.o(i.TIM_SetIC2Prescaler), (26 bytes).
    Removing stm32f4xx_tim.o(i.TIM_SetIC3Prescaler), (18 bytes).
    Removing stm32f4xx_tim.o(i.TIM_SetIC4Prescaler), (26 bytes).
    Removing stm32f4xx_tim.o(i.TIM_TIxExternalClockConfig), (62 bytes).
    Removing stm32f4xx_tim.o(i.TIM_TimeBaseInit), (132 bytes).
    Removing stm32f4xx_tim.o(i.TIM_TimeBaseStructInit), (18 bytes).
    Removing stm32f4xx_tim.o(i.TIM_UpdateDisableConfig), (24 bytes).
    Removing stm32f4xx_tim.o(i.TIM_UpdateRequestConfig), (24 bytes).

344 unused section(s) (total 11617 bytes) removed from the image.

==============================================================================

Image Symbol Table

    Local Symbols

    Symbol Name                              Value     Ov Type        Size  Object(Section)

    ../clib/angel/boardlib.s                 0x00000000   Number         0  boardinit2.o ABSOLUTE
    ../clib/angel/boardlib.s                 0x00000000   Number         0  boardinit1.o ABSOLUTE
    ../clib/angel/boardlib.s                 0x00000000   Number         0  boardinit3.o ABSOLUTE
    ../clib/angel/boardlib.s                 0x00000000   Number         0  boardshut.o ABSOLUTE
    ../clib/angel/handlers.s                 0x00000000   Number         0  __scatter_copy.o ABSOLUTE
    ../clib/angel/handlers.s                 0x00000000   Number         0  __scatter_zi.o ABSOLUTE
    ../clib/angel/kernel.s                   0x00000000   Number         0  __rtentry.o ABSOLUTE
    ../clib/angel/kernel.s                   0x00000000   Number         0  __rtentry2.o ABSOLUTE
    ../clib/angel/kernel.s                   0x00000000   Number         0  __rtentry4.o ABSOLUTE
    ../clib/angel/kernel.s                   0x00000000   Number         0  rtexit2.o ABSOLUTE
    ../clib/angel/kernel.s                   0x00000000   Number         0  rtexit.o ABSOLUTE
    ../clib/angel/rt.s                       0x00000000   Number         0  rt_locale.o ABSOLUTE
    ../clib/angel/rt.s                       0x00000000   Number         0  rt_raise.o ABSOLUTE
    ../clib/angel/rt.s                       0x00000000   Number         0  rt_locale_intlibspace.o ABSOLUTE
    ../clib/angel/scatter.s                  0x00000000   Number         0  __scatter.o ABSOLUTE
    ../clib/angel/startup.s                  0x00000000   Number         0  __main.o ABSOLUTE
    ../clib/angel/sys.s                      0x00000000   Number         0  use_no_semi.o ABSOLUTE
    ../clib/angel/sys.s                      0x00000000   Number         0  libspace.o ABSOLUTE
    ../clib/angel/sys.s                      0x00000000   Number         0  indicate_semi.o ABSOLUTE
    ../clib/angel/sys.s                      0x00000000   Number         0  sys_stackheap_outer.o ABSOLUTE
    ../clib/angel/sys.s                      0x00000000   Number         0  use_no_semi_2.o ABSOLUTE
    ../clib/angel/sysapp.c                   0x00000000   Number         0  sys_command.o ABSOLUTE
    ../clib/angel/sysapp.c                   0x00000000   Number         0  sys_wrch.o ABSOLUTE
    ../clib/armsys.c                         0x00000000   Number         0  argv_veneer.o ABSOLUTE
    ../clib/armsys.c                         0x00000000   Number         0  _get_argv_nomalloc.o ABSOLUTE
    ../clib/armsys.c                         0x00000000   Number         0  no_argv.o ABSOLUTE
    ../clib/armsys.c                         0x00000000   Number         0  argv_veneer.o ABSOLUTE
    ../clib/bigflt.c                         0x00000000   Number         0  bigflt0.o ABSOLUTE
    ../clib/btod.s                           0x00000000   Number         0  btod.o ABSOLUTE
    ../clib/heapalloc.c                      0x00000000   Number         0  hrguard.o ABSOLUTE
    ../clib/heapaux.c                        0x00000000   Number         0  heapauxi.o ABSOLUTE
    ../clib/libinit.s                        0x00000000   Number         0  libinit.o ABSOLUTE
    ../clib/libinit.s                        0x00000000   Number         0  libinit2.o ABSOLUTE
    ../clib/libinit.s                        0x00000000   Number         0  libshutdown.o ABSOLUTE
    ../clib/libinit.s                        0x00000000   Number         0  libshutdown2.o ABSOLUTE
    ../clib/locale.s                         0x00000000   Number         0  lc_numeric_c.o ABSOLUTE
    ../clib/longlong.s                       0x00000000   Number         0  lludiv10.o ABSOLUTE
    ../clib/memcpset.s                       0x00000000   Number         0  strcmpv7m.o ABSOLUTE
    ../clib/misc.s                           0x00000000   Number         0  printf_stubs.o ABSOLUTE
    ../clib/printf.c                         0x00000000   Number         0  _printf_char.o ABSOLUTE
    ../clib/printf.c                         0x00000000   Number         0  _printf_fp_dec.o ABSOLUTE
    ../clib/printf.c                         0x00000000   Number         0  _printf_pad.o ABSOLUTE
    ../clib/printf.c                         0x00000000   Number         0  __printf_wp.o ABSOLUTE
    ../clib/printf.c                         0x00000000   Number         0  _printf_fp_infnan.o ABSOLUTE
    ../clib/printf.c                         0x00000000   Number         0  __printf_flags_wp.o ABSOLUTE
    ../clib/printf.c                         0x00000000   Number         0  __printf_nopercent.o ABSOLUTE
    ../clib/printf.c                         0x00000000   Number         0  __printf_ss_wp.o ABSOLUTE
    ../clib/printf.c                         0x00000000   Number         0  __printf_flags_ss_wp.o ABSOLUTE
    ../clib/printf.c                         0x00000000   Number         0  _printf_char_common.o ABSOLUTE
    ../clib/printf.c                         0x00000000   Number         0  __printf_ss.o ABSOLUTE
    ../clib/printf.c                         0x00000000   Number         0  __2printf.o ABSOLUTE
    ../clib/printf.c                         0x00000000   Number         0  noretval__2printf.o ABSOLUTE
    ../clib/printf.c                         0x00000000   Number         0  __printf.o ABSOLUTE
    ../clib/printf.c                         0x00000000   Number         0  __printf_flags_ss.o ABSOLUTE
    ../clib/printf.c                         0x00000000   Number         0  _printf_str.o ABSOLUTE
    ../clib/printf.c                         0x00000000   Number         0  _printf_char_file.o ABSOLUTE
    ../clib/printf.c                         0x00000000   Number         0  __printf_flags.o ABSOLUTE
    ../clib/printf_percent.s                 0x00000000   Number         0  _printf_c.o ABSOLUTE
    ../clib/printf_percent.s                 0x00000000   Number         0  _printf_percent_end.o ABSOLUTE
    ../clib/printf_percent.s                 0x00000000   Number         0  _printf_percent.o ABSOLUTE
    ../clib/printf_percent.s                 0x00000000   Number         0  _printf_f.o ABSOLUTE
    ../clib/signal.c                         0x00000000   Number         0  defsig_pvfn_inner.o ABSOLUTE
    ../clib/signal.c                         0x00000000   Number         0  defsig_stak_inner.o ABSOLUTE
    ../clib/signal.c                         0x00000000   Number         0  defsig_rtred_inner.o ABSOLUTE
    ../clib/signal.c                         0x00000000   Number         0  defsig_fpe_inner.o ABSOLUTE
    ../clib/signal.c                         0x00000000   Number         0  defsig_rtmem_formal.o ABSOLUTE
    ../clib/signal.c                         0x00000000   Number         0  defsig_general.o ABSOLUTE
    ../clib/signal.c                         0x00000000   Number         0  defsig_rtmem_outer.o ABSOLUTE
    ../clib/signal.c                         0x00000000   Number         0  defsig_exit.o ABSOLUTE
    ../clib/signal.c                         0x00000000   Number         0  __raise.o ABSOLUTE
    ../clib/signal.c                         0x00000000   Number         0  defsig_rtmem_inner.o ABSOLUTE
    ../clib/signal.c                         0x00000000   Number         0  defsig_other.o ABSOLUTE
    ../clib/signal.c                         0x00000000   Number         0  defsig_segv_inner.o ABSOLUTE
    ../clib/signal.c                         0x00000000   Number         0  defsig_cppl_inner.o ABSOLUTE
    ../clib/signal.c                         0x00000000   Number         0  defsig_abrt_inner.o ABSOLUTE
    ../clib/signal.s                         0x00000000   Number         0  defsig.o ABSOLUTE
    ../clib/stdio.c                          0x00000000   Number         0  ferror_locked.o ABSOLUTE
    ../clib/stdio.c                          0x00000000   Number         0  ferror.o ABSOLUTE
    ../clib/stdlib.c                         0x00000000   Number         0  exit.o ABSOLUTE
    ../fplib/d2f.s                           0x00000000   Number         0  d2f.o ABSOLUTE
    ../fplib/daddsub.s                       0x00000000   Number         0  daddsub_clz.o ABSOLUTE
    ../fplib/dflt.s                          0x00000000   Number         0  dflt_clz.o ABSOLUTE
    ../fplib/dmul.s                          0x00000000   Number         0  dmul.o ABSOLUTE
    ../fplib/dnaninf.s                       0x00000000   Number         0  dnaninf.o ABSOLUTE
    ../fplib/dretinf.s                       0x00000000   Number         0  dretinf.o ABSOLUTE
    ../fplib/f2d.s                           0x00000000   Number         0  f2d.o ABSOLUTE
    ../fplib/fnaninf.s                       0x00000000   Number         0  fnaninf.o ABSOLUTE
    ../fplib/fpinit.s                        0x00000000   Number         0  fpinit.o ABSOLUTE
    ../fplib/fretinf.s                       0x00000000   Number         0  fretinf.o ABSOLUTE
    ../fplib/istatus.s                       0x00000000   Number         0  istatus.o ABSOLUTE
    ../fplib/printf1.s                       0x00000000   Number         0  printf1.o ABSOLUTE
    ../fplib/usenofp.s                       0x00000000   Number         0  usenofp.o ABSOLUTE
    ../mathlib/fpclassify.c                  0x00000000   Number         0  fpclassify.o ABSOLUTE
    ..\CORE\startup_stm32f40_41xxx.s         0x00000000   Number         0  startup_stm32f40_41xxx.o ABSOLUTE
    ..\FWLIB\src\misc.c                      0x00000000   Number         0  misc.o ABSOLUTE
    ..\FWLIB\src\stm32f4xx_adc.c             0x00000000   Number         0  stm32f4xx_adc.o ABSOLUTE
    ..\FWLIB\src\stm32f4xx_can.c             0x00000000   Number         0  stm32f4xx_can.o ABSOLUTE
    ..\FWLIB\src\stm32f4xx_dma.c             0x00000000   Number         0  stm32f4xx_dma.o ABSOLUTE
    ..\FWLIB\src\stm32f4xx_exti.c            0x00000000   Number         0  stm32f4xx_exti.o ABSOLUTE
    ..\FWLIB\src\stm32f4xx_gpio.c            0x00000000   Number         0  stm32f4xx_gpio.o ABSOLUTE
    ..\FWLIB\src\stm32f4xx_rcc.c             0x00000000   Number         0  stm32f4xx_rcc.o ABSOLUTE
    ..\FWLIB\src\stm32f4xx_spi.c             0x00000000   Number         0  stm32f4xx_spi.o ABSOLUTE
    ..\FWLIB\src\stm32f4xx_syscfg.c          0x00000000   Number         0  stm32f4xx_syscfg.o ABSOLUTE
    ..\FWLIB\src\stm32f4xx_tim.c             0x00000000   Number         0  stm32f4xx_tim.o ABSOLUTE
    ..\FWLIB\src\stm32f4xx_usart.c           0x00000000   Number         0  stm32f4xx_usart.o ABSOLUTE
    ..\HARDWARE\BEEP\beep.c                  0x00000000   Number         0  beep.o ABSOLUTE
    ..\HARDWARE\KEY\key.c                    0x00000000   Number         0  key.o ABSOLUTE
    ..\HARDWARE\LED\led.c                    0x00000000   Number         0  led.o ABSOLUTE
    ..\HARDWARE\PinMap.c                     0x00000000   Number         0  pinmap.o ABSOLUTE
    ..\HARDWARE\motor.c                      0x00000000   Number         0  motor.o ABSOLUTE
    ..\SYSTEM\delay\delay.c                  0x00000000   Number         0  delay.o ABSOLUTE
    ..\SYSTEM\sys\sys.c                      0x00000000   Number         0  sys.o ABSOLUTE
    ..\SYSTEM\usart\usart.c                  0x00000000   Number         0  usart.o ABSOLUTE
    ..\\FWLIB\\src\\misc.c                   0x00000000   Number         0  misc.o ABSOLUTE
    ..\\FWLIB\\src\\stm32f4xx_adc.c          0x00000000   Number         0  stm32f4xx_adc.o ABSOLUTE
    ..\\FWLIB\\src\\stm32f4xx_can.c          0x00000000   Number         0  stm32f4xx_can.o ABSOLUTE
    ..\\FWLIB\\src\\stm32f4xx_dma.c          0x00000000   Number         0  stm32f4xx_dma.o ABSOLUTE
    ..\\FWLIB\\src\\stm32f4xx_exti.c         0x00000000   Number         0  stm32f4xx_exti.o ABSOLUTE
    ..\\FWLIB\\src\\stm32f4xx_gpio.c         0x00000000   Number         0  stm32f4xx_gpio.o ABSOLUTE
    ..\\FWLIB\\src\\stm32f4xx_rcc.c          0x00000000   Number         0  stm32f4xx_rcc.o ABSOLUTE
    ..\\FWLIB\\src\\stm32f4xx_spi.c          0x00000000   Number         0  stm32f4xx_spi.o ABSOLUTE
    ..\\FWLIB\\src\\stm32f4xx_syscfg.c       0x00000000   Number         0  stm32f4xx_syscfg.o ABSOLUTE
    ..\\FWLIB\\src\\stm32f4xx_tim.c          0x00000000   Number         0  stm32f4xx_tim.o ABSOLUTE
    ..\\FWLIB\\src\\stm32f4xx_usart.c        0x00000000   Number         0  stm32f4xx_usart.o ABSOLUTE
    ..\\HARDWARE\\BEEP\\beep.c               0x00000000   Number         0  beep.o ABSOLUTE
    ..\\HARDWARE\\KEY\\key.c                 0x00000000   Number         0  key.o ABSOLUTE
    ..\\HARDWARE\\LED\\led.c                 0x00000000   Number         0  led.o ABSOLUTE
    ..\\HARDWARE\\PinMap.c                   0x00000000   Number         0  pinmap.o ABSOLUTE
    ..\\HARDWARE\\motor.c                    0x00000000   Number         0  motor.o ABSOLUTE
    ..\\SYSTEM\\delay\\delay.c               0x00000000   Number         0  delay.o ABSOLUTE
    ..\\SYSTEM\\sys\\sys.c                   0x00000000   Number         0  sys.o ABSOLUTE
    ..\\SYSTEM\\usart\\usart.c               0x00000000   Number         0  usart.o ABSOLUTE
    dc.s                                     0x00000000   Number         0  dc.o ABSOLUTE
    main.c                                   0x00000000   Number         0  main.o ABSOLUTE
    main.c                                   0x00000000   Number         0  main.o ABSOLUTE
    stm32f4xx_it.c                           0x00000000   Number         0  stm32f4xx_it.o ABSOLUTE
    stm32f4xx_it.c                           0x00000000   Number         0  stm32f4xx_it.o ABSOLUTE
    system_stm32f4xx.c                       0x00000000   Number         0  system_stm32f4xx.o ABSOLUTE
    system_stm32f4xx.c                       0x00000000   Number         0  system_stm32f4xx.o ABSOLUTE
    RESET                                    0x08000000   Section      392  startup_stm32f40_41xxx.o(RESET)
    !!!main                                  0x08000188   Section        8  __main.o(!!!main)
    !!!scatter                               0x08000190   Section       52  __scatter.o(!!!scatter)
    !!handler_copy                           0x080001c4   Section       26  __scatter_copy.o(!!handler_copy)
    !!handler_zi                             0x080001e0   Section       28  __scatter_zi.o(!!handler_zi)
    .ARM.Collect$$_printf_percent$$00000000  0x080001fc   Section        0  _printf_percent.o(.ARM.Collect$$_printf_percent$$00000000)
    .ARM.Collect$$_printf_percent$$00000003  0x080001fc   Section        6  _printf_f.o(.ARM.Collect$$_printf_percent$$00000003)
    .ARM.Collect$$_printf_percent$$00000013  0x08000202   Section        6  _printf_c.o(.ARM.Collect$$_printf_percent$$00000013)
    .ARM.Collect$$_printf_percent$$00000017  0x08000208   Section        4  _printf_percent_end.o(.ARM.Collect$$_printf_percent$$00000017)
    .ARM.Collect$$libinit$$00000000          0x0800020c   Section        2  libinit.o(.ARM.Collect$$libinit$$00000000)
    .ARM.Collect$$libinit$$00000001          0x0800020e   Section        4  libinit2.o(.ARM.Collect$$libinit$$00000001)
    .ARM.Collect$$libinit$$00000004          0x08000212   Section        0  libinit2.o(.ARM.Collect$$libinit$$00000004)
    .ARM.Collect$$libinit$$0000000A          0x08000212   Section        0  libinit2.o(.ARM.Collect$$libinit$$0000000A)
    .ARM.Collect$$libinit$$0000000C          0x08000212   Section        0  libinit2.o(.ARM.Collect$$libinit$$0000000C)
    .ARM.Collect$$libinit$$0000000E          0x08000212   Section        0  libinit2.o(.ARM.Collect$$libinit$$0000000E)
    .ARM.Collect$$libinit$$0000000F          0x08000212   Section        6  libinit2.o(.ARM.Collect$$libinit$$0000000F)
    .ARM.Collect$$libinit$$00000011          0x08000218   Section        0  libinit2.o(.ARM.Collect$$libinit$$00000011)
    .ARM.Collect$$libinit$$00000013          0x08000218   Section        0  libinit2.o(.ARM.Collect$$libinit$$00000013)
    .ARM.Collect$$libinit$$00000015          0x08000218   Section        0  libinit2.o(.ARM.Collect$$libinit$$00000015)
    .ARM.Collect$$libinit$$00000016          0x08000218   Section       10  libinit2.o(.ARM.Collect$$libinit$$00000016)
    .ARM.Collect$$libinit$$00000017          0x08000222   Section        0  libinit2.o(.ARM.Collect$$libinit$$00000017)
    .ARM.Collect$$libinit$$00000019          0x08000222   Section        0  libinit2.o(.ARM.Collect$$libinit$$00000019)
    .ARM.Collect$$libinit$$0000001B          0x08000222   Section        0  libinit2.o(.ARM.Collect$$libinit$$0000001B)
    .ARM.Collect$$libinit$$0000001D          0x08000222   Section        0  libinit2.o(.ARM.Collect$$libinit$$0000001D)
    .ARM.Collect$$libinit$$0000001F          0x08000222   Section        0  libinit2.o(.ARM.Collect$$libinit$$0000001F)
    .ARM.Collect$$libinit$$00000021          0x08000222   Section        0  libinit2.o(.ARM.Collect$$libinit$$00000021)
    .ARM.Collect$$libinit$$00000023          0x08000222   Section        0  libinit2.o(.ARM.Collect$$libinit$$00000023)
    .ARM.Collect$$libinit$$00000025          0x08000222   Section        0  libinit2.o(.ARM.Collect$$libinit$$00000025)
    .ARM.Collect$$libinit$$0000002C          0x08000222   Section        0  libinit2.o(.ARM.Collect$$libinit$$0000002C)
    .ARM.Collect$$libinit$$0000002E          0x08000222   Section        0  libinit2.o(.ARM.Collect$$libinit$$0000002E)
    .ARM.Collect$$libinit$$00000030          0x08000222   Section        0  libinit2.o(.ARM.Collect$$libinit$$00000030)
    .ARM.Collect$$libinit$$00000032          0x08000222   Section        0  libinit2.o(.ARM.Collect$$libinit$$00000032)
    .ARM.Collect$$libinit$$00000033          0x08000222   Section        2  libinit2.o(.ARM.Collect$$libinit$$00000033)
    .ARM.Collect$$libshutdown$$00000000      0x08000224   Section        2  libshutdown.o(.ARM.Collect$$libshutdown$$00000000)
    .ARM.Collect$$libshutdown$$00000002      0x08000226   Section        0  libshutdown2.o(.ARM.Collect$$libshutdown$$00000002)
    .ARM.Collect$$libshutdown$$00000004      0x08000226   Section        0  libshutdown2.o(.ARM.Collect$$libshutdown$$00000004)
    .ARM.Collect$$libshutdown$$00000007      0x08000226   Section        0  libshutdown2.o(.ARM.Collect$$libshutdown$$00000007)
    .ARM.Collect$$libshutdown$$0000000A      0x08000226   Section        0  libshutdown2.o(.ARM.Collect$$libshutdown$$0000000A)
    .ARM.Collect$$libshutdown$$0000000C      0x08000226   Section        0  libshutdown2.o(.ARM.Collect$$libshutdown$$0000000C)
    .ARM.Collect$$libshutdown$$0000000F      0x08000226   Section        0  libshutdown2.o(.ARM.Collect$$libshutdown$$0000000F)
    .ARM.Collect$$libshutdown$$00000010      0x08000226   Section        2  libshutdown2.o(.ARM.Collect$$libshutdown$$00000010)
    .ARM.Collect$$rtentry$$00000000          0x08000228   Section        0  __rtentry.o(.ARM.Collect$$rtentry$$00000000)
    .ARM.Collect$$rtentry$$00000002          0x08000228   Section        0  __rtentry2.o(.ARM.Collect$$rtentry$$00000002)
    .ARM.Collect$$rtentry$$00000004          0x08000228   Section        6  __rtentry4.o(.ARM.Collect$$rtentry$$00000004)
    .ARM.Collect$$rtentry$$00000009          0x0800022e   Section        0  __rtentry2.o(.ARM.Collect$$rtentry$$00000009)
    .ARM.Collect$$rtentry$$0000000A          0x0800022e   Section        4  __rtentry2.o(.ARM.Collect$$rtentry$$0000000A)
    .ARM.Collect$$rtentry$$0000000C          0x08000232   Section        0  __rtentry2.o(.ARM.Collect$$rtentry$$0000000C)
    .ARM.Collect$$rtentry$$0000000D          0x08000232   Section        8  __rtentry2.o(.ARM.Collect$$rtentry$$0000000D)
    .ARM.Collect$$rtexit$$00000000           0x0800023a   Section        2  rtexit.o(.ARM.Collect$$rtexit$$00000000)
    .ARM.Collect$$rtexit$$00000002           0x0800023c   Section        0  rtexit2.o(.ARM.Collect$$rtexit$$00000002)
    .ARM.Collect$$rtexit$$00000003           0x0800023c   Section        4  rtexit2.o(.ARM.Collect$$rtexit$$00000003)
    .ARM.Collect$$rtexit$$00000004           0x08000240   Section        6  rtexit2.o(.ARM.Collect$$rtexit$$00000004)
    .text                                    0x08000248   Section       64  startup_stm32f40_41xxx.o(.text)
    $v0                                      0x08000248   Number         0  startup_stm32f40_41xxx.o(.text)
    .text                                    0x08000288   Section        2  use_no_semi_2.o(.text)
    .text                                    0x0800028c   Section        0  noretval__2printf.o(.text)
    .text                                    0x080002a4   Section        0  _printf_pad.o(.text)
    .text                                    0x080002f2   Section        0  _printf_str.o(.text)
    .text                                    0x08000344   Section        0  __printf_wp.o(.text)
    .text                                    0x08000452   Section        0  heapauxi.o(.text)
    .text                                    0x08000458   Section        2  use_no_semi.o(.text)
    .text                                    0x0800045a   Section        0  _printf_fp_dec.o(.text)
    _fp_digits                               0x0800045d   Thumb Code   432  _printf_fp_dec.o(.text)
    .text                                    0x08000878   Section        0  _printf_char.o(.text)
    .text                                    0x080008a4   Section        0  _printf_char_file.o(.text)
    .text                                    0x080008c8   Section        8  rt_locale_intlibspace.o(.text)
    .text                                    0x080008d0   Section      138  lludiv10.o(.text)
    .text                                    0x0800095c   Section        0  _printf_char_common.o(.text)
    _printf_input_char                       0x0800095d   Thumb Code    10  _printf_char_common.o(.text)
    .text                                    0x0800098c   Section        0  _printf_fp_infnan.o(.text)
    .text                                    0x08000a0c   Section        0  bigflt0.o(.text)
    .text                                    0x08000af0   Section        0  ferror.o(.text)
    .text                                    0x08000af8   Section        8  libspace.o(.text)
    .text                                    0x08000b00   Section       74  sys_stackheap_outer.o(.text)
    .text                                    0x08000b4a   Section        0  exit.o(.text)
    .text                                    0x08000b5c   Section      128  strcmpv7m.o(.text)
    CL$$btod_d2e                             0x08000bdc   Section       62  btod.o(CL$$btod_d2e)
    CL$$btod_d2e_denorm_low                  0x08000c1a   Section       70  btod.o(CL$$btod_d2e_denorm_low)
    CL$$btod_d2e_norm_op1                    0x08000c60   Section       96  btod.o(CL$$btod_d2e_norm_op1)
    CL$$btod_div_common                      0x08000cc0   Section      824  btod.o(CL$$btod_div_common)
    CL$$btod_e2e                             0x08000ff8   Section      220  btod.o(CL$$btod_e2e)
    CL$$btod_ediv                            0x080010d4   Section       42  btod.o(CL$$btod_ediv)
    CL$$btod_emul                            0x080010fe   Section       42  btod.o(CL$$btod_emul)
    CL$$btod_mult_common                     0x08001128   Section      580  btod.o(CL$$btod_mult_common)
    i.BusFault_Handler                       0x0800136c   Section        0  stm32f4xx_it.o(i.BusFault_Handler)
    i.CAN1_RX0_IRQHandler                    0x08001370   Section        0  motor.o(i.CAN1_RX0_IRQHandler)
    i.CAN_ClearFlag                          0x080014e4   Section        0  stm32f4xx_can.o(i.CAN_ClearFlag)
    i.CAN_ClearITPendingBit                  0x0800151c   Section        0  stm32f4xx_can.o(i.CAN_ClearITPendingBit)
    i.CAN_DeInit                             0x080015c4   Section        0  stm32f4xx_can.o(i.CAN_DeInit)
    i.CAN_FilterInit                         0x080015fc   Section        0  stm32f4xx_can.o(i.CAN_FilterInit)
    i.CAN_ITConfig                           0x08001704   Section        0  stm32f4xx_can.o(i.CAN_ITConfig)
    i.CAN_Init                               0x08001716   Section        0  stm32f4xx_can.o(i.CAN_Init)
    i.CAN_Receive                            0x0800182a   Section        0  stm32f4xx_can.o(i.CAN_Receive)
    i.CAN_StructInit                         0x0800191a   Section        0  stm32f4xx_can.o(i.CAN_StructInit)
    i.CAN_Transmit                           0x0800193a   Section        0  stm32f4xx_can.o(i.CAN_Transmit)
    i.DebugMon_Handler                       0x08001a60   Section        0  stm32f4xx_it.o(i.DebugMon_Handler)
    i.GPIO_Init                              0x08001a62   Section        0  stm32f4xx_gpio.o(i.GPIO_Init)
    i.GPIO_PinAFConfig                       0x08001af2   Section        0  stm32f4xx_gpio.o(i.GPIO_PinAFConfig)
    i.GPIO_SetBits                           0x08001b38   Section        0  stm32f4xx_gpio.o(i.GPIO_SetBits)
    i.HardFault_Handler                      0x08001b3c   Section        0  stm32f4xx_it.o(i.HardFault_Handler)
    i.M2006_Init                             0x08001b40   Section        0  motor.o(i.M2006_Init)
    i.M2006_Thr                              0x08001c28   Section        0  motor.o(i.M2006_Thr)
    i.MemManage_Handler                      0x08001e0c   Section        0  stm32f4xx_it.o(i.MemManage_Handler)
    i.NMI_Handler                            0x08001e10   Section        0  stm32f4xx_it.o(i.NMI_Handler)
    i.NVIC_Init                              0x08001e14   Section        0  misc.o(i.NVIC_Init)
    i.NVIC_PriorityGroupConfig               0x08001e8c   Section        0  misc.o(i.NVIC_PriorityGroupConfig)
    i.PendSV_Handler                         0x08001ea0   Section        0  stm32f4xx_it.o(i.PendSV_Handler)
    i.PinMap_Init                            0x08001ea4   Section        0  pinmap.o(i.PinMap_Init)
    i.RCC_AHB1PeriphClockCmd                 0x08001f04   Section        0  stm32f4xx_rcc.o(i.RCC_AHB1PeriphClockCmd)
    i.RCC_APB1PeriphClockCmd                 0x08001f24   Section        0  stm32f4xx_rcc.o(i.RCC_APB1PeriphClockCmd)
    i.RCC_APB1PeriphResetCmd                 0x08001f44   Section        0  stm32f4xx_rcc.o(i.RCC_APB1PeriphResetCmd)
    i.RCC_GetClocksFreq                      0x08001f64   Section        0  stm32f4xx_rcc.o(i.RCC_GetClocksFreq)
    i.SVC_Handler                            0x0800204c   Section        0  stm32f4xx_it.o(i.SVC_Handler)
    i.SetSysClock                            0x08002050   Section        0  system_stm32f4xx.o(i.SetSysClock)
    SetSysClock                              0x08002051   Thumb Code   220  system_stm32f4xx.o(i.SetSysClock)
    i.SysTick_CLKSourceConfig                0x0800213c   Section        0  misc.o(i.SysTick_CLKSourceConfig)
    i.SysTick_Handler                        0x08002164   Section        0  stm32f4xx_it.o(i.SysTick_Handler)
    i.SystemInit                             0x08002168   Section        0  system_stm32f4xx.o(i.SystemInit)
    i.UART5_IRQHandler                       0x080021d0   Section        0  usart.o(i.UART5_IRQHandler)
    i.UART5_Init                             0x080023c8   Section        0  usart.o(i.UART5_Init)
    i.USART3_IRQHandler                      0x08002474   Section        0  usart.o(i.USART3_IRQHandler)
    i.USART3_Init                            0x0800249c   Section        0  usart.o(i.USART3_Init)
    i.USART_ClearITPendingBit                0x08002548   Section        0  stm32f4xx_usart.o(i.USART_ClearITPendingBit)
    i.USART_Cmd                              0x08002566   Section        0  stm32f4xx_usart.o(i.USART_Cmd)
    i.USART_GetITStatus                      0x0800257e   Section        0  stm32f4xx_usart.o(i.USART_GetITStatus)
    i.USART_ITConfig                         0x080025d2   Section        0  stm32f4xx_usart.o(i.USART_ITConfig)
    i.USART_Init                             0x0800261c   Section        0  stm32f4xx_usart.o(i.USART_Init)
    i.USART_ReceiveData                      0x080026f0   Section        0  stm32f4xx_usart.o(i.USART_ReceiveData)
    i.UsageFault_Handler                     0x080026fa   Section        0  stm32f4xx_it.o(i.UsageFault_Handler)
    i.__ARM_fpclassify                       0x080026fe   Section        0  fpclassify.o(i.__ARM_fpclassify)
    i._is_digit                              0x0800272e   Section        0  __printf_wp.o(i._is_digit)
    i._sys_exit                              0x0800273c   Section        0  usart.o(i._sys_exit)
    i.delay_init                             0x08002740   Section        0  delay.o(i.delay_init)
    i.delay_ms                               0x0800277c   Section        0  delay.o(i.delay_ms)
    i.delay_xms                              0x080027b4   Section        0  delay.o(i.delay_xms)
    i.fputc                                  0x08002800   Section        0  usart.o(i.fputc)
    i.get_sbus                               0x0800281c   Section        0  usart.o(i.get_sbus)
    i.main                                   0x08002860   Section        0  main.o(i.main)
    locale$$code                             0x08002b3c   Section       44  lc_numeric_c.o(locale$$code)
    x$fpl$d2f                                0x08002b68   Section       98  d2f.o(x$fpl$d2f)
    $v0                                      0x08002b68   Number         0  d2f.o(x$fpl$d2f)
    x$fpl$dadd                               0x08002bcc   Section      336  daddsub_clz.o(x$fpl$dadd)
    $v0                                      0x08002bcc   Number         0  daddsub_clz.o(x$fpl$dadd)
    _dadd1                                   0x08002bdd   Thumb Code     0  daddsub_clz.o(x$fpl$dadd)
    x$fpl$dflt                               0x08002d1c   Section       46  dflt_clz.o(x$fpl$dflt)
    $v0                                      0x08002d1c   Number         0  dflt_clz.o(x$fpl$dflt)
    x$fpl$dmul                               0x08002d4c   Section      340  dmul.o(x$fpl$dmul)
    $v0                                      0x08002d4c   Number         0  dmul.o(x$fpl$dmul)
    x$fpl$dnaninf                            0x08002ea0   Section      156  dnaninf.o(x$fpl$dnaninf)
    $v0                                      0x08002ea0   Number         0  dnaninf.o(x$fpl$dnaninf)
    x$fpl$dretinf                            0x08002f3c   Section       12  dretinf.o(x$fpl$dretinf)
    $v0                                      0x08002f3c   Number         0  dretinf.o(x$fpl$dretinf)
    x$fpl$dsub                               0x08002f48   Section      468  daddsub_clz.o(x$fpl$dsub)
    $v0                                      0x08002f48   Number         0  daddsub_clz.o(x$fpl$dsub)
    _dsub1                                   0x08002f59   Thumb Code     0  daddsub_clz.o(x$fpl$dsub)
    x$fpl$f2d                                0x0800311c   Section       86  f2d.o(x$fpl$f2d)
    $v0                                      0x0800311c   Number         0  f2d.o(x$fpl$f2d)
    x$fpl$fnaninf                            0x08003172   Section      140  fnaninf.o(x$fpl$fnaninf)
    $v0                                      0x08003172   Number         0  fnaninf.o(x$fpl$fnaninf)
    x$fpl$fpinit                             0x080031fe   Section       10  fpinit.o(x$fpl$fpinit)
    $v0                                      0x080031fe   Number         0  fpinit.o(x$fpl$fpinit)
    x$fpl$fretinf                            0x08003208   Section       10  fretinf.o(x$fpl$fretinf)
    $v0                                      0x08003208   Number         0  fretinf.o(x$fpl$fretinf)
    x$fpl$printf1                            0x08003212   Section        4  printf1.o(x$fpl$printf1)
    $v0                                      0x08003212   Number         0  printf1.o(x$fpl$printf1)
    x$fpl$usenofp                            0x08003216   Section        0  usenofp.o(x$fpl$usenofp)
    .constdata                               0x08003218   Section      148  bigflt0.o(.constdata)
    tenpwrs_x                                0x08003218   Data          60  bigflt0.o(.constdata)
    tenpwrs_i                                0x08003254   Data          64  bigflt0.o(.constdata)
    locale$$data                             0x080032cc   Section       28  lc_numeric_c.o(locale$$data)
    __lcnum_c_name                           0x080032d0   Data           2  lc_numeric_c.o(locale$$data)
    __lcnum_c_start                          0x080032d8   Data           0  lc_numeric_c.o(locale$$data)
    __lcnum_c_point                          0x080032e4   Data           0  lc_numeric_c.o(locale$$data)
    __lcnum_c_thousands                      0x080032e6   Data           0  lc_numeric_c.o(locale$$data)
    __lcnum_c_grouping                       0x080032e7   Data           0  lc_numeric_c.o(locale$$data)
    __lcnum_c_end                            0x080032e8   Data           0  lc_numeric_c.o(locale$$data)
    .data                                    0x20000000   Section        2  main.o(.data)
    times                                    0x20000000   Data           2  main.o(.data)
    .data                                    0x20000002   Section        4  motor.o(.data)
    RX_psr                                   0x20000002   Data           2  motor.o(.data)
    TX_psr                                   0x20000004   Data           2  motor.o(.data)
    .data                                    0x20000006   Section        4  delay.o(.data)
    fac_us                                   0x20000006   Data           1  delay.o(.data)
    fac_ms                                   0x20000008   Data           2  delay.o(.data)
    .data                                    0x2000000c   Section        5  usart.o(.data)
    .data                                    0x20000011   Section       16  stm32f4xx_rcc.o(.data)
    APBAHBPrescTable                         0x20000011   Data          16  stm32f4xx_rcc.o(.data)
    .bss                                     0x20000024   Section       72  motor.o(.bss)
    RxMessage                                0x20000058   Data          20  motor.o(.bss)
    .bss                                     0x2000006c   Section      324  usart.o(.bss)
    .bss                                     0x200001b0   Section       96  libspace.o(.bss)
    HEAP                                     0x20000210   Section      512  startup_stm32f40_41xxx.o(HEAP)
    Heap_Mem                                 0x20000210   Data         512  startup_stm32f40_41xxx.o(HEAP)
    STACK                                    0x20000410   Section     1024  startup_stm32f40_41xxx.o(STACK)
    Stack_Mem                                0x20000410   Data        1024  startup_stm32f40_41xxx.o(STACK)
    __initial_sp                             0x20000810   Data           0  startup_stm32f40_41xxx.o(STACK)

    Global Symbols

    Symbol Name                              Value     Ov Type        Size  Object(Section)

    BuildAttributes$$THM_ISAv4$E$P$D$K$B$S$7EM$VFPi3$EXTD16$VFPS$VFMA$PE$A:L22UL41UL21$X:L11$S22US41US21$IEEE1$IW$USESV6$~STKCKD$USESV7$~SHL$OTIME$ROPI$IEEEJ$EBA8$UX$STANDARDLIB$REQ8$PRES8$EABIv2 0x00000000   Number         0  anon$$obj.o ABSOLUTE
    __ARM_use_no_argv                        0x00000000   Number         0  main.o ABSOLUTE
    _printf_flags                            0x00000000   Number         0  printf_stubs.o ABSOLUTE
    _printf_return_value                     0x00000000   Number         0  printf_stubs.o ABSOLUTE
    _printf_sizespec                         0x00000000   Number         0  printf_stubs.o ABSOLUTE
    _printf_widthprec                        0x00000000   Number         0  printf_stubs.o ABSOLUTE
    __ARM_exceptions_init                     - Undefined Weak Reference
    __alloca_initialize                       - Undefined Weak Reference
    __arm_preinit_                            - Undefined Weak Reference
    __cpp_initialize__aeabi_                  - Undefined Weak Reference
    __cxa_finalize                            - Undefined Weak Reference
    __sigvec_lookup                           - Undefined Weak Reference
    _atexit_init                              - Undefined Weak Reference
    _call_atexit_fns                          - Undefined Weak Reference
    _clock_init                               - Undefined Weak Reference
    _fp_trap_init                             - Undefined Weak Reference
    _fp_trap_shutdown                         - Undefined Weak Reference
    _get_lc_collate                           - Undefined Weak Reference
    _get_lc_ctype                             - Undefined Weak Reference
    _get_lc_monetary                          - Undefined Weak Reference
    _get_lc_time                              - Undefined Weak Reference
    _getenv_init                              - Undefined Weak Reference
    _handle_redirection                       - Undefined Weak Reference
    _init_alloc                               - Undefined Weak Reference
    _init_user_alloc                          - Undefined Weak Reference
    _initio                                   - Undefined Weak Reference
    _mutex_acquire                            - Undefined Weak Reference
    _mutex_release                            - Undefined Weak Reference
    _printf_mbtowc                            - Undefined Weak Reference
    _rand_init                                - Undefined Weak Reference
    _signal_finish                            - Undefined Weak Reference
    _signal_init                              - Undefined Weak Reference
    _terminate_alloc                          - Undefined Weak Reference
    _terminate_user_alloc                     - Undefined Weak Reference
    _terminateio                              - Undefined Weak Reference
    __Vectors_Size                           0x00000188   Number         0  startup_stm32f40_41xxx.o ABSOLUTE
    __Vectors                                0x08000000   Data           4  startup_stm32f40_41xxx.o(RESET)
    __Vectors_End                            0x08000188   Data           0  startup_stm32f40_41xxx.o(RESET)
    __main                                   0x08000189   Thumb Code     8  __main.o(!!!main)
    __scatterload                            0x08000191   Thumb Code     0  __scatter.o(!!!scatter)
    __scatterload_rt2                        0x08000191   Thumb Code    44  __scatter.o(!!!scatter)
    __scatterload_rt2_thumb_only             0x08000191   Thumb Code     0  __scatter.o(!!!scatter)
    __scatterload_null                       0x0800019f   Thumb Code     0  __scatter.o(!!!scatter)
    __scatterload_copy                       0x080001c5   Thumb Code    26  __scatter_copy.o(!!handler_copy)
    __scatterload_zeroinit                   0x080001e1   Thumb Code    28  __scatter_zi.o(!!handler_zi)
    _printf_f                                0x080001fd   Thumb Code     0  _printf_f.o(.ARM.Collect$$_printf_percent$$00000003)
    _printf_percent                          0x080001fd   Thumb Code     0  _printf_percent.o(.ARM.Collect$$_printf_percent$$00000000)
    _printf_c                                0x08000203   Thumb Code     0  _printf_c.o(.ARM.Collect$$_printf_percent$$00000013)
    _printf_percent_end                      0x08000209   Thumb Code     0  _printf_percent_end.o(.ARM.Collect$$_printf_percent$$00000017)
    __rt_lib_init                            0x0800020d   Thumb Code     0  libinit.o(.ARM.Collect$$libinit$$00000000)
    __rt_lib_init_fp_1                       0x0800020f   Thumb Code     0  libinit2.o(.ARM.Collect$$libinit$$00000001)
    __rt_lib_init_heap_1                     0x08000213   Thumb Code     0  libinit2.o(.ARM.Collect$$libinit$$0000000A)
    __rt_lib_init_lc_common                  0x08000213   Thumb Code     0  libinit2.o(.ARM.Collect$$libinit$$0000000F)
    __rt_lib_init_preinit_1                  0x08000213   Thumb Code     0  libinit2.o(.ARM.Collect$$libinit$$00000004)
    __rt_lib_init_rand_1                     0x08000213   Thumb Code     0  libinit2.o(.ARM.Collect$$libinit$$0000000E)
    __rt_lib_init_user_alloc_1               0x08000213   Thumb Code     0  libinit2.o(.ARM.Collect$$libinit$$0000000C)
    __rt_lib_init_lc_collate_1               0x08000219   Thumb Code     0  libinit2.o(.ARM.Collect$$libinit$$00000011)
    __rt_lib_init_lc_ctype_1                 0x08000219   Thumb Code     0  libinit2.o(.ARM.Collect$$libinit$$00000013)
    __rt_lib_init_lc_monetary_1              0x08000219   Thumb Code     0  libinit2.o(.ARM.Collect$$libinit$$00000015)
    __rt_lib_init_lc_numeric_2               0x08000219   Thumb Code     0  libinit2.o(.ARM.Collect$$libinit$$00000016)
    __rt_lib_init_alloca_1                   0x08000223   Thumb Code     0  libinit2.o(.ARM.Collect$$libinit$$0000002E)
    __rt_lib_init_argv_1                     0x08000223   Thumb Code     0  libinit2.o(.ARM.Collect$$libinit$$0000002C)
    __rt_lib_init_atexit_1                   0x08000223   Thumb Code     0  libinit2.o(.ARM.Collect$$libinit$$0000001B)
    __rt_lib_init_clock_1                    0x08000223   Thumb Code     0  libinit2.o(.ARM.Collect$$libinit$$00000021)
    __rt_lib_init_cpp_1                      0x08000223   Thumb Code     0  libinit2.o(.ARM.Collect$$libinit$$00000032)
    __rt_lib_init_exceptions_1               0x08000223   Thumb Code     0  libinit2.o(.ARM.Collect$$libinit$$00000030)
    __rt_lib_init_fp_trap_1                  0x08000223   Thumb Code     0  libinit2.o(.ARM.Collect$$libinit$$0000001F)
    __rt_lib_init_getenv_1                   0x08000223   Thumb Code     0  libinit2.o(.ARM.Collect$$libinit$$00000023)
    __rt_lib_init_lc_numeric_1               0x08000223   Thumb Code     0  libinit2.o(.ARM.Collect$$libinit$$00000017)
    __rt_lib_init_lc_time_1                  0x08000223   Thumb Code     0  libinit2.o(.ARM.Collect$$libinit$$00000019)
    __rt_lib_init_return                     0x08000223   Thumb Code     0  libinit2.o(.ARM.Collect$$libinit$$00000033)
    __rt_lib_init_signal_1                   0x08000223   Thumb Code     0  libinit2.o(.ARM.Collect$$libinit$$0000001D)
    __rt_lib_init_stdio_1                    0x08000223   Thumb Code     0  libinit2.o(.ARM.Collect$$libinit$$00000025)
    __rt_lib_shutdown                        0x08000225   Thumb Code     0  libshutdown.o(.ARM.Collect$$libshutdown$$00000000)
    __rt_lib_shutdown_cpp_1                  0x08000227   Thumb Code     0  libshutdown2.o(.ARM.Collect$$libshutdown$$00000002)
    __rt_lib_shutdown_fp_trap_1              0x08000227   Thumb Code     0  libshutdown2.o(.ARM.Collect$$libshutdown$$00000007)
    __rt_lib_shutdown_heap_1                 0x08000227   Thumb Code     0  libshutdown2.o(.ARM.Collect$$libshutdown$$0000000F)
    __rt_lib_shutdown_return                 0x08000227   Thumb Code     0  libshutdown2.o(.ARM.Collect$$libshutdown$$00000010)
    __rt_lib_shutdown_signal_1               0x08000227   Thumb Code     0  libshutdown2.o(.ARM.Collect$$libshutdown$$0000000A)
    __rt_lib_shutdown_stdio_1                0x08000227   Thumb Code     0  libshutdown2.o(.ARM.Collect$$libshutdown$$00000004)
    __rt_lib_shutdown_user_alloc_1           0x08000227   Thumb Code     0  libshutdown2.o(.ARM.Collect$$libshutdown$$0000000C)
    __rt_entry                               0x08000229   Thumb Code     0  __rtentry.o(.ARM.Collect$$rtentry$$00000000)
    __rt_entry_presh_1                       0x08000229   Thumb Code     0  __rtentry2.o(.ARM.Collect$$rtentry$$00000002)
    __rt_entry_sh                            0x08000229   Thumb Code     0  __rtentry4.o(.ARM.Collect$$rtentry$$00000004)
    __rt_entry_li                            0x0800022f   Thumb Code     0  __rtentry2.o(.ARM.Collect$$rtentry$$0000000A)
    __rt_entry_postsh_1                      0x0800022f   Thumb Code     0  __rtentry2.o(.ARM.Collect$$rtentry$$00000009)
    __rt_entry_main                          0x08000233   Thumb Code     0  __rtentry2.o(.ARM.Collect$$rtentry$$0000000D)
    __rt_entry_postli_1                      0x08000233   Thumb Code     0  __rtentry2.o(.ARM.Collect$$rtentry$$0000000C)
    __rt_exit                                0x0800023b   Thumb Code     0  rtexit.o(.ARM.Collect$$rtexit$$00000000)
    __rt_exit_ls                             0x0800023d   Thumb Code     0  rtexit2.o(.ARM.Collect$$rtexit$$00000003)
    __rt_exit_prels_1                        0x0800023d   Thumb Code     0  rtexit2.o(.ARM.Collect$$rtexit$$00000002)
    __rt_exit_exit                           0x08000241   Thumb Code     0  rtexit2.o(.ARM.Collect$$rtexit$$00000004)
    Reset_Handler                            0x08000249   Thumb Code     8  startup_stm32f40_41xxx.o(.text)
    ADC_IRQHandler                           0x08000263   Thumb Code     0  startup_stm32f40_41xxx.o(.text)
    CAN1_RX1_IRQHandler                      0x08000263   Thumb Code     0  startup_stm32f40_41xxx.o(.text)
    CAN1_SCE_IRQHandler                      0x08000263   Thumb Code     0  startup_stm32f40_41xxx.o(.text)
    CAN1_TX_IRQHandler                       0x08000263   Thumb Code     0  startup_stm32f40_41xxx.o(.text)
    CAN2_RX0_IRQHandler                      0x08000263   Thumb Code     0  startup_stm32f40_41xxx.o(.text)
    CAN2_RX1_IRQHandler                      0x08000263   Thumb Code     0  startup_stm32f40_41xxx.o(.text)
    CAN2_SCE_IRQHandler                      0x08000263   Thumb Code     0  startup_stm32f40_41xxx.o(.text)
    CAN2_TX_IRQHandler                       0x08000263   Thumb Code     0  startup_stm32f40_41xxx.o(.text)
    CRYP_IRQHandler                          0x08000263   Thumb Code     0  startup_stm32f40_41xxx.o(.text)
    DCMI_IRQHandler                          0x08000263   Thumb Code     0  startup_stm32f40_41xxx.o(.text)
    DMA1_Stream0_IRQHandler                  0x08000263   Thumb Code     0  startup_stm32f40_41xxx.o(.text)
    DMA1_Stream1_IRQHandler                  0x08000263   Thumb Code     0  startup_stm32f40_41xxx.o(.text)
    DMA1_Stream2_IRQHandler                  0x08000263   Thumb Code     0  startup_stm32f40_41xxx.o(.text)
    DMA1_Stream3_IRQHandler                  0x08000263   Thumb Code     0  startup_stm32f40_41xxx.o(.text)
    DMA1_Stream4_IRQHandler                  0x08000263   Thumb Code     0  startup_stm32f40_41xxx.o(.text)
    DMA1_Stream5_IRQHandler                  0x08000263   Thumb Code     0  startup_stm32f40_41xxx.o(.text)
    DMA1_Stream6_IRQHandler                  0x08000263   Thumb Code     0  startup_stm32f40_41xxx.o(.text)
    DMA1_Stream7_IRQHandler                  0x08000263   Thumb Code     0  startup_stm32f40_41xxx.o(.text)
    DMA2_Stream0_IRQHandler                  0x08000263   Thumb Code     0  startup_stm32f40_41xxx.o(.text)
    DMA2_Stream1_IRQHandler                  0x08000263   Thumb Code     0  startup_stm32f40_41xxx.o(.text)
    DMA2_Stream2_IRQHandler                  0x08000263   Thumb Code     0  startup_stm32f40_41xxx.o(.text)
    DMA2_Stream3_IRQHandler                  0x08000263   Thumb Code     0  startup_stm32f40_41xxx.o(.text)
    DMA2_Stream4_IRQHandler                  0x08000263   Thumb Code     0  startup_stm32f40_41xxx.o(.text)
    DMA2_Stream5_IRQHandler                  0x08000263   Thumb Code     0  startup_stm32f40_41xxx.o(.text)
    DMA2_Stream6_IRQHandler                  0x08000263   Thumb Code     0  startup_stm32f40_41xxx.o(.text)
    DMA2_Stream7_IRQHandler                  0x08000263   Thumb Code     0  startup_stm32f40_41xxx.o(.text)
    ETH_IRQHandler                           0x08000263   Thumb Code     0  startup_stm32f40_41xxx.o(.text)
    ETH_WKUP_IRQHandler                      0x08000263   Thumb Code     0  startup_stm32f40_41xxx.o(.text)
    EXTI0_IRQHandler                         0x08000263   Thumb Code     0  startup_stm32f40_41xxx.o(.text)
    EXTI15_10_IRQHandler                     0x08000263   Thumb Code     0  startup_stm32f40_41xxx.o(.text)
    EXTI1_IRQHandler                         0x08000263   Thumb Code     0  startup_stm32f40_41xxx.o(.text)
    EXTI2_IRQHandler                         0x08000263   Thumb Code     0  startup_stm32f40_41xxx.o(.text)
    EXTI3_IRQHandler                         0x08000263   Thumb Code     0  startup_stm32f40_41xxx.o(.text)
    EXTI4_IRQHandler                         0x08000263   Thumb Code     0  startup_stm32f40_41xxx.o(.text)
    EXTI9_5_IRQHandler                       0x08000263   Thumb Code     0  startup_stm32f40_41xxx.o(.text)
    FLASH_IRQHandler                         0x08000263   Thumb Code     0  startup_stm32f40_41xxx.o(.text)
    FPU_IRQHandler                           0x08000263   Thumb Code     0  startup_stm32f40_41xxx.o(.text)
    FSMC_IRQHandler                          0x08000263   Thumb Code     0  startup_stm32f40_41xxx.o(.text)
    HASH_RNG_IRQHandler                      0x08000263   Thumb Code     0  startup_stm32f40_41xxx.o(.text)
    I2C1_ER_IRQHandler                       0x08000263   Thumb Code     0  startup_stm32f40_41xxx.o(.text)
    I2C1_EV_IRQHandler                       0x08000263   Thumb Code     0  startup_stm32f40_41xxx.o(.text)
    I2C2_ER_IRQHandler                       0x08000263   Thumb Code     0  startup_stm32f40_41xxx.o(.text)
    I2C2_EV_IRQHandler                       0x08000263   Thumb Code     0  startup_stm32f40_41xxx.o(.text)
    I2C3_ER_IRQHandler                       0x08000263   Thumb Code     0  startup_stm32f40_41xxx.o(.text)
    I2C3_EV_IRQHandler                       0x08000263   Thumb Code     0  startup_stm32f40_41xxx.o(.text)
    OTG_FS_IRQHandler                        0x08000263   Thumb Code     0  startup_stm32f40_41xxx.o(.text)
    OTG_FS_WKUP_IRQHandler                   0x08000263   Thumb Code     0  startup_stm32f40_41xxx.o(.text)
    OTG_HS_EP1_IN_IRQHandler                 0x08000263   Thumb Code     0  startup_stm32f40_41xxx.o(.text)
    OTG_HS_EP1_OUT_IRQHandler                0x08000263   Thumb Code     0  startup_stm32f40_41xxx.o(.text)
    OTG_HS_IRQHandler                        0x08000263   Thumb Code     0  startup_stm32f40_41xxx.o(.text)
    OTG_HS_WKUP_IRQHandler                   0x08000263   Thumb Code     0  startup_stm32f40_41xxx.o(.text)
    PVD_IRQHandler                           0x08000263   Thumb Code     0  startup_stm32f40_41xxx.o(.text)
    RCC_IRQHandler                           0x08000263   Thumb Code     0  startup_stm32f40_41xxx.o(.text)
    RTC_Alarm_IRQHandler                     0x08000263   Thumb Code     0  startup_stm32f40_41xxx.o(.text)
    RTC_WKUP_IRQHandler                      0x08000263   Thumb Code     0  startup_stm32f40_41xxx.o(.text)
    SDIO_IRQHandler                          0x08000263   Thumb Code     0  startup_stm32f40_41xxx.o(.text)
    SPI1_IRQHandler                          0x08000263   Thumb Code     0  startup_stm32f40_41xxx.o(.text)
    SPI2_IRQHandler                          0x08000263   Thumb Code     0  startup_stm32f40_41xxx.o(.text)
    SPI3_IRQHandler                          0x08000263   Thumb Code     0  startup_stm32f40_41xxx.o(.text)
    TAMP_STAMP_IRQHandler                    0x08000263   Thumb Code     0  startup_stm32f40_41xxx.o(.text)
    TIM1_BRK_TIM9_IRQHandler                 0x08000263   Thumb Code     0  startup_stm32f40_41xxx.o(.text)
    TIM1_CC_IRQHandler                       0x08000263   Thumb Code     0  startup_stm32f40_41xxx.o(.text)
    TIM1_TRG_COM_TIM11_IRQHandler            0x08000263   Thumb Code     0  startup_stm32f40_41xxx.o(.text)
    TIM1_UP_TIM10_IRQHandler                 0x08000263   Thumb Code     0  startup_stm32f40_41xxx.o(.text)
    TIM2_IRQHandler                          0x08000263   Thumb Code     0  startup_stm32f40_41xxx.o(.text)
    TIM3_IRQHandler                          0x08000263   Thumb Code     0  startup_stm32f40_41xxx.o(.text)
    TIM4_IRQHandler                          0x08000263   Thumb Code     0  startup_stm32f40_41xxx.o(.text)
    TIM5_IRQHandler                          0x08000263   Thumb Code     0  startup_stm32f40_41xxx.o(.text)
    TIM6_DAC_IRQHandler                      0x08000263   Thumb Code     0  startup_stm32f40_41xxx.o(.text)
    TIM7_IRQHandler                          0x08000263   Thumb Code     0  startup_stm32f40_41xxx.o(.text)
    TIM8_BRK_TIM12_IRQHandler                0x08000263   Thumb Code     0  startup_stm32f40_41xxx.o(.text)
    TIM8_CC_IRQHandler                       0x08000263   Thumb Code     0  startup_stm32f40_41xxx.o(.text)
    TIM8_TRG_COM_TIM14_IRQHandler            0x08000263   Thumb Code     0  startup_stm32f40_41xxx.o(.text)
    TIM8_UP_TIM13_IRQHandler                 0x08000263   Thumb Code     0  startup_stm32f40_41xxx.o(.text)
    UART4_IRQHandler                         0x08000263   Thumb Code     0  startup_stm32f40_41xxx.o(.text)
    USART1_IRQHandler                        0x08000263   Thumb Code     0  startup_stm32f40_41xxx.o(.text)
    USART2_IRQHandler                        0x08000263   Thumb Code     0  startup_stm32f40_41xxx.o(.text)
    USART6_IRQHandler                        0x08000263   Thumb Code     0  startup_stm32f40_41xxx.o(.text)
    WWDG_IRQHandler                          0x08000263   Thumb Code     0  startup_stm32f40_41xxx.o(.text)
    __user_initial_stackheap                 0x08000265   Thumb Code     0  startup_stm32f40_41xxx.o(.text)
    __use_no_semihosting                     0x08000289   Thumb Code     2  use_no_semi_2.o(.text)
    __2printf                                0x0800028d   Thumb Code    20  noretval__2printf.o(.text)
    _printf_pre_padding                      0x080002a5   Thumb Code    44  _printf_pad.o(.text)
    _printf_post_padding                     0x080002d1   Thumb Code    34  _printf_pad.o(.text)
    _printf_str                              0x080002f3   Thumb Code    82  _printf_str.o(.text)
    __printf                                 0x08000345   Thumb Code   270  __printf_wp.o(.text)
    __use_two_region_memory                  0x08000453   Thumb Code     2  heapauxi.o(.text)
    __rt_heap_escrow$2region                 0x08000455   Thumb Code     2  heapauxi.o(.text)
    __rt_heap_expand$2region                 0x08000457   Thumb Code     2  heapauxi.o(.text)
    __I$use$semihosting                      0x08000459   Thumb Code     0  use_no_semi.o(.text)
    __use_no_semihosting_swi                 0x08000459   Thumb Code     2  use_no_semi.o(.text)
    __lib_sel_fp_printf                      0x0800045b   Thumb Code     2  _printf_fp_dec.o(.text)
    _printf_fp_dec_real                      0x0800060d   Thumb Code   620  _printf_fp_dec.o(.text)
    _printf_cs_common                        0x08000879   Thumb Code    20  _printf_char.o(.text)
    _printf_char                             0x0800088d   Thumb Code    16  _printf_char.o(.text)
    _printf_string                           0x0800089d   Thumb Code     8  _printf_char.o(.text)
    _printf_char_file                        0x080008a5   Thumb Code    32  _printf_char_file.o(.text)
    __rt_locale                              0x080008c9   Thumb Code     8  rt_locale_intlibspace.o(.text)
    _ll_udiv10                               0x080008d1   Thumb Code   138  lludiv10.o(.text)
    _printf_char_common                      0x08000967   Thumb Code    32  _printf_char_common.o(.text)
    _printf_fp_infnan                        0x0800098d   Thumb Code   112  _printf_fp_infnan.o(.text)
    _btod_etento                             0x08000a0d   Thumb Code   224  bigflt0.o(.text)
    ferror                                   0x08000af1   Thumb Code     8  ferror.o(.text)
    __user_libspace                          0x08000af9   Thumb Code     8  libspace.o(.text)
    __user_perproc_libspace                  0x08000af9   Thumb Code     0  libspace.o(.text)
    __user_perthread_libspace                0x08000af9   Thumb Code     0  libspace.o(.text)
    __user_setup_stackheap                   0x08000b01   Thumb Code    74  sys_stackheap_outer.o(.text)
    exit                                     0x08000b4b   Thumb Code    18  exit.o(.text)
    strcmp                                   0x08000b5d   Thumb Code   128  strcmpv7m.o(.text)
    _btod_d2e                                0x08000bdd   Thumb Code    62  btod.o(CL$$btod_d2e)
    _d2e_denorm_low                          0x08000c1b   Thumb Code    70  btod.o(CL$$btod_d2e_denorm_low)
    _d2e_norm_op1                            0x08000c61   Thumb Code    96  btod.o(CL$$btod_d2e_norm_op1)
    __btod_div_common                        0x08000cc1   Thumb Code   696  btod.o(CL$$btod_div_common)
    _e2e                                     0x08000ff9   Thumb Code   220  btod.o(CL$$btod_e2e)
    _btod_ediv                               0x080010d5   Thumb Code    42  btod.o(CL$$btod_ediv)
    _btod_emul                               0x080010ff   Thumb Code    42  btod.o(CL$$btod_emul)
    __btod_mult_common                       0x08001129   Thumb Code   580  btod.o(CL$$btod_mult_common)
    BusFault_Handler                         0x0800136d   Thumb Code     4  stm32f4xx_it.o(i.BusFault_Handler)
    CAN1_RX0_IRQHandler                      0x08001371   Thumb Code   300  motor.o(i.CAN1_RX0_IRQHandler)
    CAN_ClearFlag                            0x080014e5   Thumb Code    52  stm32f4xx_can.o(i.CAN_ClearFlag)
    CAN_ClearITPendingBit                    0x0800151d   Thumb Code   162  stm32f4xx_can.o(i.CAN_ClearITPendingBit)
    CAN_DeInit                               0x080015c5   Thumb Code    50  stm32f4xx_can.o(i.CAN_DeInit)
    CAN_FilterInit                           0x080015fd   Thumb Code   258  stm32f4xx_can.o(i.CAN_FilterInit)
    CAN_ITConfig                             0x08001705   Thumb Code    18  stm32f4xx_can.o(i.CAN_ITConfig)
    CAN_Init                                 0x08001717   Thumb Code   276  stm32f4xx_can.o(i.CAN_Init)
    CAN_Receive                              0x0800182b   Thumb Code   240  stm32f4xx_can.o(i.CAN_Receive)
    CAN_StructInit                           0x0800191b   Thumb Code    32  stm32f4xx_can.o(i.CAN_StructInit)
    CAN_Transmit                             0x0800193b   Thumb Code   294  stm32f4xx_can.o(i.CAN_Transmit)
    DebugMon_Handler                         0x08001a61   Thumb Code     2  stm32f4xx_it.o(i.DebugMon_Handler)
    GPIO_Init                                0x08001a63   Thumb Code   144  stm32f4xx_gpio.o(i.GPIO_Init)
    GPIO_PinAFConfig                         0x08001af3   Thumb Code    70  stm32f4xx_gpio.o(i.GPIO_PinAFConfig)
    GPIO_SetBits                             0x08001b39   Thumb Code     4  stm32f4xx_gpio.o(i.GPIO_SetBits)
    HardFault_Handler                        0x08001b3d   Thumb Code     4  stm32f4xx_it.o(i.HardFault_Handler)
    M2006_Init                               0x08001b41   Thumb Code   222  motor.o(i.M2006_Init)
    M2006_Thr                                0x08001c29   Thumb Code   468  motor.o(i.M2006_Thr)
    MemManage_Handler                        0x08001e0d   Thumb Code     4  stm32f4xx_it.o(i.MemManage_Handler)
    NMI_Handler                              0x08001e11   Thumb Code     2  stm32f4xx_it.o(i.NMI_Handler)
    NVIC_Init                                0x08001e15   Thumb Code   106  misc.o(i.NVIC_Init)
    NVIC_PriorityGroupConfig                 0x08001e8d   Thumb Code    10  misc.o(i.NVIC_PriorityGroupConfig)
    PendSV_Handler                           0x08001ea1   Thumb Code     2  stm32f4xx_it.o(i.PendSV_Handler)
    PinMap_Init                              0x08001ea5   Thumb Code    90  pinmap.o(i.PinMap_Init)
    RCC_AHB1PeriphClockCmd                   0x08001f05   Thumb Code    26  stm32f4xx_rcc.o(i.RCC_AHB1PeriphClockCmd)
    RCC_APB1PeriphClockCmd                   0x08001f25   Thumb Code    26  stm32f4xx_rcc.o(i.RCC_APB1PeriphClockCmd)
    RCC_APB1PeriphResetCmd                   0x08001f45   Thumb Code    26  stm32f4xx_rcc.o(i.RCC_APB1PeriphResetCmd)
    RCC_GetClocksFreq                        0x08001f65   Thumb Code   214  stm32f4xx_rcc.o(i.RCC_GetClocksFreq)
    SVC_Handler                              0x0800204d   Thumb Code     2  stm32f4xx_it.o(i.SVC_Handler)
    SysTick_CLKSourceConfig                  0x0800213d   Thumb Code    40  misc.o(i.SysTick_CLKSourceConfig)
    SysTick_Handler                          0x08002165   Thumb Code     2  stm32f4xx_it.o(i.SysTick_Handler)
    SystemInit                               0x08002169   Thumb Code    88  system_stm32f4xx.o(i.SystemInit)
    UART5_IRQHandler                         0x080021d1   Thumb Code   496  usart.o(i.UART5_IRQHandler)
    UART5_Init                               0x080023c9   Thumb Code   160  usart.o(i.UART5_Init)
    USART3_IRQHandler                        0x08002475   Thumb Code    32  usart.o(i.USART3_IRQHandler)
    USART3_Init                              0x0800249d   Thumb Code   164  usart.o(i.USART3_Init)
    USART_ClearITPendingBit                  0x08002549   Thumb Code    30  stm32f4xx_usart.o(i.USART_ClearITPendingBit)
    USART_Cmd                                0x08002567   Thumb Code    24  stm32f4xx_usart.o(i.USART_Cmd)
    USART_GetITStatus                        0x0800257f   Thumb Code    84  stm32f4xx_usart.o(i.USART_GetITStatus)
    USART_ITConfig                           0x080025d3   Thumb Code    74  stm32f4xx_usart.o(i.USART_ITConfig)
    USART_Init                               0x0800261d   Thumb Code   204  stm32f4xx_usart.o(i.USART_Init)
    USART_ReceiveData                        0x080026f1   Thumb Code    10  stm32f4xx_usart.o(i.USART_ReceiveData)
    UsageFault_Handler                       0x080026fb   Thumb Code     4  stm32f4xx_it.o(i.UsageFault_Handler)
    __ARM_fpclassify                         0x080026ff   Thumb Code    48  fpclassify.o(i.__ARM_fpclassify)
    _is_digit                                0x0800272f   Thumb Code    14  __printf_wp.o(i._is_digit)
    _sys_exit                                0x0800273d   Thumb Code     4  usart.o(i._sys_exit)
    delay_init                               0x08002741   Thumb Code    52  delay.o(i.delay_init)
    delay_ms                                 0x0800277d   Thumb Code    56  delay.o(i.delay_ms)
    delay_xms                                0x080027b5   Thumb Code    72  delay.o(i.delay_xms)
    fputc                                    0x08002801   Thumb Code    24  usart.o(i.fputc)
    get_sbus                                 0x0800281d   Thumb Code    62  usart.o(i.get_sbus)
    main                                     0x08002861   Thumb Code   690  main.o(i.main)
    _get_lc_numeric                          0x08002b3d   Thumb Code    44  lc_numeric_c.o(locale$$code)
    __aeabi_d2f                              0x08002b69   Thumb Code     0  d2f.o(x$fpl$d2f)
    _d2f                                     0x08002b69   Thumb Code    98  d2f.o(x$fpl$d2f)
    __aeabi_dadd                             0x08002bcd   Thumb Code     0  daddsub_clz.o(x$fpl$dadd)
    _dadd                                    0x08002bcd   Thumb Code   332  daddsub_clz.o(x$fpl$dadd)
    __aeabi_i2d                              0x08002d1d   Thumb Code     0  dflt_clz.o(x$fpl$dflt)
    _dflt                                    0x08002d1d   Thumb Code    46  dflt_clz.o(x$fpl$dflt)
    __aeabi_dmul                             0x08002d4d   Thumb Code     0  dmul.o(x$fpl$dmul)
    _dmul                                    0x08002d4d   Thumb Code   332  dmul.o(x$fpl$dmul)
    __fpl_dnaninf                            0x08002ea1   Thumb Code   156  dnaninf.o(x$fpl$dnaninf)
    __fpl_dretinf                            0x08002f3d   Thumb Code    12  dretinf.o(x$fpl$dretinf)
    __aeabi_dsub                             0x08002f49   Thumb Code     0  daddsub_clz.o(x$fpl$dsub)
    _dsub                                    0x08002f49   Thumb Code   464  daddsub_clz.o(x$fpl$dsub)
    __aeabi_f2d                              0x0800311d   Thumb Code     0  f2d.o(x$fpl$f2d)
    _f2d                                     0x0800311d   Thumb Code    86  f2d.o(x$fpl$f2d)
    __fpl_fnaninf                            0x08003173   Thumb Code   140  fnaninf.o(x$fpl$fnaninf)
    _fp_init                                 0x080031ff   Thumb Code    10  fpinit.o(x$fpl$fpinit)
    __fplib_config_fpu_vfp                   0x08003207   Thumb Code     0  fpinit.o(x$fpl$fpinit)
    __fplib_config_pureend_doubles           0x08003207   Thumb Code     0  fpinit.o(x$fpl$fpinit)
    __fpl_fretinf                            0x08003209   Thumb Code    10  fretinf.o(x$fpl$fretinf)
    _printf_fp_dec                           0x08003213   Thumb Code     4  printf1.o(x$fpl$printf1)
    __I$use$fp                               0x08003216   Number         0  usenofp.o(x$fpl$usenofp)
    Region$$Table$$Base                      0x080032ac   Number         0  anon$$obj.o(Region$$Table)
    Region$$Table$$Limit                     0x080032cc   Number         0  anon$$obj.o(Region$$Table)
    __stdout                                 0x2000000c   Data           4  usart.o(.data)
    cnt                                      0x20000010   Data           1  usart.o(.data)
    CLAW                                     0x20000024   Data          52  motor.o(.bss)
    USART_RX_BUF                             0x2000006c   Data         200  usart.o(.bss)
    RX                                       0x20000134   Data          62  usart.o(.bss)
    buff                                     0x20000172   Data          62  usart.o(.bss)
    __libspace_start                         0x200001b0   Data          96  libspace.o(.bss)
    __temporary_stack_top$libspace           0x20000210   Data           0  libspace.o(.bss)



==============================================================================

Memory Map of the image

  Image Entry point : 0x08000189

  Load Region LR_IROM1 (Base: 0x08000000, Size: 0x0000330c, Max: 0x00100000, ABSOLUTE)

    Execution Region ER_IROM1 (Exec base: 0x08000000, Load base: 0x08000000, Size: 0x000032e8, Max: 0x00100000, ABSOLUTE)

    Exec Addr    Load Addr    Size         Type   Attr      Idx    E Section Name        Object

    0x08000000   0x08000000   0x00000188   Data   RO          546    RESET               startup_stm32f40_41xxx.o
    0x08000188   0x08000188   0x00000008   Code   RO         2631  * !!!main             c_w.l(__main.o)
    0x08000190   0x08000190   0x00000034   Code   RO         2873    !!!scatter          c_w.l(__scatter.o)
    0x080001c4   0x080001c4   0x0000001a   Code   RO         2875    !!handler_copy      c_w.l(__scatter_copy.o)
    0x080001de   0x080001de   0x00000002   PAD
    0x080001e0   0x080001e0   0x0000001c   Code   RO         2877    !!handler_zi        c_w.l(__scatter_zi.o)
    0x080001fc   0x080001fc   0x00000000   Code   RO         2628    .ARM.Collect$$_printf_percent$$00000000  c_w.l(_printf_percent.o)
    0x080001fc   0x080001fc   0x00000006   Code   RO         2627    .ARM.Collect$$_printf_percent$$00000003  c_w.l(_printf_f.o)
    0x08000202   0x08000202   0x00000006   Code   RO         2626    .ARM.Collect$$_printf_percent$$00000013  c_w.l(_printf_c.o)
    0x08000208   0x08000208   0x00000004   Code   RO         2662    .ARM.Collect$$_printf_percent$$00000017  c_w.l(_printf_percent_end.o)
    0x0800020c   0x0800020c   0x00000002   Code   RO         2750    .ARM.Collect$$libinit$$00000000  c_w.l(libinit.o)
    0x0800020e   0x0800020e   0x00000004   Code   RO         2751    .ARM.Collect$$libinit$$00000001  c_w.l(libinit2.o)
    0x08000212   0x08000212   0x00000000   Code   RO         2754    .ARM.Collect$$libinit$$00000004  c_w.l(libinit2.o)
    0x08000212   0x08000212   0x00000000   Code   RO         2757    .ARM.Collect$$libinit$$0000000A  c_w.l(libinit2.o)
    0x08000212   0x08000212   0x00000000   Code   RO         2759    .ARM.Collect$$libinit$$0000000C  c_w.l(libinit2.o)
    0x08000212   0x08000212   0x00000000   Code   RO         2761    .ARM.Collect$$libinit$$0000000E  c_w.l(libinit2.o)
    0x08000212   0x08000212   0x00000006   Code   RO         2762    .ARM.Collect$$libinit$$0000000F  c_w.l(libinit2.o)
    0x08000218   0x08000218   0x00000000   Code   RO         2764    .ARM.Collect$$libinit$$00000011  c_w.l(libinit2.o)
    0x08000218   0x08000218   0x00000000   Code   RO         2766    .ARM.Collect$$libinit$$00000013  c_w.l(libinit2.o)
    0x08000218   0x08000218   0x00000000   Code   RO         2768    .ARM.Collect$$libinit$$00000015  c_w.l(libinit2.o)
    0x08000218   0x08000218   0x0000000a   Code   RO         2769    .ARM.Collect$$libinit$$00000016  c_w.l(libinit2.o)
    0x08000222   0x08000222   0x00000000   Code   RO         2770    .ARM.Collect$$libinit$$00000017  c_w.l(libinit2.o)
    0x08000222   0x08000222   0x00000000   Code   RO         2772    .ARM.Collect$$libinit$$00000019  c_w.l(libinit2.o)
    0x08000222   0x08000222   0x00000000   Code   RO         2774    .ARM.Collect$$libinit$$0000001B  c_w.l(libinit2.o)
    0x08000222   0x08000222   0x00000000   Code   RO         2776    .ARM.Collect$$libinit$$0000001D  c_w.l(libinit2.o)
    0x08000222   0x08000222   0x00000000   Code   RO         2778    .ARM.Collect$$libinit$$0000001F  c_w.l(libinit2.o)
    0x08000222   0x08000222   0x00000000   Code   RO         2780    .ARM.Collect$$libinit$$00000021  c_w.l(libinit2.o)
    0x08000222   0x08000222   0x00000000   Code   RO         2782    .ARM.Collect$$libinit$$00000023  c_w.l(libinit2.o)
    0x08000222   0x08000222   0x00000000   Code   RO         2784    .ARM.Collect$$libinit$$00000025  c_w.l(libinit2.o)
    0x08000222   0x08000222   0x00000000   Code   RO         2788    .ARM.Collect$$libinit$$0000002C  c_w.l(libinit2.o)
    0x08000222   0x08000222   0x00000000   Code   RO         2790    .ARM.Collect$$libinit$$0000002E  c_w.l(libinit2.o)
    0x08000222   0x08000222   0x00000000   Code   RO         2792    .ARM.Collect$$libinit$$00000030  c_w.l(libinit2.o)
    0x08000222   0x08000222   0x00000000   Code   RO         2794    .ARM.Collect$$libinit$$00000032  c_w.l(libinit2.o)
    0x08000222   0x08000222   0x00000002   Code   RO         2795    .ARM.Collect$$libinit$$00000033  c_w.l(libinit2.o)
    0x08000224   0x08000224   0x00000002   Code   RO         2823    .ARM.Collect$$libshutdown$$00000000  c_w.l(libshutdown.o)
    0x08000226   0x08000226   0x00000000   Code   RO         2832    .ARM.Collect$$libshutdown$$00000002  c_w.l(libshutdown2.o)
    0x08000226   0x08000226   0x00000000   Code   RO         2834    .ARM.Collect$$libshutdown$$00000004  c_w.l(libshutdown2.o)
    0x08000226   0x08000226   0x00000000   Code   RO         2837    .ARM.Collect$$libshutdown$$00000007  c_w.l(libshutdown2.o)
    0x08000226   0x08000226   0x00000000   Code   RO         2840    .ARM.Collect$$libshutdown$$0000000A  c_w.l(libshutdown2.o)
    0x08000226   0x08000226   0x00000000   Code   RO         2842    .ARM.Collect$$libshutdown$$0000000C  c_w.l(libshutdown2.o)
    0x08000226   0x08000226   0x00000000   Code   RO         2845    .ARM.Collect$$libshutdown$$0000000F  c_w.l(libshutdown2.o)
    0x08000226   0x08000226   0x00000002   Code   RO         2846    .ARM.Collect$$libshutdown$$00000010  c_w.l(libshutdown2.o)
    0x08000228   0x08000228   0x00000000   Code   RO         2655    .ARM.Collect$$rtentry$$00000000  c_w.l(__rtentry.o)
    0x08000228   0x08000228   0x00000000   Code   RO         2673    .ARM.Collect$$rtentry$$00000002  c_w.l(__rtentry2.o)
    0x08000228   0x08000228   0x00000006   Code   RO         2685    .ARM.Collect$$rtentry$$00000004  c_w.l(__rtentry4.o)
    0x0800022e   0x0800022e   0x00000000   Code   RO         2675    .ARM.Collect$$rtentry$$00000009  c_w.l(__rtentry2.o)
    0x0800022e   0x0800022e   0x00000004   Code   RO         2676    .ARM.Collect$$rtentry$$0000000A  c_w.l(__rtentry2.o)
    0x08000232   0x08000232   0x00000000   Code   RO         2678    .ARM.Collect$$rtentry$$0000000C  c_w.l(__rtentry2.o)
    0x08000232   0x08000232   0x00000008   Code   RO         2679    .ARM.Collect$$rtentry$$0000000D  c_w.l(__rtentry2.o)
    0x0800023a   0x0800023a   0x00000002   Code   RO         2796    .ARM.Collect$$rtexit$$00000000  c_w.l(rtexit.o)
    0x0800023c   0x0800023c   0x00000000   Code   RO         2803    .ARM.Collect$$rtexit$$00000002  c_w.l(rtexit2.o)
    0x0800023c   0x0800023c   0x00000004   Code   RO         2804    .ARM.Collect$$rtexit$$00000003  c_w.l(rtexit2.o)
    0x08000240   0x08000240   0x00000006   Code   RO         2805    .ARM.Collect$$rtexit$$00000004  c_w.l(rtexit2.o)
    0x08000246   0x08000246   0x00000002   PAD
    0x08000248   0x08000248   0x00000040   Code   RO          547    .text               startup_stm32f40_41xxx.o
    0x08000288   0x08000288   0x00000002   Code   RO         2594    .text               c_w.l(use_no_semi_2.o)
    0x0800028a   0x0800028a   0x00000002   PAD
    0x0800028c   0x0800028c   0x00000018   Code   RO         2598    .text               c_w.l(noretval__2printf.o)
    0x080002a4   0x080002a4   0x0000004e   Code   RO         2602    .text               c_w.l(_printf_pad.o)
    0x080002f2   0x080002f2   0x00000052   Code   RO         2604    .text               c_w.l(_printf_str.o)
    0x08000344   0x08000344   0x0000010e   Code   RO         2614    .text               c_w.l(__printf_wp.o)
    0x08000452   0x08000452   0x00000006   Code   RO         2629    .text               c_w.l(heapauxi.o)
    0x08000458   0x08000458   0x00000002   Code   RO         2653    .text               c_w.l(use_no_semi.o)
    0x0800045a   0x0800045a   0x0000041e   Code   RO         2656    .text               c_w.l(_printf_fp_dec.o)
    0x08000878   0x08000878   0x0000002c   Code   RO         2658    .text               c_w.l(_printf_char.o)
    0x080008a4   0x080008a4   0x00000024   Code   RO         2660    .text               c_w.l(_printf_char_file.o)
    0x080008c8   0x080008c8   0x00000008   Code   RO         2690    .text               c_w.l(rt_locale_intlibspace.o)
    0x080008d0   0x080008d0   0x0000008a   Code   RO         2692    .text               c_w.l(lludiv10.o)
    0x0800095a   0x0800095a   0x00000002   PAD
    0x0800095c   0x0800095c   0x00000030   Code   RO         2694    .text               c_w.l(_printf_char_common.o)
    0x0800098c   0x0800098c   0x00000080   Code   RO         2696    .text               c_w.l(_printf_fp_infnan.o)
    0x08000a0c   0x08000a0c   0x000000e4   Code   RO         2698    .text               c_w.l(bigflt0.o)
    0x08000af0   0x08000af0   0x00000008   Code   RO         2723    .text               c_w.l(ferror.o)
    0x08000af8   0x08000af8   0x00000008   Code   RO         2734    .text               c_w.l(libspace.o)
    0x08000b00   0x08000b00   0x0000004a   Code   RO         2737    .text               c_w.l(sys_stackheap_outer.o)
    0x08000b4a   0x08000b4a   0x00000012   Code   RO         2741    .text               c_w.l(exit.o)
    0x08000b5c   0x08000b5c   0x00000080   Code   RO         2743    .text               c_w.l(strcmpv7m.o)
    0x08000bdc   0x08000bdc   0x0000003e   Code   RO         2701    CL$$btod_d2e        c_w.l(btod.o)
    0x08000c1a   0x08000c1a   0x00000046   Code   RO         2703    CL$$btod_d2e_denorm_low  c_w.l(btod.o)
    0x08000c60   0x08000c60   0x00000060   Code   RO         2702    CL$$btod_d2e_norm_op1  c_w.l(btod.o)
    0x08000cc0   0x08000cc0   0x00000338   Code   RO         2711    CL$$btod_div_common  c_w.l(btod.o)
    0x08000ff8   0x08000ff8   0x000000dc   Code   RO         2708    CL$$btod_e2e        c_w.l(btod.o)
    0x080010d4   0x080010d4   0x0000002a   Code   RO         2705    CL$$btod_ediv       c_w.l(btod.o)
    0x080010fe   0x080010fe   0x0000002a   Code   RO         2704    CL$$btod_emul       c_w.l(btod.o)
    0x08001128   0x08001128   0x00000244   Code   RO         2710    CL$$btod_mult_common  c_w.l(btod.o)
    0x0800136c   0x0800136c   0x00000004   Code   RO          154    i.BusFault_Handler  stm32f4xx_it.o
    0x08001370   0x08001370   0x00000174   Code   RO          364    i.CAN1_RX0_IRQHandler  motor.o
    0x080014e4   0x080014e4   0x00000038   Code   RO         1516    i.CAN_ClearFlag     stm32f4xx_can.o
    0x0800151c   0x0800151c   0x000000a8   Code   RO         1517    i.CAN_ClearITPendingBit  stm32f4xx_can.o
    0x080015c4   0x080015c4   0x00000038   Code   RO         1519    i.CAN_DeInit        stm32f4xx_can.o
    0x080015fc   0x080015fc   0x00000108   Code   RO         1521    i.CAN_FilterInit    stm32f4xx_can.o
    0x08001704   0x08001704   0x00000012   Code   RO         1527    i.CAN_ITConfig      stm32f4xx_can.o
    0x08001716   0x08001716   0x00000114   Code   RO         1528    i.CAN_Init          stm32f4xx_can.o
    0x0800182a   0x0800182a   0x000000f0   Code   RO         1531    i.CAN_Receive       stm32f4xx_can.o
    0x0800191a   0x0800191a   0x00000020   Code   RO         1534    i.CAN_StructInit    stm32f4xx_can.o
    0x0800193a   0x0800193a   0x00000126   Code   RO         1536    i.CAN_Transmit      stm32f4xx_can.o
    0x08001a60   0x08001a60   0x00000002   Code   RO          155    i.DebugMon_Handler  stm32f4xx_it.o
    0x08001a62   0x08001a62   0x00000090   Code   RO          598    i.GPIO_Init         stm32f4xx_gpio.o
    0x08001af2   0x08001af2   0x00000046   Code   RO          599    i.GPIO_PinAFConfig  stm32f4xx_gpio.o
    0x08001b38   0x08001b38   0x00000004   Code   RO          606    i.GPIO_SetBits      stm32f4xx_gpio.o
    0x08001b3c   0x08001b3c   0x00000004   Code   RO          156    i.HardFault_Handler  stm32f4xx_it.o
    0x08001b40   0x08001b40   0x000000e8   Code   RO          365    i.M2006_Init        motor.o
    0x08001c28   0x08001c28   0x000001e4   Code   RO          366    i.M2006_Thr         motor.o
    0x08001e0c   0x08001e0c   0x00000004   Code   RO          157    i.MemManage_Handler  stm32f4xx_it.o
    0x08001e10   0x08001e10   0x00000002   Code   RO          158    i.NMI_Handler       stm32f4xx_it.o
    0x08001e12   0x08001e12   0x00000002   PAD
    0x08001e14   0x08001e14   0x00000078   Code   RO          553    i.NVIC_Init         misc.o
    0x08001e8c   0x08001e8c   0x00000014   Code   RO          554    i.NVIC_PriorityGroupConfig  misc.o
    0x08001ea0   0x08001ea0   0x00000002   Code   RO          159    i.PendSV_Handler    stm32f4xx_it.o
    0x08001ea2   0x08001ea2   0x00000002   PAD
    0x08001ea4   0x08001ea4   0x00000060   Code   RO          400    i.PinMap_Init       pinmap.o
    0x08001f04   0x08001f04   0x00000020   Code   RO          695    i.RCC_AHB1PeriphClockCmd  stm32f4xx_rcc.o
    0x08001f24   0x08001f24   0x00000020   Code   RO          704    i.RCC_APB1PeriphClockCmd  stm32f4xx_rcc.o
    0x08001f44   0x08001f44   0x00000020   Code   RO          706    i.RCC_APB1PeriphResetCmd  stm32f4xx_rcc.o
    0x08001f64   0x08001f64   0x000000e8   Code   RO          716    i.RCC_GetClocksFreq  stm32f4xx_rcc.o
    0x0800204c   0x0800204c   0x00000002   Code   RO          160    i.SVC_Handler       stm32f4xx_it.o
    0x0800204e   0x0800204e   0x00000002   PAD
    0x08002050   0x08002050   0x000000ec   Code   RO          251    i.SetSysClock       system_stm32f4xx.o
    0x0800213c   0x0800213c   0x00000028   Code   RO          557    i.SysTick_CLKSourceConfig  misc.o
    0x08002164   0x08002164   0x00000002   Code   RO          161    i.SysTick_Handler   stm32f4xx_it.o
    0x08002166   0x08002166   0x00000002   PAD
    0x08002168   0x08002168   0x00000068   Code   RO          253    i.SystemInit        system_stm32f4xx.o
    0x080021d0   0x080021d0   0x000001f8   Code   RO          478    i.UART5_IRQHandler  usart.o
    0x080023c8   0x080023c8   0x000000ac   Code   RO          479    i.UART5_Init        usart.o
    0x08002474   0x08002474   0x00000028   Code   RO          480    i.USART3_IRQHandler  usart.o
    0x0800249c   0x0800249c   0x000000ac   Code   RO          481    i.USART3_Init       usart.o
    0x08002548   0x08002548   0x0000001e   Code   RO         1086    i.USART_ClearITPendingBit  stm32f4xx_usart.o
    0x08002566   0x08002566   0x00000018   Code   RO         1089    i.USART_Cmd         stm32f4xx_usart.o
    0x0800257e   0x0800257e   0x00000054   Code   RO         1093    i.USART_GetITStatus  stm32f4xx_usart.o
    0x080025d2   0x080025d2   0x0000004a   Code   RO         1095    i.USART_ITConfig    stm32f4xx_usart.o
    0x0800261c   0x0800261c   0x000000d4   Code   RO         1096    i.USART_Init        stm32f4xx_usart.o
    0x080026f0   0x080026f0   0x0000000a   Code   RO         1103    i.USART_ReceiveData  stm32f4xx_usart.o
    0x080026fa   0x080026fa   0x00000004   Code   RO          162    i.UsageFault_Handler  stm32f4xx_it.o
    0x080026fe   0x080026fe   0x00000030   Code   RO         2732    i.__ARM_fpclassify  m_wm.l(fpclassify.o)
    0x0800272e   0x0800272e   0x0000000e   Code   RO         2616    i._is_digit         c_w.l(__printf_wp.o)
    0x0800273c   0x0800273c   0x00000004   Code   RO          482    i._sys_exit         usart.o
    0x08002740   0x08002740   0x0000003c   Code   RO          420    i.delay_init        delay.o
    0x0800277c   0x0800277c   0x00000038   Code   RO          421    i.delay_ms          delay.o
    0x080027b4   0x080027b4   0x0000004c   Code   RO          423    i.delay_xms         delay.o
    0x08002800   0x08002800   0x0000001c   Code   RO          483    i.fputc             usart.o
    0x0800281c   0x0800281c   0x00000044   Code   RO          484    i.get_sbus          usart.o
    0x08002860   0x08002860   0x000002dc   Code   RO            3    i.main              main.o
    0x08002b3c   0x08002b3c   0x0000002c   Code   RO         2728    locale$$code        c_w.l(lc_numeric_c.o)
    0x08002b68   0x08002b68   0x00000062   Code   RO         2633    x$fpl$d2f           fz_wm.l(d2f.o)
    0x08002bca   0x08002bca   0x00000002   PAD
    0x08002bcc   0x08002bcc   0x00000150   Code   RO         2635    x$fpl$dadd          fz_wm.l(daddsub_clz.o)
    0x08002d1c   0x08002d1c   0x0000002e   Code   RO         2642    x$fpl$dflt          fz_wm.l(dflt_clz.o)
    0x08002d4a   0x08002d4a   0x00000002   PAD
    0x08002d4c   0x08002d4c   0x00000154   Code   RO         2647    x$fpl$dmul          fz_wm.l(dmul.o)
    0x08002ea0   0x08002ea0   0x0000009c   Code   RO         2663    x$fpl$dnaninf       fz_wm.l(dnaninf.o)
    0x08002f3c   0x08002f3c   0x0000000c   Code   RO         2665    x$fpl$dretinf       fz_wm.l(dretinf.o)
    0x08002f48   0x08002f48   0x000001d4   Code   RO         2637    x$fpl$dsub          fz_wm.l(daddsub_clz.o)
    0x0800311c   0x0800311c   0x00000056   Code   RO         2649    x$fpl$f2d           fz_wm.l(f2d.o)
    0x08003172   0x08003172   0x0000008c   Code   RO         2667    x$fpl$fnaninf       fz_wm.l(fnaninf.o)
    0x080031fe   0x080031fe   0x0000000a   Code   RO         2800    x$fpl$fpinit        fz_wm.l(fpinit.o)
    0x08003208   0x08003208   0x0000000a   Code   RO         2669    x$fpl$fretinf       fz_wm.l(fretinf.o)
    0x08003212   0x08003212   0x00000004   Code   RO         2651    x$fpl$printf1       fz_wm.l(printf1.o)
    0x08003216   0x08003216   0x00000000   Code   RO         2671    x$fpl$usenofp       fz_wm.l(usenofp.o)
    0x08003216   0x08003216   0x00000002   PAD
    0x08003218   0x08003218   0x00000094   Data   RO         2699    .constdata          c_w.l(bigflt0.o)
    0x080032ac   0x080032ac   0x00000020   Data   RO         2871    Region$$Table       anon$$obj.o
    0x080032cc   0x080032cc   0x0000001c   Data   RO         2727    locale$$data        c_w.l(lc_numeric_c.o)


    Execution Region RW_IRAM1 (Exec base: 0x20000000, Load base: 0x080032e8, Size: 0x00000810, Max: 0x00020000, ABSOLUTE)

    Exec Addr    Load Addr    Size         Type   Attr      Idx    E Section Name        Object

    0x20000000   0x080032e8   0x00000002   Data   RW            5    .data               main.o
    0x20000002   0x080032ea   0x00000004   Data   RW          368    .data               motor.o
    0x20000006   0x080032ee   0x00000004   Data   RW          424    .data               delay.o
    0x2000000a   0x080032f2   0x00000002   PAD
    0x2000000c   0x080032f4   0x00000005   Data   RW          486    .data               usart.o
    0x20000011   0x080032f9   0x00000010   Data   RW          748    .data               stm32f4xx_rcc.o
    0x20000021   0x08003309   0x00000003   PAD
    0x20000024        -       0x00000048   Zero   RW          367    .bss                motor.o
    0x2000006c        -       0x00000144   Zero   RW          485    .bss                usart.o
    0x200001b0        -       0x00000060   Zero   RW         2735    .bss                c_w.l(libspace.o)
    0x20000210        -       0x00000200   Zero   RW          545    HEAP                startup_stm32f40_41xxx.o
    0x20000410        -       0x00000400   Zero   RW          544    STACK               startup_stm32f40_41xxx.o


==============================================================================

Image component sizes


      Code (inc. data)   RO Data    RW Data    ZI Data      Debug   Object Name

       192         12          0          4          0       1820   delay.o
       732         42          0          2          0     270859   main.o
       180         24          0          0          0       1929   misc.o
      1088         98          0          4         72       2530   motor.o
        96          6          0          0          0        510   pinmap.o
        64         26        392          0       1536        808   startup_stm32f40_41xxx.o
      1404         22          0          0          0       6470   stm32f4xx_can.o
       218          0          0          0          0       2170   stm32f4xx_gpio.o
        26          0          0          0          0       3738   stm32f4xx_it.o
       328         36          0         16          0       4395   stm32f4xx_rcc.o
       434          8          0          0          0       4664   stm32f4xx_usart.o
       340         32          0          0          0       1365   system_stm32f4xx.o
       988         46          0          5        324       5956   usart.o

    ----------------------------------------------------------------------
      6098        352        424         36       1932     307214   Object Totals
         0          0         32          0          0          0   (incl. Generated)
         8          0          0          5          0          0   (incl. Padding)

    ----------------------------------------------------------------------

      Code (inc. data)   RO Data    RW Data    ZI Data      Debug   Library Member Name

         8          0          0          0          0         68   __main.o
       284          0          0          0          0        156   __printf_wp.o
         0          0          0          0          0          0   __rtentry.o
        12          0          0          0          0          0   __rtentry2.o
         6          0          0          0          0          0   __rtentry4.o
        52          8          0          0          0          0   __scatter.o
        26          0          0          0          0          0   __scatter_copy.o
        28          0          0          0          0          0   __scatter_zi.o
         6          0          0          0          0          0   _printf_c.o
        44          0          0          0          0        108   _printf_char.o
        48          6          0          0          0         96   _printf_char_common.o
        36          4          0          0          0         80   _printf_char_file.o
         6          0          0          0          0          0   _printf_f.o
      1054          0          0          0          0        216   _printf_fp_dec.o
       128         16          0          0          0         84   _printf_fp_infnan.o
        78          0          0          0          0        108   _printf_pad.o
         0          0          0          0          0          0   _printf_percent.o
         4          0          0          0          0          0   _printf_percent_end.o
        82          0          0          0          0         80   _printf_str.o
       228          4        148          0          0         96   bigflt0.o
      1936        128          0          0          0        672   btod.o
        18          0          0          0          0         80   exit.o
         8          0          0          0          0         68   ferror.o
         6          0          0          0          0        152   heapauxi.o
        44         10         28          0          0         76   lc_numeric_c.o
         2          0          0          0          0          0   libinit.o
        22          0          0          0          0          0   libinit2.o
         2          0          0          0          0          0   libshutdown.o
         2          0          0          0          0          0   libshutdown2.o
         8          4          0          0         96         68   libspace.o
       138          0          0          0          0         80   lludiv10.o
        24          4          0          0          0         84   noretval__2printf.o
         8          4          0          0          0         68   rt_locale_intlibspace.o
         2          0          0          0          0          0   rtexit.o
        10          0          0          0          0          0   rtexit2.o
       128          0          0          0          0         68   strcmpv7m.o
        74          0          0          0          0         80   sys_stackheap_outer.o
         2          0          0          0          0         68   use_no_semi.o
         2          0          0          0          0         68   use_no_semi_2.o
        98          4          0          0          0        140   d2f.o
       804         16          0          0          0        368   daddsub_clz.o
        46          0          0          0          0        116   dflt_clz.o
       340         12          0          0          0        152   dmul.o
       156          4          0          0          0        140   dnaninf.o
        12          0          0          0          0        116   dretinf.o
        86          4          0          0          0        132   f2d.o
       140          4          0          0          0        132   fnaninf.o
        10          0          0          0          0        116   fpinit.o
        10          0          0          0          0        116   fretinf.o
         4          0          0          0          0        116   printf1.o
         0          0          0          0          0          0   usenofp.o
        48          0          0          0          0        124   fpclassify.o

    ----------------------------------------------------------------------
      6334        232        176          0         96       4492   Library Totals
        14          0          0          0          0          0   (incl. Padding)

    ----------------------------------------------------------------------

      Code (inc. data)   RO Data    RW Data    ZI Data      Debug   Library Name

      4566        188        176          0         96       2724   c_w.l
      1706         44          0          0          0       1644   fz_wm.l
        48          0          0          0          0        124   m_wm.l

    ----------------------------------------------------------------------
      6334        232        176          0         96       4492   Library Totals

    ----------------------------------------------------------------------

==============================================================================


      Code (inc. data)   RO Data    RW Data    ZI Data      Debug   

     12432        584        600         36       2028     304550   Grand Totals
     12432        584        600         36       2028     304550   ELF Image Totals
     12432        584        600         36          0          0   ROM Totals

==============================================================================

    Total RO  Size (Code + RO Data)                13032 (  12.73kB)
    Total RW  Size (RW Data + ZI Data)              2064 (   2.02kB)
    Total ROM Size (Code + RO Data + RW Data)      13068 (  12.76kB)

==============================================================================

