<html>
<body>
<pre>
<h1>µVision Build Log</h1>
<h2>Tool Versions:</h2>
IDE-Version: ¦ÌVision V5.29.0.0
Copyright (C) 2019 ARM Ltd and ARM Germany GmbH. All rights reserved.
License Information: Raiiwhen Lee, TJGo, LIC=S5IHL-0CKWP-ZC2JY-IH5AE-B1KVC-Y4PJQ
 
Tool Versions:
Toolchain:       MDK-ARM Professional  Version: 5.29.0.0
Toolchain Path:  C:\Keil_v5\ARM\ARMCC\Bin
C Compiler:      Armcc.exe V5.06 update 6 (build 750)
Assembler:       Armasm.exe V5.06 update 6 (build 750)
Linker/Locator:  ArmLink.exe V5.06 update 6 (build 750)
Library Manager: ArmAr.exe V5.06 update 6 (build 750)
Hex Converter:   FromElf.exe V5.06 update 6 (build 750)
CPU DLL:         SARMCM3.DLL V5.29.0.0
Dialog DLL:      DCM.DLL V1.17.3.0
Target DLL:      Segger\JL2CM3.dll V2.99.36.0
Dialog DLL:      TCM.DLL V1.36.5.0
 
<h2>Project:</h2>
D:\DemoCat\ref\USER\TJCat_RunMotor.uvprojx
Project File Date:  02/24/2020

<h2>Output:</h2>
*** Using Compiler 'V5.06 update 6 (build 750)', folder: 'C:\Keil_v5\ARM\ARMCC\Bin'
Build target 'RunningCat'
compiling main.c...
..\SYSTEM\usart\usart.h(14): warning:  #1295-D: Deprecated declaration UART5_Init - give arg types
  void UART5_Init();
main.c(44): warning:  #1035-D: single-precision operand implicitly converted to double-precision
                        M2006_Thr(((float)get_sbus(2)/700-1) + ((float)get_sbus(1)/700-1)*0.3,
main.c(45): warning:  #1035-D: single-precision operand implicitly converted to double-precision
                                                                ((float)get_sbus(2)/700-1) + ((float)get_sbus(1)/700-1)*0.3,
main.c(46): warning:  #1035-D: single-precision operand implicitly converted to double-precision
                                                                -((float)get_sbus(2)/700-1) + ((float)get_sbus(1)/700-1)*0.3,
main.c(47): warning:  #1035-D: single-precision operand implicitly converted to double-precision
                                                                -((float)get_sbus(2)/700-1) + ((float)get_sbus(1)/700-1)*0.3);
main.c(26): warning:  #177-D: variable "t"  was declared but never referenced
        u8 t;
main.c(27): warning:  #177-D: variable "len"  was declared but never referenced
        u8 len; 
main.c: 7 warnings, 0 errors
compiling stm32f4xx_it.c...
compiling system_stm32f4xx.c...
compiling led.c...
compiling beep.c...
compiling key.c...
compiling motor.c...
..\HARDWARE\motor.c(61): warning:  #177-D: variable "i"  was declared but never referenced
        int i=0;
..\HARDWARE\motor.c: 1 warning, 0 errors
compiling PinMap.c...
compiling delay.c...
compiling sys.c...
compiling usart.c...
..\SYSTEM\usart\usart.h(14): warning:  #1295-D: Deprecated declaration UART5_Init - give arg types
  void UART5_Init();
..\SYSTEM\usart\usart.c(191): warning:  #940-D: missing return statement at end of non-void function "get_sbus" 
  }
..\SYSTEM\usart\usart.c: 2 warnings, 0 errors
assembling startup_stm32f40_41xxx.s...
compiling misc.c...
compiling stm32f4xx_gpio.c...
compiling stm32f4xx_rcc.c...
compiling stm32f4xx_syscfg.c...
compiling stm32f4xx_usart.c...
compiling stm32f4xx_adc.c...
compiling stm32f4xx_can.c...
compiling stm32f4xx_dma.c...
compiling stm32f4xx_exti.c...
compiling stm32f4xx_spi.c...
compiling stm32f4xx_tim.c...
linking...
Program Size: Code=12432 RO-data=600 RW-data=36 ZI-data=2028  
FromELF: creating hex file...
"..\OBJ\TJCat_RunningCat.axf" - 0 Error(s), 10 Warning(s).

<h2>Software Packages used:</h2>

Package Vendor: Keil
                http://www.keil.com/pack/Keil.STM32F4xx_DFP.2.14.0.pack
                Keil.STM32F4xx_DFP.2.14.0
                STMicroelectronics STM32F4 Series Device Support, Drivers and Examples

<h2>Collection of Component include folders:</h2>
  .\RTE\_RunningCat
  C:\Users\lizechun\AppData\Local\Arm\Packs\Keil\STM32F4xx_DFP\2.14.0\Drivers\CMSIS\Device\ST\STM32F4xx\Include

<h2>Collection of Component Files used:</h2>
Build Time Elapsed:  00:00:19
</pre>
</body>
</html>
